<html>
<body>
<pre>
<h1>µVision Build Log</h1>
<h2>Project:</h2>
D:\FreeRTOSV7.1.0\Demo\ARM7_LPC2129_Keil_RVDS\RTOSDemo.uvproj
Project File Date:  04/20/2012

<h2>Output:</h2>
Build target 'RTOSDemo_THUMB'
assembling Startup.s...
compiling ParTest.c...
compiling main.c...
main.c(206): warning:  #177-D: function "vErrorChecks" was declared but never referenced
compiling serial.c...
assembling serialISR.s...
compiling 4bitlcd.c...
compiling tasks.c...
compiling list.c...
compiling queue.c...
compiling port.c...
compiling heap_2.c...
assembling portASM.s...
compiling flash.c...
compiling comtest.c...
compiling BlockQ.c...
compiling dynamic.c...
compiling PollQ.c...
compiling semtest.c...
linking...
Program Size: Code=11184 RO-data=32 RW-data=260 ZI-data=15196  
FromELF: creating hex file...
".\bin\RTOSDemo.axf" - 0 Error(s), 1 Warning(s).
