ARM Linker, 4.1 [Build 713] [Professional]

==============================================================================

Section Cross References

    startup.o(STACK) refers (Special) to heapauxi.o(.text) for __use_two_region_memory
    startup.o(HEAP) refers (Special) to heapauxi.o(.text) for __use_two_region_memory
    startup.o(RESET) refers (Special) to heapauxi.o(.text) for __use_two_region_memory
    startup.o(RESET) refers to portasm.o(PORT_ASM) for vPortYieldProcessor
    startup.o(RESET) refers to startup.o(STACK) for Stack_Top
    startup.o(RESET) refers to __main.o(!!!main) for __main
    startup.o(.text) refers (Special) to heapauxi.o(.text) for __use_two_region_memory
    startup.o(.text) refers to startup.o(HEAP) for Heap_Mem
    startup.o(.text) refers to startup.o(STACK) for Stack_Mem
    tasks.o(.text) refers to list.o(.text) for vListInitialise
    tasks.o(.text) refers to strncpy.o(.text) for strncpy
    tasks.o(.text) refers to heap_2.o(.text) for pvPortMalloc
    tasks.o(.text) refers to aeabi_memset.o(.text) for __aeabi_memset
    tasks.o(.text) refers to port.o(.text) for pxPortInitialiseStack
    tasks.o(.text) refers to portasm.o(PORT_ASM) for vPortYield
    tasks.o(.text) refers to tasks.o(.bss) for pxReadyTasksLists
    tasks.o(.text) refers to tasks.o(.data) for pxDelayedTaskList
    queue.o(.text) refers to heap_2.o(.text) for pvPortMalloc
    queue.o(.text) refers to list.o(.text) for vListInitialise
    queue.o(.text) refers to port.o(.text) for vPortEnterCritical
    queue.o(.text) refers to tasks.o(.text) for xTaskRemoveFromEventList
    queue.o(.text) refers to rt_memcpy.o(.text) for __aeabi_memcpy
    queue.o(.text) refers to portasm.o(PORT_ASM) for vPortYield
    port.o(.text) refers to portasm.o(PORT_ASM) for vPortStartFirstTask
    port.o(.text) refers to port.o(.data) for ulCriticalNesting
    heap_2.o(.text) refers to tasks.o(.text) for vTaskSuspendAll
    heap_2.o(.text) refers to heap_2.o(.data) for xHeapHasBeenInitialised
    heap_2.o(.text) refers to heap_2.o(.bss) for xHeap
    portasm.o(PORT_ASM) refers to tasks.o(.data) for pxCurrentTCB
    portasm.o(PORT_ASM) refers to port.o(.data) for ulCriticalNesting
    portasm.o(PORT_ASM) refers to tasks.o(.text) for vTaskSwitchContext
    blockq.o(.text) refers to queue.o(.text) for xQueueGenericReceive
    blockq.o(.text) refers to heap_2.o(.text) for pvPortMalloc
    blockq.o(.text) refers to tasks.o(.text) for xTaskGenericCreate
    blockq.o(.text) refers to blockq.o(.data) for sBlockingConsumerCount
    dynamic.o(.text) refers to tasks.o(.text) for vTaskSuspendAll
    dynamic.o(.text) refers to queue.o(.text) for xQueueGenericReceive
    dynamic.o(.text) refers to port.o(.text) for vPortEnterCritical
    dynamic.o(.text) refers to dynamic.o(.data) for ulReceivedValue
    pollq.o(.text) refers to queue.o(.text) for xQueueGenericSend
    pollq.o(.text) refers to port.o(.text) for vPortEnterCritical
    pollq.o(.text) refers to tasks.o(.text) for vTaskDelay
    pollq.o(.text) refers to pollq.o(.data) for xPollingProducerCount
    semtest.o(.text) refers to port.o(.text) for vPortEnterCritical
    semtest.o(.text) refers to queue.o(.text) for xQueueGenericReceive
    semtest.o(.text) refers to tasks.o(.text) for vTaskDelay
    semtest.o(.text) refers to portasm.o(PORT_ASM) for vPortYield
    semtest.o(.text) refers to heap_2.o(.text) for pvPortMalloc
    semtest.o(.text) refers to semtest.o(.data) for sNextCheckVariable
    main.o(.text) refers to lcdcmd.o(.text) for delay
    main.o(.text) refers to fflt_noclz.o(x$fpl$ffltu) for __aeabi_ui2f
    main.o(.text) refers to fdiv.o(x$fpl$fdiv) for __aeabi_fdiv
    main.o(.text) refers to f2d.o(x$fpl$f2d) for __aeabi_f2d
    main.o(.text) refers to dmul.o(x$fpl$dmul) for __aeabi_dmul
    main.o(.text) refers to aeabi_sdiv.o(.text_udiv) for __aeabi_uidivmod
    main.o(.text) refers to dflt_noclz.o(x$fpl$dfltu) for __aeabi_ui2d
    main.o(.text) refers to d2f.o(x$fpl$d2f) for __aeabi_d2f
    main.o(.text) refers to cos.o(i.cos) for cos
    main.o(.text) refers to ddiv.o(x$fpl$ddiv) for __aeabi_ddiv
    main.o(.text) refers to sin.o(i.sin) for sin
    main.o(.text) refers to daddsub_noclz.o(x$fpl$dadd) for __aeabi_dadd
    main.o(.text) refers to daddsub_noclz.o(x$fpl$dsub) for __aeabi_dsub
    main.o(.text) refers to sqrt.o(i.sqrt) for sqrt
    main.o(.text) refers to atan2.o(i.atan2) for atan2
    main.o(.text) refers to frleqf.o(x$fpl$frleqf) for __aeabi_cfrcmple
    main.o(.text) refers to fleqf.o(x$fpl$fleqf) for __aeabi_cfcmple
    main.o(.text) refers to ftos.o(.text) for ftos
    main.o(.text) refers to drleqf.o(x$fpl$drleqf) for __aeabi_cdrcmple
    main.o(.text) refers to main.o(.data) for R1
    main.o(.text) refers to main.o(.bss) for lati_data
    main.o(.text) refers to tasks.o(.text) for vTaskResume
    main.o(.text) refers to stof.o(.text) for stof_lati
    main.o(.text) refers to atof.o(i.atof) for atof
[...]
    !!dczerorl2                              0x00000144   Section       92  __dczerorl2.o(!!dczerorl2)
    _decompress_loop                         0x0000014f   Thumb Code     0  __dczerorl2.o(!!dczerorl2)
    _decompress_zerolen                      0x0000015d   Thumb Code     0  __dczerorl2.o(!!dczerorl2)
    _decompress_litn                         0x00000165   Thumb Code     0  __dczerorl2.o(!!dczerorl2)
    _decompress_lit                          0x00000169   Thumb Code     0  __dczerorl2.o(!!dczerorl2)
    _decompress_copyorzero                   0x00000175   Thumb Code     0  __dczerorl2.o(!!dczerorl2)
    _decompress_zero                         0x0000017d   Thumb Code     0  __dczerorl2.o(!!dczerorl2)
    _decompress_copyn                        0x00000187   Thumb Code     0  __dczerorl2.o(!!dczerorl2)
    _decompress_copy                         0x0000018f   Thumb Code     0  __dczerorl2.o(!!dczerorl2)
    _decompress_end                          0x0000019b   Thumb Code     0  __dczerorl2.o(!!dczerorl2)
    !!handler_zi                             0x000001a0   Section       44  __scatter_zi.o(!!handler_zi)
    .ARM.Collect$$libinit$$00000000          0x000001d4   Section        6  libinit.o(.ARM.Collect$$libinit$$00000000)
    .ARM.Collect$$libinit$$00000006          0x000001da   Section        0  libinit2.o(.ARM.Collect$$libinit$$00000006)
    .ARM.Collect$$libinit$$00000008          0x000001da   Section        0  libinit2.o(.ARM.Collect$$libinit$$00000008)
    .ARM.Collect$$libinit$$0000000A          0x000001da   Section        0  libinit2.o(.ARM.Collect$$libinit$$0000000A)
    .ARM.Collect$$libinit$$0000000B          0x000001da   Section        6  libinit2.o(.ARM.Collect$$libinit$$0000000B)
    .ARM.Collect$$libinit$$0000000D          0x000001e0   Section        0  libinit2.o(.ARM.Collect$$libinit$$0000000D)
    .ARM.Collect$$libinit$$0000000E          0x000001e0   Section       12  libinit2.o(.ARM.Collect$$libinit$$0000000E)
    .ARM.Collect$$libinit$$0000000F          0x000001ec   Section        0  libinit2.o(.ARM.Collect$$libinit$$0000000F)
    .ARM.Collect$$libinit$$00000011          0x000001ec   Section        0  libinit2.o(.ARM.Collect$$libinit$$00000011)
    .ARM.Collect$$libinit$$00000012          0x000001ec   Section       10  libinit2.o(.ARM.Collect$$libinit$$00000012)
    .ARM.Collect$$libinit$$00000013          0x000001f6   Section        0  libinit2.o(.ARM.Collect$$libinit$$00000013)
    .ARM.Collect$$libinit$$00000015          0x000001f6   Section        0  libinit2.o(.ARM.Collect$$libinit$$00000015)
    .ARM.Collect$$libinit$$00000017          0x000001f6   Section        0  libinit2.o(.ARM.Collect$$libinit$$00000017)
    .ARM.Collect$$libinit$$00000019          0x000001f6   Section        0  libinit2.o(.ARM.Collect$$libinit$$00000019)
    .ARM.Collect$$libinit$$0000001B          0x000001f6   Section        0  libinit2.o(.ARM.Collect$$libinit$$0000001B)
    .ARM.Collect$$libinit$$0000001D          0x000001f6   Section        0  libinit2.o(.ARM.Collect$$libinit$$0000001D)
    .ARM.Collect$$libinit$$0000001F          0x000001f6   Section        0  libinit2.o(.ARM.Collect$$libinit$$0000001F)
    .ARM.Collect$$libinit$$00000021          0x000001f6   Section        0  libinit2.o(.ARM.Collect$$libinit$$00000021)
    .ARM.Collect$$libinit$$00000028          0x000001f6   Section        0  libinit2.o(.ARM.Collect$$libinit$$00000028)
    .ARM.Collect$$libinit$$0000002A          0x000001f6   Section        0  libinit2.o(.ARM.Collect$$libinit$$0000002A)
    .ARM.Collect$$libinit$$0000002C          0x000001f6   Section        0  libinit2.o(.ARM.Collect$$libinit$$0000002C)
    .ARM.Collect$$libinit$$0000002E          0x000001f6   Section        0  libinit2.o(.ARM.Collect$$libinit$$0000002E)
    .ARM.Collect$$libinit$$0000002F          0x000001f6   Section       12  libinit2.o(.ARM.Collect$$libinit$$0000002F)
    .ARM.Collect$$libshutdown$$00000000      0x0000020c   Section        4  libshutdown.o(.ARM.Collect$$libshutdown$$00000000)
    .ARM.Collect$$libshutdown$$00000003      0x00000210   Section        0  libshutdown2.o(.ARM.Collect$$libshutdown$$00000003)
    .ARM.Collect$$libshutdown$$00000006      0x00000210   Section        0  libshutdown2.o(.ARM.Collect$$libshutdown$$00000006)
    .ARM.Collect$$libshutdown$$00000009      0x00000210   Section        0  libshutdown2.o(.ARM.Collect$$libshutdown$$00000009)
    .ARM.Collect$$libshutdown$$0000000B      0x00000210   Section        0  libshutdown2.o(.ARM.Collect$$libshutdown$$0000000B)
    .ARM.Collect$$libshutdown$$0000000E      0x00000210   Section        0  libshutdown2.o(.ARM.Collect$$libshutdown$$0000000E)
    .ARM.Collect$$libshutdown$$0000000F      0x00000210   Section        6  libshutdown2.o(.ARM.Collect$$libshutdown$$0000000F)
    .ARM.Collect$$rtentry$$00000000          0x00000218   Section        0  rtentry.o(.ARM.Collect$$rtentry$$00000000)
    .ARM.Collect$$rtentry$$00000002          0x00000218   Section        0  rtentry2.o(.ARM.Collect$$rtentry$$00000002)
    .ARM.Collect$$rtentry$$00000004          0x00000218   Section        8  rtentry4.o(.ARM.Collect$$rtentry$$00000004)
    .ARM.Collect$$rtentry$$00000009          0x00000220   Section        0  rtentry2.o(.ARM.Collect$$rtentry$$00000009)
    .ARM.Collect$$rtentry$$0000000A          0x00000220   Section        4  rtentry2.o(.ARM.Collect$$rtentry$$0000000A)
    .ARM.Collect$$rtentry$$0000000C          0x00000224   Section        0  rtentry2.o(.ARM.Collect$$rtentry$$0000000C)
    .ARM.Collect$$rtentry$$0000000D          0x00000224   Section       40  rtentry2.o(.ARM.Collect$$rtentry$$0000000D)
    .ARM.Collect$$rtexit$$00000000           0x00000250   Section        4  rtexit.o(.ARM.Collect$$rtexit$$00000000)
    .ARM.Collect$$rtexit$$00000002           0x00000254   Section        0  rtexit2.o(.ARM.Collect$$rtexit$$00000002)
    .ARM.Collect$$rtexit$$00000003           0x00000254   Section        4  rtexit2.o(.ARM.Collect$$rtexit$$00000003)
    .ARM.Collect$$rtexit$$00000004           0x00000258   Section        8  rtexit2.o(.ARM.Collect$$rtexit$$00000004)
    .text                                    0x00000260   Section       32  startup.o(.text)
    .text                                    0x00000280   Section        0  tasks.o(.text)
    prvInitialiseTaskLists                   0x00000280   ARM Code     112  tasks.o(.text)
    prvInitialiseTCBVariables                0x000002f0   ARM Code     104  tasks.o(.text)
    prvAllocateTCBAndStack                   0x00000358   ARM Code     116  tasks.o(.text)
    prvAddCurrentTaskToDelayedList           0x0000094c   ARM Code     120  tasks.o(.text)
    prvDeleteTCB                             0x00000f58   ARM Code      32  tasks.o(.text)
    prvCheckTasksWaitingTermination          0x00000f78   ARM Code     156  tasks.o(.text)
    prvIdleTask                              0x00001014   ARM Code      32  tasks.o(.text)
    .text                                    0x00001350   Section        0  list.o(.text)
    .text                                    0x00001464   Section        0  port.o(.text)
    prvSetupTimerInterrupt                   0x00001550   ARM Code       8  port.o(.text)
    .text                                    0x000015f8   Section        0  heap_2.o(.text)
    .text                                    0x000017ec   Section        0  main.o(.text)
    resume                                   0x00002688   ARM Code      80  main.o(.text)
    gps                                      0x000026d8   ARM Code    1008  main.o(.text)
    alcohol                                  0x00002ac8   ARM Code     304  main.o(.text)
    accelerometer                            0x00002bf8   ARM Code      84  main.o(.text)
    prvCheckOtherTasksAreStillRunning        0x00002c4c   ARM Code       8  main.o(.text)
    vErrorChecks                             0x00002c54   ARM Code      36  main.o(.text)
    .text                                    0x00003450   Section        0  stof.o(.text)
    .text                                    0x00003548   Section        0  ftos.o(.text)
    .text                                    0x000036ac   Section        0  lcdcmd.o(.text)
    .text                                    0x0000386c   Section       16  aeabi_memset.o(.text)
    .text                                    0x0000387c   Section      112  strncpy.o(.text)
    .text                                    0x000038f0   Section      384  aeabi_sdiv.o(.text)
    __arm_div8                               0x0000391c   ARM Code       0  aeabi_sdiv.o(.text)
    __arm_div5                               0x00003940   ARM Code       0  aeabi_sdiv.o(.text)
    __arm_div2                               0x00003964   ARM Code       0  aeabi_sdiv.o(.text)
    __arm_div_large                          0x000039a0   ARM Code       0  aeabi_sdiv.o(.text)
    .text                                    0x00003a70   Section        0  heapauxi.o(.text)
    .text                                    0x00003a80   Section        0  _rserrno.o(.text)
    .text                                    0x00003aa4   Section        0  strtod.o(.text)
    _local_sscanf                            0x00003aa5   Thumb Code    60  strtod.o(.text)
    .text                                    0x00003b50   Section       64  rt_memclr.o(.text)
    .text                                    0x00003b94   Section       12  rt_errno_addr_intlibspace.o(.text)
    .text                                    0x00003ba0   Section        0  isspace.o(.text)
    .text                                    0x00003bb6   Section        0  _sgetc.o(.text)
    .text                                    0x00003bfc   Section       84  rt_memclr_w.o(.text)
    .text                                    0x00003c50   Section       12  libspace.o(.text)
    .text                                    0x00003c5c   Section       96  sys_stackheap_outer.o(.text)
    .text                                    0x00003cc0   Section       24  rt_ctype_table.o(.text)
    .text                                    0x00003cd8   Section        0  scanf_fp.o(.text)
    _fp_value                                0x00003cd9   Thumb Code   514  scanf_fp.o(.text)
    .text                                    0x000041b8   Section        0  exit.o(.text)
    .text                                    0x000041c4   Section      160  strcmp.o(.text)
    .text                                    0x00004268   Section       12  rt_locale_intlibspace.o(.text)
    .text                                    0x00004278   Section       28  llmul.o(.text)
    .text                                    0x00004294   Section        0  bigflt0.o(.text)
    .text                                    0x00004374   Section        0  sys_exit.o(.text)
    .text                                    0x00004380   Section       12  rt_fp_status_addr_intlibspace.o(.text)
    .text                                    0x00004394   Section        0  scanf_hexfp.o(.text)
    .text                                    0x000046c8   Section        0  scanf_infnan.o(.text)
    .text                                    0x0000481c   Section        4  use_no_semi.o(.text)
    .text                                    0x00004820   Section        0  indicate_semi.o(.text)
    .text                                    0x00004824   Section       40  llshl.o(.text)
    .text                                    0x0000484c   Section        0  _chval.o(.text)
    .text_udiv                               0x00004870   Section       36  aeabi_sdiv.o(.text_udiv)
    CL$$btod_div_common                      0x00004894   Section      844  btod.o(CL$$btod_div_common)
    CL$$btod_e2d                             0x00004be0   Section      100  btod.o(CL$$btod_e2d)
    CL$$btod_e2e                             0x00004c44   Section      220  btod.o(CL$$btod_e2e)
    CL$$btod_ediv                            0x00004d24   Section       52  btod.o(CL$$btod_ediv)
    CL$$btod_edivd                           0x00004d5c   Section       52  btod.o(CL$$btod_edivd)
    CL$$btod_emul                            0x00004d94   Section       52  btod.o(CL$$btod_emul)
    CL$$btod_emuld                           0x00004dcc   Section       52  btod.o(CL$$btod_emuld)
    CL$$btod_mult_common                     0x00004e00   Section      616  btod.o(CL$$btod_mult_common)
    PORT_ASM                                 0x00005068   Section      388  portasm.o(PORT_ASM)
    i.__ARM_common_call_via_r1               0x0000520c   Section        0  scanf_fp.o(i.__ARM_common_call_via_r1)
    i.__ARM_fpclassify                       0x00005210   Section        0  fpclassify.o(i.__ARM_fpclassify)
    i.__ieee754_rem_pio2                     0x00005240   Section        0  rred.o(i.__ieee754_rem_pio2)
    i.__kernel_cos                           0x00005730   Section        0  cos_i.o(i.__kernel_cos)
    i.__kernel_poly                          0x000058cc   Section        0  poly.o(i.__kernel_poly)
    i.__kernel_sin                           0x000059cc   Section        0  sin_i.o(i.__kernel_sin)
    i.__mathlib_dbl_underflow                0x00005b4c   Section        0  dunder.o(i.__mathlib_dbl_underflow)
    i.__mathlib_narrow                       0x00005b64   Section        0  narrow.o(i.__mathlib_narrow)
    i.__mathlib_tofloat                      0x00005b80   Section        0  narrow.o(i.__mathlib_tofloat)
    i.__support_ldexp                        0x00005c5c   Section        0  ldexp.o(i.__support_ldexp)
    i._is_digit                              0x00005c80   Section        0  scanf_fp.o(i._is_digit)
    i.atan                                   0x00005c90   Section        0  atan.o(i.atan)
    i.atan2                                  0x00005fe8   Section        0  atan2.o(i.atan2)
    i.atof                                   0x00006240   Section        0  atof.o(i.atof)
    i.cos                                    0x00006288   Section        0  cos.o(i.cos)
    i.frexp                                  0x00006384   Section        0  frexp.o(i.frexp)
    i.ldexp                                  0x00006404   Section        0  ldexp.o(i.ldexp)
    i.sin                                    0x000064d8   Section        0  sin.o(i.sin)
    i.sqrt                                   0x000065dc   Section        0  sqrt.o(i.sqrt)
    locale$$code                             0x00006650   Section       80  lc_numeric_c.o(locale$$code)
    locale$$code                             0x000066a4   Section       80  lc_ctype_c.o(locale$$code)
    x$fpl$d2f                                0x000066f4   Section      108  d2f.o(x$fpl$d2f)
    x$fpl$dadd                               0x00006760   Section      340  daddsub_noclz.o(x$fpl$dadd)
    _dadd1                                   0x00006770   ARM Code       0  daddsub_noclz.o(x$fpl$dadd)
    x$fpl$dcheck1                            0x000068b4   Section       16  dcheck1.o(x$fpl$dcheck1)
    x$fpl$dcmpinf                            0x000068c4   Section       28  dcmpi.o(x$fpl$dcmpinf)
    x$fpl$ddiv                               0x000068e0   Section      736  ddiv.o(x$fpl$ddiv)
    ddiv_entry                               0x000068e8   ARM Code       0  ddiv.o(x$fpl$ddiv)
    x$fpl$deqf                               0x00006bc0   Section      148  deqf.o(x$fpl$deqf)
    x$fpl$dfix                               0x00006c54   Section      112  dfix.o(x$fpl$dfix)
    x$fpl$dflt                               0x00006cc4   Section       88  dflt_noclz.o(x$fpl$dflt)
    x$fpl$dfltu                              0x00006d1c   Section       12  dflt_noclz.o(x$fpl$dfltu)
    x$fpl$dleqf                              0x00006d28   Section      148  dleqf.o(x$fpl$dleqf)
    x$fpl$dmul                               0x00006dbc   Section      384  dmul.o(x$fpl$dmul)
    x$fpl$dnaninf                            0x00006f3c   Section      192  dnaninf.o(x$fpl$dnaninf)
    x$fpl$dretinf                            0x00006ffc   Section       16  dretinf.o(x$fpl$dretinf)
    x$fpl$drleqf                             0x0000700c   Section      140  drleqf.o(x$fpl$drleqf)
    x$fpl$drsb                               0x00007098   Section       24  daddsub_noclz.o(x$fpl$drsb)
    x$fpl$dsqrt                              0x000070b0   Section      520  dsqrt_noumaal.o(x$fpl$dsqrt)
    x$fpl$dsub                               0x000072b8   Section      580  daddsub_noclz.o(x$fpl$dsub)
    _dsub1                                   0x000072c8   ARM Code       0  daddsub_noclz.o(x$fpl$dsub)
    x$fpl$f2d                                0x000074fc   Section      100  f2d.o(x$fpl$f2d)
    x$fpl$fadd                               0x00007560   Section      196  faddsub_noclz.o(x$fpl$fadd)
    _fadd1                                   0x0000756c   ARM Code       0  faddsub_noclz.o(x$fpl$fadd)
    x$fpl$fcmpinf                            0x00007624   Section       28  fcmpi.o(x$fpl$fcmpinf)
    x$fpl$fdiv                               0x00007640   Section      400  fdiv.o(x$fpl$fdiv)
    _fdiv1                                   0x00007640   ARM Code       0  fdiv.o(x$fpl$fdiv)
    x$fpl$feqf                               0x000077d0   Section      132  feqf.o(x$fpl$feqf)
    x$fpl$ffix                               0x00007854   Section       68  ffix.o(x$fpl$ffix)
    x$fpl$fflt                               0x00007898   Section       92  fflt_noclz.o(x$fpl$fflt)
    x$fpl$ffltu                              0x000078f4   Section        8  fflt_noclz.o(x$fpl$ffltu)
    x$fpl$fleqf                              0x000078fc   Section      132  fleqf.o(x$fpl$fleqf)
    x$fpl$fmul                               0x00007980   Section      256  fmul.o(x$fpl$fmul)
    x$fpl$fnaninf                            0x00007a80   Section      168  fnaninf.o(x$fpl$fnaninf)
    x$fpl$fpinit                             0x00007b2c   Section       24  fpinit.o(x$fpl$fpinit)
    x$fpl$fretinf                            0x00007b44   Section       16  fretinf.o(x$fpl$fretinf)
    x$fpl$frleqf                             0x00007b54   Section      124  frleqf.o(x$fpl$frleqf)
    x$fpl$frsb                               0x00007bd0   Section       20  faddsub_noclz.o(x$fpl$frsb)
    x$fpl$fsub                               0x00007be4   Section      304  faddsub_noclz.o(x$fpl$fsub)
    _fsub1                                   0x00007bf0   ARM Code       0  faddsub_noclz.o(x$fpl$fsub)
    x$fpl$ieeestatus                         0x00007d18   Section        8  istatus.o(x$fpl$ieeestatus)
    x$fpl$retnan                             0x00007d20   Section      116  retnan.o(x$fpl$retnan)
    x$fpl$scalbn                             0x00007d94   Section      108  scalbn.o(x$fpl$scalbn)
    x$fpl$scanf1                             0x00007e04   Section        4  scanf1.o(x$fpl$scanf1)
    x$fpl$scanf2                             0x00007e0c   Section        8  scanf2.o(x$fpl$scanf2)
    x$fpl$trapveneer                         0x00007e14   Section       60  trapv.o(x$fpl$trapveneer)
    .constdata                               0x00007e50   Section      152  atan.o(.constdata)
    x$fpl$usenofp                            0x00007e50   Section        0  usenofp.o(x$fpl$usenofp)
    atanhi                                   0x00007e50   Data          32  atan.o(.constdata)
    atanlo                                   0x00007e70   Data          32  atan.o(.constdata)
    aTodd                                    0x00007e90   Data          40  atan.o(.constdata)
    aTeven                                   0x00007eb8   Data          48  atan.o(.constdata)
    .constdata                               0x00007ee8   Section       48  cos_i.o(.constdata)
    C                                        0x00007ee8   Data          48  cos_i.o(.constdata)
    .constdata                               0x00007f18   Section        8  qnan.o(.constdata)
    .constdata                               0x00007f20   Section      200  rred.o(.constdata)
    pio2s                                    0x00007f20   Data          48  rred.o(.constdata)
    twooverpi                                0x00007f50   Data         152  rred.o(.constdata)
    .constdata                               0x00007fe8   Section       40  sin_i.o(.constdata)
    S                                        0x00007fe8   Data          40  sin_i.o(.constdata)
    .constdata                               0x00008010   Section      148  bigflt0.o(.constdata)
    tenpwrs_x                                0x00008010   Data          60  bigflt0.o(.constdata)
    tenpwrs_i                                0x0000804c   Data          64  bigflt0.o(.constdata)
    c$$dinf                                  0x000080c4   Section        8  fpconst.o(c$$dinf)
    locale$$data                             0x000080cc   Section       28  lc_numeric_c.o(locale$$data)
    __lcnum_c_name                           0x000080d0   Data           2  lc_numeric_c.o(locale$$data)
    __lcnum_c_start                          0x000080d8   Data           0  lc_numeric_c.o(locale$$data)
    __lcnum_c_point                          0x000080e4   Data           0  lc_numeric_c.o(locale$$data)
    __lcnum_c_thousands                      0x000080e6   Data           0  lc_numeric_c.o(locale$$data)
    __lcnum_c_grouping                       0x000080e7   Data           0  lc_numeric_c.o(locale$$data)
    locale$$data                             0x000080e8   Section      272  lc_ctype_c.o(locale$$data)
    __lcnum_c_end                            0x000080e8   Data           0  lc_numeric_c.o(locale$$data)
    __lcctype_c_name                         0x000080ec   Data           2  lc_ctype_c.o(locale$$data)
    __lcctype_c_start                        0x000080f4   Data           0  lc_ctype_c.o(locale$$data)
    __lcctype_c_end                          0x000081f8   Data           0  lc_ctype_c.o(locale$$data)
    .data                                    0x40000000   Section       60  tasks.o(.data)
    uxTasksDeleted                           0x40000004   Data           4  tasks.o(.data)
    uxCurrentNumberOfTasks                   0x40000008   Data           4  tasks.o(.data)
    xTickCount                               0x4000000c   Data           4  tasks.o(.data)
    uxTopUsedPriority                        0x40000010   Data           4  tasks.o(.data)
    uxTopReadyPriority                       0x40000014   Data           4  tasks.o(.data)
    xSchedulerRunning                        0x40000018   Data           4  tasks.o(.data)
    uxSchedulerSuspended                     0x4000001c   Data           4  tasks.o(.data)
    uxMissedTicks                            0x40000020   Data           4  tasks.o(.data)
    xMissedYield                             0x40000024   Data           4  tasks.o(.data)
    xNumOfOverflows                          0x40000028   Data           4  tasks.o(.data)
    uxTCBNumber                              0x4000002c   Data           4  tasks.o(.data)
    xNextTaskUnblockTime                     0x40000030   Data           4  tasks.o(.data)
    pxDelayedTaskList                        0x40000034   Data           4  tasks.o(.data)
    pxOverflowDelayedTaskList                0x40000038   Data           4  tasks.o(.data)
    .data                                    0x4000003c   Section        4  port.o(.data)
    .data                                    0x40000040   Section       24  heap_2.o(.data)
    xFreeBytesRemaining                      0x40000040   Data           4  heap_2.o(.data)
    xHeapHasBeenInitialised                  0x40000044   Data           4  heap_2.o(.data)
    xStart                                   0x40000048   Data           8  heap_2.o(.data)
    xEnd                                     0x40000050   Data           8  heap_2.o(.data)
    .data                                    0x40000058   Section      588  main.o(.data)
    .bss                                     0x400002a4   Section      220  tasks.o(.bss)
    pxReadyTasksLists                        0x400002a4   Data         120  tasks.o(.bss)
    xDelayedTaskList1                        0x4000031c   Data          20  tasks.o(.bss)
    xDelayedTaskList2                        0x40000330   Data          20  tasks.o(.bss)
    xPendingReadyList                        0x40000344   Data          20  tasks.o(.bss)
    xTasksWaitingTermination                 0x40000358   Data          20  tasks.o(.bss)
    xSuspendedTaskList                       0x4000036c   Data          20  tasks.o(.bss)
    .bss                                     0x40000380   Section    13312  heap_2.o(.bss)
    xHeap                                    0x40000380   Data       13312  heap_2.o(.bss)
    .bss                                     0x40003780   Section       55  main.o(.bss)
    .bss                                     0x400037b8   Section       96  libspace.o(.bss)
    HEAP                                     0x40003818   Section        0  startup.o(HEAP)
    STACK                                    0x40003818   Section     1568  startup.o(STACK)
    Heap_Mem                                 0x40003818   Data           0  startup.o(HEAP)
    Stack_Mem                                0x40003818   Data        1568  startup.o(STACK)
    Stack_Top                                0x40003e38   Data           0  startup.o(STACK)

    Global Symbols

    Symbol Name                              Value     Ov Type        Size  Object(Section)

    BuildAttributes$$THM_ISAv1$ARM_ISAv4$S$PE$A:L22$X:L11$S22$IEEE1$IW$USESV6$~STKCKD$USESV7$~SHL$OTIME$ROPI$IEEEX$EBA8$UX$STANDARDLIB$REQ8$PRES8$EABIv2 0x00000000   Number         0  anon$$obj.o ABSOLUTE
    __ARM_use_no_argv                        0x00000000   Number         0  main.o ABSOLUTE
    __ARM_exceptions_init                     - Undefined Weak Reference
    __alloca_initialize                       - Undefined Weak Reference
    __cpp_initialize__aeabi_                  - Undefined Weak Reference
    __cxa_finalize                            - Undefined Weak Reference
    __fpl_infinity                            - Undefined Weak Reference
    __sigvec_lookup                           - Undefined Weak Reference
    _atexit_init                              - Undefined Weak Reference
    _call_atexit_fns                          - Undefined Weak Reference
    _clock_init                               - Undefined Weak Reference
    _fp_trap_init                             - Undefined Weak Reference
    _fp_trap_shutdown                         - Undefined Weak Reference
    _get_lc_collate                           - Undefined Weak Reference
    _get_lc_monetary                          - Undefined Weak Reference
    _get_lc_time                              - Undefined Weak Reference
    _getenv_init                              - Undefined Weak Reference
    _handle_redirection                       - Undefined Weak Reference
    _init_alloc                               - Undefined Weak Reference
    _init_user_alloc                          - Undefined Weak Reference
    _initio                                   - Undefined Weak Reference
    _rand_init                                - Undefined Weak Reference
    _signal_finish                            - Undefined Weak Reference
    _signal_init                              - Undefined Weak Reference
    _terminate_alloc                          - Undefined Weak Reference
    _terminate_user_alloc                     - Undefined Weak Reference
    _terminateio                              - Undefined Weak Reference
    Reset_Handler                            0x00000054   ARM Code       0  startup.o(RESET)
    __main                                   0x00000100   ARM Code       8  __main.o(!!!main)
    __scatterload                            0x00000108   ARM Code       0  __scatter.o(!!!scatter)
    __scatterload_rt2                        0x00000108   ARM Code      52  __scatter.o(!!!scatter)
    __scatterload_null                       0x0000011c   ARM Code       0  __scatter.o(!!!scatter)
    __decompress                             0x00000144   ARM Code      92  __dczerorl2.o(!!dczerorl2)
    __decompress1                            0x00000144   ARM Code       0  __dczerorl2.o(!!dczerorl2)
    __scatterload_zeroinit                   0x000001a0   ARM Code      44  __scatter_zi.o(!!handler_zi)
    Inline ARM to Thumb Veneer to __rt_lib_init 0x000001cc   ARM Code       8  libinit.o(.ARM.Collect$$libinit$$00000000)
    __rt_lib_init                            0x000001d5   Thumb Code     0  libinit.o(.ARM.Collect$$libinit$$00000000)
    __rt_lib_init_heap_1                     0x000001db   Thumb Code     0  libinit2.o(.ARM.Collect$$libinit$$00000006)
    __rt_lib_init_lc_common                  0x000001db   Thumb Code     0  libinit2.o(.ARM.Collect$$libinit$$0000000B)
    __rt_lib_init_rand_1                     0x000001db   Thumb Code     0  libinit2.o(.ARM.Collect$$libinit$$0000000A)
    __rt_lib_init_user_alloc_1               0x000001db   Thumb Code     0  libinit2.o(.ARM.Collect$$libinit$$00000008)
    __rt_lib_init_lc_collate_1               0x000001e1   Thumb Code     0  libinit2.o(.ARM.Collect$$libinit$$0000000D)
    __rt_lib_init_lc_ctype_2                 0x000001e1   Thumb Code     0  libinit2.o(.ARM.Collect$$libinit$$0000000E)
    __rt_lib_init_lc_ctype_1                 0x000001ed   Thumb Code     0  libinit2.o(.ARM.Collect$$libinit$$0000000F)
    __rt_lib_init_lc_monetary_1              0x000001ed   Thumb Code     0  libinit2.o(.ARM.Collect$$libinit$$00000011)
    __rt_lib_init_lc_numeric_2               0x000001ed   Thumb Code     0  libinit2.o(.ARM.Collect$$libinit$$00000012)
    __rt_lib_init_alloca_1                   0x000001f7   Thumb Code     0  libinit2.o(.ARM.Collect$$libinit$$0000002A)
    __rt_lib_init_argv_1                     0x000001f7   Thumb Code     0  libinit2.o(.ARM.Collect$$libinit$$00000028)
    __rt_lib_init_atexit_1                   0x000001f7   Thumb Code     0  libinit2.o(.ARM.Collect$$libinit$$00000017)
    __rt_lib_init_clock_1                    0x000001f7   Thumb Code     0  libinit2.o(.ARM.Collect$$libinit$$0000001D)
    __rt_lib_init_cpp_1                      0x000001f7   Thumb Code     0  libinit2.o(.ARM.Collect$$libinit$$0000002E)
    __rt_lib_init_exceptions_1               0x000001f7   Thumb Code     0  libinit2.o(.ARM.Collect$$libinit$$0000002C)
    __rt_lib_init_fp_trap_1                  0x000001f7   Thumb Code     0  libinit2.o(.ARM.Collect$$libinit$$0000001B)
    __rt_lib_init_getenv_1                   0x000001f7   Thumb Code     0  libinit2.o(.ARM.Collect$$libinit$$0000001F)
    __rt_lib_init_lc_numeric_1               0x000001f7   Thumb Code     0  libinit2.o(.ARM.Collect$$libinit$$00000013)
    __rt_lib_init_lc_time_1                  0x000001f7   Thumb Code     0  libinit2.o(.ARM.Collect$$libinit$$00000015)
    __rt_lib_init_return                     0x000001f7   Thumb Code     0  libinit2.o(.ARM.Collect$$libinit$$0000002F)
    __rt_lib_init_signal_1                   0x000001f7   Thumb Code     0  libinit2.o(.ARM.Collect$$libinit$$00000019)
    __rt_lib_init_stdio_1                    0x000001f7   Thumb Code     0  libinit2.o(.ARM.Collect$$libinit$$00000021)
    Inline ARM to Thumb Veneer to __rt_lib_shutdown 0x00000204   ARM Code       8  libshutdown.o(.ARM.Collect$$libshutdown$$00000000)
    __rt_lib_shutdown                        0x0000020d   Thumb Code     0  libshutdown.o(.ARM.Collect$$libshutdown$$00000000)
    __rt_lib_shutdown_fp_trap_1              0x00000211   Thumb Code     0  libshutdown2.o(.ARM.Collect$$libshutdown$$00000006)
    __rt_lib_shutdown_heap_1                 0x00000211   Thumb Code     0  libshutdown2.o(.ARM.Collect$$libshutdown$$0000000E)
    __rt_lib_shutdown_return                 0x00000211   Thumb Code     0  libshutdown2.o(.ARM.Collect$$libshutdown$$0000000F)
    __rt_lib_shutdown_signal_1               0x00000211   Thumb Code     0  libshutdown2.o(.ARM.Collect$$libshutdown$$00000009)
    __rt_lib_shutdown_stdio_1                0x00000211   Thumb Code     0  libshutdown2.o(.ARM.Collect$$libshutdown$$00000003)
    __rt_lib_shutdown_user_alloc_1           0x00000211   Thumb Code     0  libshutdown2.o(.ARM.Collect$$libshutdown$$0000000B)
    __rt_entry                               0x00000218   ARM Code       0  rtentry.o(.ARM.Collect$$rtentry$$00000000)
    __rt_entry_presh_1                       0x00000218   ARM Code       0  rtentry2.o(.ARM.Collect$$rtentry$$00000002)
    __rt_entry_sh                            0x00000218   ARM Code       0  rtentry4.o(.ARM.Collect$$rtentry$$00000004)
    __rt_entry_li                            0x00000220   ARM Code       0  rtentry2.o(.ARM.Collect$$rtentry$$0000000A)
    __rt_entry_postsh_1                      0x00000220   ARM Code       0  rtentry2.o(.ARM.Collect$$rtentry$$00000009)
    __rt_entry_main                          0x00000224   ARM Code       0  rtentry2.o(.ARM.Collect$$rtentry$$0000000D)
    __rt_entry_postli_1                      0x00000224   ARM Code       0  rtentry2.o(.ARM.Collect$$rtentry$$0000000C)
    Inline Thumb to ARM Veneer to __rt_exit  0x0000024d   Thumb Code     4  rtexit.o(.ARM.Collect$$rtexit$$00000000)
    __rt_exit                                0x00000250   ARM Code       0  rtexit.o(.ARM.Collect$$rtexit$$00000000)
    __rt_exit_ls                             0x00000254   ARM Code       0  rtexit2.o(.ARM.Collect$$rtexit$$00000003)
    __rt_exit_prels_1                        0x00000254   ARM Code       0  rtexit2.o(.ARM.Collect$$rtexit$$00000002)
    __rt_exit_exit                           0x00000258   ARM Code       0  rtexit2.o(.ARM.Collect$$rtexit$$00000004)
    __user_initial_stackheap                 0x00000260   ARM Code       0  startup.o(.text)
    xTaskGenericCreate                       0x000003cc   ARM Code     428  tasks.o(.text)
    vTaskDelete                              0x00000578   ARM Code     180  tasks.o(.text)
    vTaskIncrementTick                       0x0000062c   ARM Code     452  tasks.o(.text)
    xTaskResumeAll                           0x000007f0   ARM Code     348  tasks.o(.text)
    vTaskSuspendAll                          0x000009c4   ARM Code      24  tasks.o(.text)
    vTaskDelayUntil                          0x000009dc   ARM Code     180  tasks.o(.text)
    vTaskDelay                               0x00000a90   ARM Code      88  tasks.o(.text)
    uxTaskPriorityGet                        0x00000ae8   ARM Code      60  tasks.o(.text)
    vTaskPrioritySet                         0x00000b24   ARM Code     252  tasks.o(.text)
    vTaskSwitchContext                       0x00000c20   ARM Code     168  tasks.o(.text)
    vTaskSuspend                             0x00000cc8   ARM Code     188  tasks.o(.text)
    xTaskIsTaskSuspended                     0x00000d84   ARM Code     124  tasks.o(.text)
    vTaskResume                              0x00000e00   ARM Code     160  tasks.o(.text)
    xTaskResumeFromISR                       0x00000ea0   ARM Code     184  tasks.o(.text)
    vTaskStartScheduler                      0x00001034   ARM Code     200  tasks.o(.text)
    vTaskEndScheduler                        0x000010fc   ARM Code      40  tasks.o(.text)
    xTaskGetTickCount                        0x00001124   ARM Code      32  tasks.o(.text)
    xTaskGetTickCountFromISR                 0x00001144   ARM Code      16  tasks.o(.text)
    uxTaskGetNumberOfTasks                   0x00001154   ARM Code      12  tasks.o(.text)
    vTaskPlaceOnEventList                    0x00001160   ARM Code     108  tasks.o(.text)
    xTaskRemoveFromEventList                 0x000011cc   ARM Code     168  tasks.o(.text)
    vTaskSetTimeOutState                     0x00001274   ARM Code      28  tasks.o(.text)
    xTaskCheckForTimeOut                     0x00001290   ARM Code     176  tasks.o(.text)
    vTaskMissedYield                         0x00001340   ARM Code      16  tasks.o(.text)
    vListInitialise                          0x00001350   ARM Code      44  list.o(.text)
    vListInitialiseItem                      0x0000137c   ARM Code      12  list.o(.text)
    vListInsertEnd                           0x00001388   ARM Code      56  list.o(.text)
    vListInsert                              0x000013c0   ARM Code      96  list.o(.text)
    vListRemove                              0x00001420   ARM Code      68  list.o(.text)
    pxPortInitialiseStack                    0x00001464   ARM Code     236  port.o(.text)
    xPortStartScheduler                      0x00001558   ARM Code      24  port.o(.text)
    vPortEndScheduler                        0x00001570   ARM Code       4  port.o(.text)
    vPortEnterCritical                       0x00001574   ARM Code      36  port.o(.text)
    vPortExitCritical                        0x00001598   ARM Code      68  port.o(.text)
    pvPortMalloc                             0x000015f8   ARM Code     352  heap_2.o(.text)
    vPortFree                                0x00001758   ARM Code     112  heap_2.o(.text)
    xPortGetFreeHeapSize                     0x000017c8   ARM Code      12  heap_2.o(.text)
    vPortInitialiseBlocks                    0x000017d4   ARM Code       4  heap_2.o(.text)
    delay1                                   0x000017ec   ARM Code      52  main.o(.text)
    send1                                    0x00001820   ARM Code      56  main.o(.text)
    call_enter                               0x00001858   ARM Code      36  main.o(.text)
    call_Z                                   0x0000187c   ARM Code      36  main.o(.text)
    new_line                                 0x000018a0   ARM Code      36  main.o(.text)
    sms                                      0x000018c4   ARM Code     420  main.o(.text)
    alert                                    0x00001a68   ARM Code      92  main.o(.text)
    dist_calc                                0x00001ac4   ARM Code    1160  main.o(.text)
    speed_calc                               0x00001f4c   ARM Code    1112  main.o(.text)
    timer_isr1                               0x000023a4   ARM Code     132  main.o(.text)
    buzzer                                   0x00002428   ARM Code     252  main.o(.text)
    check                                    0x00002524   ARM Code     232  main.o(.text)
    A2D                                      0x0000260c   ARM Code     124  main.o(.text)
    uart_isr                                 0x00002c78   ARM Code    1052  main.o(.text)
    timer_isr                                0x00003094   ARM Code     100  main.o(.text)
    main                                     0x000030f8   ARM Code     748  main.o(.text)
    stof_lati                                0x00003450   ARM Code     108  stof.o(.text)
    stof_longi                               0x000034bc   ARM Code     140  stof.o(.text)
    ftos                                     0x00003548   ARM Code     348  ftos.o(.text)
    delay                                    0x000036ac   ARM Code      52  lcdcmd.o(.text)
    lcd_cmd                                  0x000036e0   ARM Code     148  lcdcmd.o(.text)
    lcd_data                                 0x00003774   ARM Code     140  lcdcmd.o(.text)
    lcd_init                                 0x00003800   ARM Code      92  lcdcmd.o(.text)
    __aeabi_memset                           0x0000386c   ARM Code      16  aeabi_memset.o(.text)
    strncpy                                  0x0000387c   ARM Code     108  strncpy.o(.text)
    Inline Thumb to ARM Veneer to __aeabi_idivmod 0x000038ed   Thumb Code     4  aeabi_sdiv.o(.text)
    __aeabi_idiv                             0x000038f0   ARM Code       0  aeabi_sdiv.o(.text)
    __aeabi_idivmod                          0x000038f0   ARM Code     384  aeabi_sdiv.o(.text)
    __use_two_region_memory                  0x00003a71   Thumb Code     2  heapauxi.o(.text)
    __rt_heap_escrow$2region                 0x00003a73   Thumb Code     2  heapauxi.o(.text)
    __rt_heap_expand$2region                 0x00003a75   Thumb Code     2  heapauxi.o(.text)
    Inline ARM to Thumb Veneer to __set_errno 0x00003a78   ARM Code       8  _rserrno.o(.text)
    __read_errno                             0x00003a81   Thumb Code    14  _rserrno.o(.text)
    __set_errno                              0x00003a8f   Thumb Code    12  _rserrno.o(.text)
    Inline ARM to Thumb Veneer to __strtod_int 0x00003a9c   ARM Code       8  strtod.o(.text)
    __strtod_int                             0x00003ae1   Thumb Code    94  strtod.o(.text)
    __aeabi_memclr                           0x00003b50   ARM Code       0  rt_memclr.o(.text)
    __rt_memclr                              0x00003b50   ARM Code      64  rt_memclr.o(.text)
    _memset                                  0x00003b54   ARM Code       0  rt_memclr.o(.text)
    Inline Thumb to ARM Veneer to __aeabi_errno_addr 0x00003b91   Thumb Code     4  rt_errno_addr_intlibspace.o(.text)
    __aeabi_errno_addr                       0x00003b94   ARM Code      12  rt_errno_addr_intlibspace.o(.text)
    __errno$intlibspace                      0x00003b94   ARM Code       0  rt_errno_addr_intlibspace.o(.text)
    __rt_errno_addr$intlibspace              0x00003b94   ARM Code       0  rt_errno_addr_intlibspace.o(.text)
    isspace                                  0x00003ba1   Thumb Code    22  isspace.o(.text)
    _sgetc                                   0x00003bb7   Thumb Code    32  _sgetc.o(.text)
    _sbackspace                              0x00003bd7   Thumb Code    38  _sgetc.o(.text)
    __aeabi_memclr4                          0x00003bfc   ARM Code       0  rt_memclr_w.o(.text)
    __aeabi_memclr8                          0x00003bfc   ARM Code       0  rt_memclr_w.o(.text)
    __rt_memclr_w                            0x00003bfc   ARM Code      84  rt_memclr_w.o(.text)
    _memset_w                                0x00003c00   ARM Code       0  rt_memclr_w.o(.text)
    __user_libspace                          0x00003c50   ARM Code      12  libspace.o(.text)
    __user_perproc_libspace                  0x00003c50   ARM Code       0  libspace.o(.text)
    __user_perthread_libspace                0x00003c50   ARM Code       0  libspace.o(.text)
    __user_setup_stackheap                   0x00003c5c   ARM Code      96  sys_stackheap_outer.o(.text)
    Inline Thumb to ARM Veneer to __rt_ctype_table 0x00003cbd   Thumb Code     4  rt_ctype_table.o(.text)
    __rt_ctype_table                         0x00003cc0   ARM Code      24  rt_ctype_table.o(.text)
    _scanf_really_real                       0x00003edb   Thumb Code   734  scanf_fp.o(.text)
    exit                                     0x000041b9   Thumb Code    12  exit.o(.text)
    strcmp                                   0x000041c4   ARM Code     156  strcmp.o(.text)
    Inline Thumb to ARM Veneer to __rt_locale 0x00004265   Thumb Code     4  rt_locale_intlibspace.o(.text)
    __rt_locale                              0x00004268   ARM Code      12  rt_locale_intlibspace.o(.text)
    Inline Thumb to ARM Veneer to __aeabi_lmul 0x00004275   Thumb Code     4  llmul.o(.text)
    __aeabi_lmul                             0x00004278   ARM Code       0  llmul.o(.text)
    _ll_mul                                  0x00004278   ARM Code      28  llmul.o(.text)
    _btod_etento                             0x00004295   Thumb Code   210  bigflt0.o(.text)
    Inline ARM to Thumb Veneer to _sys_exit  0x0000436c   ARM Code       8  sys_exit.o(.text)
    _sys_exit                                0x00004375   Thumb Code     8  sys_exit.o(.text)
    __rt_fp_status_addr                      0x00004380   ARM Code      12  rt_fp_status_addr_intlibspace.o(.text)
    Inline ARM to Thumb Veneer to _scanf_really_hex_real 0x0000438c   ARM Code       8  scanf_hexfp.o(.text)
    _scanf_really_hex_real                   0x00004395   Thumb Code   800  scanf_hexfp.o(.text)
    Inline ARM to Thumb Veneer to _scanf_really_infnan 0x000046c0   ARM Code       8  scanf_infnan.o(.text)
    _scanf_really_infnan                     0x000046c9   Thumb Code   322  scanf_infnan.o(.text)
    __I$use$semihosting                      0x0000481c   ARM Code       0  use_no_semi.o(.text)
    __use_no_semihosting_swi                 0x0000481c   ARM Code       4  use_no_semi.o(.text)
    Inline Thumb to ARM Veneer to __aeabi_llsl 0x00004821   Thumb Code     4  llshl.o(.text)
    __semihosting_library_function           0x00004820   ARM Code       0  indicate_semi.o(.text)
    __aeabi_llsl                             0x00004824   ARM Code       0  llshl.o(.text)
    _ll_shift_l                              0x00004824   ARM Code      40  llshl.o(.text)
    _chval                                   0x0000484d   Thumb Code    34  _chval.o(.text)
    __aeabi_uidiv                            0x00004870   ARM Code       0  aeabi_sdiv.o(.text_udiv)
    __aeabi_uidivmod                         0x00004870   ARM Code      36  aeabi_sdiv.o(.text_udiv)
    __btod_div_common                        0x00004894   ARM Code     716  btod.o(CL$$btod_div_common)
    _e2d                                     0x00004be0   ARM Code      96  btod.o(CL$$btod_e2d)
    _e2e                                     0x00004c44   ARM Code     220  btod.o(CL$$btod_e2e)
    Inline Thumb to ARM Veneer to _btod_ediv 0x00004d21   Thumb Code     4  btod.o(CL$$btod_ediv)
    _btod_ediv                               0x00004d24   ARM Code      52  btod.o(CL$$btod_ediv)
    Inline Thumb to ARM Veneer to _btod_edivd 0x00004d59   Thumb Code     4  btod.o(CL$$btod_edivd)
    _btod_edivd                              0x00004d5c   ARM Code      52  btod.o(CL$$btod_edivd)
    Inline Thumb to ARM Veneer to _btod_emul 0x00004d91   Thumb Code     4  btod.o(CL$$btod_emul)
    _btod_emul                               0x00004d94   ARM Code      52  btod.o(CL$$btod_emul)
    Inline Thumb to ARM Veneer to _btod_emuld 0x00004dc9   Thumb Code     4  btod.o(CL$$btod_emuld)
    _btod_emuld                              0x00004dcc   ARM Code      52  btod.o(CL$$btod_emuld)
    __btod_mult_common                       0x00004e00   ARM Code     616  btod.o(CL$$btod_mult_common)
    vPortStartFirstTask                      0x00005068   ARM Code       0  portasm.o(PORT_ASM)
    vPortYield                               0x00005098   ARM Code       0  portasm.o(PORT_ASM)
    vPortYieldProcessor                      0x000050a0   ARM Code       0  portasm.o(PORT_ASM)
    vPreemptiveTick                          0x0000512c   ARM Code       0  portasm.o(PORT_ASM)
    Short Thumb to ARM Veneer to _scanf_infnan 0x000051ed   Thumb Code     8  anon$$obj.o(Veneer$$Code)
    Long ARM to Thumb Veneer to __read_errno 0x000051f4   ARM Code      12  anon$$obj.o(Veneer$$Code)
    Long ARM to Thumb Veneer to _scanf_really_real 0x00005200   ARM Code      12  anon$$obj.o(Veneer$$Code)
    __ARM_common_call_via_r1                 0x0000520d   Thumb Code     2  scanf_fp.o(i.__ARM_common_call_via_r1)
    __ARM_fpclassify                         0x00005210   ARM Code      48  fpclassify.o(i.__ARM_fpclassify)
    __ieee754_rem_pio2                       0x00005240   ARM Code    1200  rred.o(i.__ieee754_rem_pio2)
    __kernel_cos                             0x00005730   ARM Code     404  cos_i.o(i.__kernel_cos)
    __kernel_poly                            0x000058cc   ARM Code     256  poly.o(i.__kernel_poly)
    __kernel_sin                             0x000059cc   ARM Code     372  sin_i.o(i.__kernel_sin)
    __mathlib_dbl_underflow                  0x00005b4c   ARM Code      20  dunder.o(i.__mathlib_dbl_underflow)
    Inline Thumb to ARM Veneer to __mathlib_narrow 0x00005b61   Thumb Code     4  narrow.o(i.__mathlib_narrow)
    __mathlib_narrow                         0x00005b64   ARM Code      28  narrow.o(i.__mathlib_narrow)
    __mathlib_tofloat                        0x00005b80   ARM Code     216  narrow.o(i.__mathlib_tofloat)
    Inline Thumb to ARM Veneer to __support_ldexp 0x00005c59   Thumb Code     4  ldexp.o(i.__support_ldexp)
    __support_ldexp                          0x00005c5c   ARM Code      36  ldexp.o(i.__support_ldexp)
    _is_digit                                0x00005c81   Thumb Code    14  scanf_fp.o(i._is_digit)
    atan                                     0x00005c90   ARM Code     828  atan.o(i.atan)
    atan2                                    0x00005fe8   ARM Code     568  atan2.o(i.atan2)
    atof                                     0x00006240   ARM Code      72  atof.o(i.atof)
    cos                                      0x00006288   ARM Code     248  cos.o(i.cos)
    frexp                                    0x00006384   ARM Code     128  frexp.o(i.frexp)
    ldexp                                    0x00006404   ARM Code     212  ldexp.o(i.ldexp)
    sin                                      0x000064d8   ARM Code     256  sin.o(i.sin)
    sqrt                                     0x000065dc   ARM Code     112  sqrt.o(i.sqrt)
    Inline Thumb to ARM Veneer to _get_lc_numeric 0x0000664d   Thumb Code     4  lc_numeric_c.o(locale$$code)
    _get_lc_numeric                          0x00006650   ARM Code      80  lc_numeric_c.o(locale$$code)
    Inline Thumb to ARM Veneer to _get_lc_ctype 0x000066a1   Thumb Code     4  lc_ctype_c.o(locale$$code)
    _get_lc_ctype                            0x000066a4   ARM Code      80  lc_ctype_c.o(locale$$code)
    __aeabi_d2f                              0x000066f4   ARM Code       0  d2f.o(x$fpl$d2f)
    _d2f                                     0x000066f4   ARM Code     108  d2f.o(x$fpl$d2f)
    __aeabi_dadd                             0x00006760   ARM Code       0  daddsub_noclz.o(x$fpl$dadd)
    _dadd                                    0x00006760   ARM Code     336  daddsub_noclz.o(x$fpl$dadd)
    __fpl_dcheck_NaN1                        0x000068b4   ARM Code      12  dcheck1.o(x$fpl$dcheck1)
    __fpl_dcmp_Inf                           0x000068c4   ARM Code      28  dcmpi.o(x$fpl$dcmpinf)
    __aeabi_ddiv                             0x000068e0   ARM Code       0  ddiv.o(x$fpl$ddiv)
    _ddiv                                    0x000068e0   ARM Code     600  ddiv.o(x$fpl$ddiv)
    __aeabi_cdcmpeq                          0x00006bc0   ARM Code       0  deqf.o(x$fpl$deqf)
    _dcmpeq                                  0x00006bc0   ARM Code     148  deqf.o(x$fpl$deqf)
    __aeabi_d2iz                             0x00006c54   ARM Code       0  dfix.o(x$fpl$dfix)
    _dfix                                    0x00006c54   ARM Code     112  dfix.o(x$fpl$dfix)
    __aeabi_i2d                              0x00006cc4   ARM Code       0  dflt_noclz.o(x$fpl$dflt)
    _dflt                                    0x00006cc4   ARM Code      88  dflt_noclz.o(x$fpl$dflt)
    __dflt_normalise                         0x00006cd4   ARM Code       0  dflt_noclz.o(x$fpl$dflt)
    __aeabi_ui2d                             0x00006d1c   ARM Code       0  dflt_noclz.o(x$fpl$dfltu)
    _dfltu                                   0x00006d1c   ARM Code      12  dflt_noclz.o(x$fpl$dfltu)
    __aeabi_cdcmple                          0x00006d28   ARM Code       0  dleqf.o(x$fpl$dleqf)
    _dcmple                                  0x00006d28   ARM Code     148  dleqf.o(x$fpl$dleqf)
    __fpl_dcmple_InfNaN                      0x00006da4   ARM Code       0  dleqf.o(x$fpl$dleqf)
    __aeabi_dmul                             0x00006dbc   ARM Code       0  dmul.o(x$fpl$dmul)
    _dmul                                    0x00006dbc   ARM Code     372  dmul.o(x$fpl$dmul)
    __fpl_dnaninf                            0x00006f3c   ARM Code     192  dnaninf.o(x$fpl$dnaninf)
    __fpl_dretinf                            0x00006ffc   ARM Code      16  dretinf.o(x$fpl$dretinf)
    __aeabi_cdrcmple                         0x0000700c   ARM Code       0  drleqf.o(x$fpl$drleqf)
    _drcmple                                 0x0000700c   ARM Code     140  drleqf.o(x$fpl$drleqf)
    __aeabi_drsub                            0x00007098   ARM Code       0  daddsub_noclz.o(x$fpl$drsb)
    _drsb                                    0x00007098   ARM Code      24  daddsub_noclz.o(x$fpl$drsb)
    _dsqrt                                   0x000070b0   ARM Code     516  dsqrt_noumaal.o(x$fpl$dsqrt)
    __aeabi_dsub                             0x000072b8   ARM Code       0  daddsub_noclz.o(x$fpl$dsub)
    _dsub                                    0x000072b8   ARM Code     576  daddsub_noclz.o(x$fpl$dsub)
    __aeabi_f2d                              0x000074fc   ARM Code       0  f2d.o(x$fpl$f2d)
    _f2d                                     0x000074fc   ARM Code     100  f2d.o(x$fpl$f2d)
    __aeabi_fadd                             0x00007560   ARM Code       0  faddsub_noclz.o(x$fpl$fadd)
    _fadd                                    0x00007560   ARM Code     196  faddsub_noclz.o(x$fpl$fadd)
    __fpl_fcmp_Inf                           0x00007624   ARM Code      28  fcmpi.o(x$fpl$fcmpinf)
    __aeabi_fdiv                             0x00007640   ARM Code       0  fdiv.o(x$fpl$fdiv)
    _fdiv                                    0x00007640   ARM Code     396  fdiv.o(x$fpl$fdiv)
    __aeabi_cfcmpeq                          0x000077d0   ARM Code       0  feqf.o(x$fpl$feqf)
    _fcmpeq                                  0x000077d0   ARM Code     132  feqf.o(x$fpl$feqf)
    __aeabi_f2iz                             0x00007854   ARM Code       0  ffix.o(x$fpl$ffix)
    _ffix                                    0x00007854   ARM Code      68  ffix.o(x$fpl$ffix)
    __aeabi_i2f                              0x00007898   ARM Code       0  fflt_noclz.o(x$fpl$fflt)
    _fflt                                    0x00007898   ARM Code      92  fflt_noclz.o(x$fpl$fflt)
    __fflt_normalise                         0x000078a4   ARM Code       0  fflt_noclz.o(x$fpl$fflt)
    __aeabi_ui2f                             0x000078f4   ARM Code       0  fflt_noclz.o(x$fpl$ffltu)
    _ffltu                                   0x000078f4   ARM Code       8  fflt_noclz.o(x$fpl$ffltu)
    __aeabi_cfcmple                          0x000078fc   ARM Code       0  fleqf.o(x$fpl$fleqf)
    _fcmple                                  0x000078fc   ARM Code     132  fleqf.o(x$fpl$fleqf)
    __fpl_fcmple_InfNaN                      0x00007968   ARM Code       0  fleqf.o(x$fpl$fleqf)
    __aeabi_fmul                             0x00007980   ARM Code       0  fmul.o(x$fpl$fmul)
    _fmul                                    0x00007980   ARM Code     256  fmul.o(x$fpl$fmul)
    __fpl_fnaninf                            0x00007a80   ARM Code     168  fnaninf.o(x$fpl$fnaninf)
    Inline Thumb to ARM Veneer to _fp_init   0x00007b29   Thumb Code     4  fpinit.o(x$fpl$fpinit)
    _fp_init                                 0x00007b2c   ARM Code      24  fpinit.o(x$fpl$fpinit)
    __fplib_config_pureend_doubles           0x00007b3c   ARM Code       0  fpinit.o(x$fpl$fpinit)
    __fpl_fretinf                            0x00007b44   ARM Code      16  fretinf.o(x$fpl$fretinf)
    __aeabi_cfrcmple                         0x00007b54   ARM Code       0  frleqf.o(x$fpl$frleqf)
    _frcmple                                 0x00007b54   ARM Code     124  frleqf.o(x$fpl$frleqf)
    __aeabi_frsub                            0x00007bd0   ARM Code       0  faddsub_noclz.o(x$fpl$frsb)
    _frsb                                    0x00007bd0   ARM Code      20  faddsub_noclz.o(x$fpl$frsb)
    __aeabi_fsub                             0x00007be4   ARM Code       0  faddsub_noclz.o(x$fpl$fsub)
    _fsub                                    0x00007be4   ARM Code     304  faddsub_noclz.o(x$fpl$fsub)
    Inline Thumb to ARM Veneer to __ieee_status 0x00007d15   Thumb Code     4  istatus.o(x$fpl$ieeestatus)
    __ieee_status                            0x00007d18   ARM Code       8  istatus.o(x$fpl$ieeestatus)
    __fpl_return_NaN                         0x00007d20   ARM Code     116  retnan.o(x$fpl$retnan)
    __ARM_scalbn                             0x00007d94   ARM Code     108  scalbn.o(x$fpl$scalbn)
    __fpl_inf_scalbn                         0x00007dfc   ARM Code       0  scalbn.o(x$fpl$scalbn)
    Inline Thumb to ARM Veneer to _scanf_real 0x00007e01   Thumb Code     4  scanf1.o(x$fpl$scanf1)
    _scanf_real                              0x00007e04   ARM Code       4  scanf1.o(x$fpl$scanf1)
    Inline Thumb to ARM Veneer to _scanf_hex_real 0x00007e09   Thumb Code     4  scanf2.o(x$fpl$scanf2)
    _scanf_hex_real                          0x00007e0c   ARM Code       4  scanf2.o(x$fpl$scanf2)
    _scanf_infnan                            0x00007e10   ARM Code       4  scanf2.o(x$fpl$scanf2)
    __fpl_cmpreturn                          0x00007e14   ARM Code      60  trapv.o(x$fpl$trapveneer)
    __I$use$fp                               0x00007e50   ARM Code       0  usenofp.o(x$fpl$usenofp)
    __mathlib_zero                           0x00007f18   Data           8  qnan.o(.constdata)
    Region$$Table$$Base                      0x000080a4   Number         0  anon$$obj.o(Region$$Table)
    Region$$Table$$Limit                     0x000080c4   Number         0  anon$$obj.o(Region$$Table)
    __aeabi_HUGE_VAL                         0x000080c4   Data           0  fpconst.o(c$$dinf)
    __aeabi_HUGE_VALL                        0x000080c4   Data           0  fpconst.o(c$$dinf)
    __aeabi_INFINITY                         0x000080c4   Data           0  fpconst.o(c$$dinf)
    __dInf                                   0x000080c4   Data           0  fpconst.o(c$$dinf)
    __huge_val                               0x000080c4   Data           0  fpconst.o(c$$dinf)
    __ctype                                  0x000080f5   Data           0  lc_ctype_c.o(locale$$data)
    pxCurrentTCB                             0x40000000   Data           4  tasks.o(.data)
    ulCriticalNesting                        0x4000003c   Data           4  port.o(.data)
    wal                                      0x40000058   Data          13  main.o(.data)
    as                                       0x40000065   Data           9  main.o(.data)
    R1                                       0x4000006e   Data           5  main.o(.data)
    R2                                       0x40000073   Data          12  main.o(.data)
    R3                                       0x4000007f   Data          23  main.o(.data)
    RS_1                                     0x40000096   Data          10  main.o(.data)
    RS_2                                     0x400000a0   Data           4  main.o(.data)
    R4                                       0x400000a4   Data          47  main.o(.data)
    R5                                       0x400000d3   Data          37  main.o(.data)
    R6                                       0x400000f8   Data          37  main.o(.data)
    R7                                       0x4000011d   Data          68  main.o(.data)
    s1                                       0x40000161   Data           5  main.o(.data)
    s2                                       0x40000166   Data          12  main.o(.data)
    s3                                       0x40000172   Data          12  main.o(.data)
    s4                                       0x4000017e   Data          12  main.o(.data)
    b                                        0x4000018a   Data           9  main.o(.data)
    w                                        0x40000193   Data          16  main.o(.data)
    M                                        0x400001a3   Data          12  main.o(.data)
    wd                                       0x400001af   Data          12  main.o(.data)
    wel1                                     0x400001bb   Data          13  main.o(.data)
    wel2                                     0x400001c8   Data          14  main.o(.data)
    s_lat                                    0x400001d6   Data          11  main.o(.data)
    s_long                                   0x400001e1   Data          13  main.o(.data)
    s_dist                                   0x400001ee   Data          12  main.o(.data)
    val                                      0x400001fc   Data           4  main.o(.data)
    ss                                       0x40000200   Data           4  main.o(.data)
    mob                                      0x40000204   Data          20  main.o(.data)
    dist                                     0x40000218   Data           4  main.o(.data)
    data                                     0x4000021c   Data           1  main.o(.data)
    latd1                                    0x40000220   Data           4  main.o(.data)
    longd1                                   0x40000224   Data           4  main.o(.data)
    kma                                      0x40000228   Data           4  main.o(.data)
    flg1                                     0x4000022c   Data           1  main.o(.data)
    flg2                                     0x4000022d   Data           1  main.o(.data)
    test                                     0x4000022e   Data           1  main.o(.data)
    flag                                     0x40000230   Data           4  main.o(.data)
    i                                        0x40000234   Data           1  main.o(.data)
    t                                        0x40000235   Data           1  main.o(.data)
    lat1                                     0x40000238   Data           4  main.o(.data)
    long1                                    0x4000023c   Data           4  main.o(.data)
    lat2                                     0x40000240   Data           4  main.o(.data)
    long2                                    0x40000244   Data           4  main.o(.data)
    dlat                                     0x40000248   Data           8  main.o(.data)
    dlong                                    0x40000250   Data           8  main.o(.data)
    p                                        0x40000258   Data           8  main.o(.data)
    q                                        0x40000260   Data           8  main.o(.data)
    d                                        0x40000268   Data           8  main.o(.data)
    s                                        0x40000270   Data           8  main.o(.data)
    ptr                                      0x40000278   Data           4  main.o(.data)
    str                                      0x4000027c   Data           4  main.o(.data)
    z                                        0x40000280   Data           4  main.o(.data)
    a                                        0x40000284   Data           4  main.o(.data)
    m                                        0x40000288   Data           4  main.o(.data)
    n                                        0x4000028c   Data           4  main.o(.data)
    cnt                                      0x40000290   Data           4  main.o(.data)
    xHandle                                  0x40000294   Data           4  main.o(.data)
    xHandle1                                 0x40000298   Data           4  main.o(.data)
    xHandle2                                 0x4000029c   Data           4  main.o(.data)
    xHandle3                                 0x400002a0   Data           4  main.o(.data)
    longi_data                               0x40003780   Data          13  main.o(.bss)
    lati_data                                0x4000378d   Data          12  main.o(.bss)
    x                                        0x40003799   Data          10  main.o(.bss)
    y                                        0x400037a3   Data          10  main.o(.bss)
    bx                                       0x400037ad   Data          10  main.o(.bss)
    __libspace_start                         0x400037b8   Data          96  libspace.o(.bss)
    __temporary_stack_top$libspace           0x40003818   Data           0  libspace.o(.bss)



==============================================================================

Memory Map of the image

  Image Entry point : 0x00000100

  Load Region LR_IROM1 (Base: 0x00000000, Size: 0x0000849c, Max: 0x00040000, ABSOLUTE, COMPRESSED[0x00008330])

    Execution Region ER_IROM1 (Base: 0x00000000, Size: 0x000081f8, Max: 0x00040000, ABSOLUTE)

    Base Addr    Size         Type   Attr      Idx    E Section Name        Object

    0x00000000   0x00000100   Code   RO            3    RESET               startup.o
    0x00000100   0x00000008   Code   RO          314  * !!!main             c_t.l(__main.o)
    0x00000108   0x0000003c   Code   RO          747    !!!scatter          c_t.l(__scatter.o)
    0x00000144   0x0000005c   Code   RO          745    !!dczerorl2         c_t.l(__dczerorl2.o)
    0x000001a0   0x0000002c   Code   RO          749    !!handler_zi        c_t.l(__scatter_zi.o)
    0x000001cc   0x00000008   Ven    RO          533    .ARM.Collect$$libinit$$00000000  c_t.l(libinit.o)
    0x000001d4   0x00000006   Code   RO          533    .ARM.Collect$$libinit$$00000000  c_t.l(libinit.o)
    0x000001da   0x00000000   Code   RO          536    .ARM.Collect$$libinit$$00000006  c_t.l(libinit2.o)
    0x000001da   0x00000000   Code   RO          538    .ARM.Collect$$libinit$$00000008  c_t.l(libinit2.o)
    0x000001da   0x00000000   Code   RO          540    .ARM.Collect$$libinit$$0000000A  c_t.l(libinit2.o)
    0x000001da   0x00000006   Code   RO          541    .ARM.Collect$$libinit$$0000000B  c_t.l(libinit2.o)
    0x000001e0   0x00000000   Code   RO          543    .ARM.Collect$$libinit$$0000000D  c_t.l(libinit2.o)
    0x000001e0   0x0000000c   Code   RO          544    .ARM.Collect$$libinit$$0000000E  c_t.l(libinit2.o)
    0x000001ec   0x00000000   Code   RO          545    .ARM.Collect$$libinit$$0000000F  c_t.l(libinit2.o)
    0x000001ec   0x00000000   Code   RO          547    .ARM.Collect$$libinit$$00000011  c_t.l(libinit2.o)
    0x000001ec   0x0000000a   Code   RO          548    .ARM.Collect$$libinit$$00000012  c_t.l(libinit2.o)
    0x000001f6   0x00000000   Code   RO          549    .ARM.Collect$$libinit$$00000013  c_t.l(libinit2.o)
    0x000001f6   0x00000000   Code   RO          551    .ARM.Collect$$libinit$$00000015  c_t.l(libinit2.o)
    0x000001f6   0x00000000   Code   RO          553    .ARM.Collect$$libinit$$00000017  c_t.l(libinit2.o)
    0x000001f6   0x00000000   Code   RO          555    .ARM.Collect$$libinit$$00000019  c_t.l(libinit2.o)
    0x000001f6   0x00000000   Code   RO          557    .ARM.Collect$$libinit$$0000001B  c_t.l(libinit2.o)
    0x000001f6   0x00000000   Code   RO          559    .ARM.Collect$$libinit$$0000001D  c_t.l(libinit2.o)
    0x000001f6   0x00000000   Code   RO          561    .ARM.Collect$$libinit$$0000001F  c_t.l(libinit2.o)
    0x000001f6   0x00000000   Code   RO          563    .ARM.Collect$$libinit$$00000021  c_t.l(libinit2.o)
    0x000001f6   0x00000000   Code   RO          567    .ARM.Collect$$libinit$$00000028  c_t.l(libinit2.o)
    0x000001f6   0x00000000   Code   RO          569    .ARM.Collect$$libinit$$0000002A  c_t.l(libinit2.o)
    0x000001f6   0x00000000   Code   RO          571    .ARM.Collect$$libinit$$0000002C  c_t.l(libinit2.o)
    0x000001f6   0x00000000   Code   RO          573    .ARM.Collect$$libinit$$0000002E  c_t.l(libinit2.o)
    0x000001f6   0x0000000c   Code   RO          574    .ARM.Collect$$libinit$$0000002F  c_t.l(libinit2.o)
    0x00000202   0x00000002   PAD
    0x00000204   0x00000008   Ven    RO          699    .ARM.Collect$$libshutdown$$00000000  c_t.l(libshutdown.o)
    0x0000020c   0x00000004   Code   RO          699    .ARM.Collect$$libshutdown$$00000000  c_t.l(libshutdown.o)
    0x00000210   0x00000000   Code   RO          730    .ARM.Collect$$libshutdown$$00000003  c_t.l(libshutdown2.o)
    0x00000210   0x00000000   Code   RO          733    .ARM.Collect$$libshutdown$$00000006  c_t.l(libshutdown2.o)
    0x00000210   0x00000000   Code   RO          736    .ARM.Collect$$libshutdown$$00000009  c_t.l(libshutdown2.o)
    0x00000210   0x00000000   Code   RO          738    .ARM.Collect$$libshutdown$$0000000B  c_t.l(libshutdown2.o)
    0x00000210   0x00000000   Code   RO          741    .ARM.Collect$$libshutdown$$0000000E  c_t.l(libshutdown2.o)
    0x00000210   0x00000006   Code   RO          742    .ARM.Collect$$libshutdown$$0000000F  c_t.l(libshutdown2.o)
    0x00000216   0x00000002   PAD
    0x00000218   0x00000000   Code   RO          400    .ARM.Collect$$rtentry$$00000000  c_t.l(rtentry.o)
    0x00000218   0x00000000   Code   RO          457    .ARM.Collect$$rtentry$$00000002  c_t.l(rtentry2.o)
    0x00000218   0x00000008   Code   RO          472    .ARM.Collect$$rtentry$$00000004  c_t.l(rtentry4.o)
    0x00000220   0x00000000   Code   RO          459    .ARM.Collect$$rtentry$$00000009  c_t.l(rtentry2.o)
    0x00000220   0x00000004   Code   RO          460    .ARM.Collect$$rtentry$$0000000A  c_t.l(rtentry2.o)
    0x00000224   0x00000000   Code   RO          462    .ARM.Collect$$rtentry$$0000000C  c_t.l(rtentry2.o)
    0x00000224   0x00000028   Code   RO          463    .ARM.Collect$$rtentry$$0000000D  c_t.l(rtentry2.o)
    0x0000024c   0x00000004   Ven    RO          577    .ARM.Collect$$rtexit$$00000000  c_t.l(rtexit.o)
    0x00000250   0x00000004   Code   RO          577    .ARM.Collect$$rtexit$$00000000  c_t.l(rtexit.o)
    0x00000254   0x00000000   Code   RO          646    .ARM.Collect$$rtexit$$00000002  c_t.l(rtexit2.o)
    0x00000254   0x00000004   Code   RO          647    .ARM.Collect$$rtexit$$00000003  c_t.l(rtexit2.o)
    0x00000258   0x00000008   Code   RO          648    .ARM.Collect$$rtexit$$00000004  c_t.l(rtexit2.o)
    0x00000260   0x00000020   Code   RO            4    .text               startup.o
    0x00000280   0x000010d0   Code   RO           11    .text               tasks.o
    0x00001350   0x00000114   Code   RO           74    .text               list.o
    0x00001464   0x00000194   Code   RO          107    .text               port.o
    0x000015f8   0x000001f4   Code   RO          122    .text               heap_2.o
    0x000017ec   0x00001c64   Code   RO          215    .text               main.o
    0x00003450   0x000000f8   Code   RO          251    .text               stof.o
    0x00003548   0x00000164   Code   RO          263    .text               ftos.o
    0x000036ac   0x000001c0   Code   RO          276    .text               lcdcmd.o
    0x0000386c   0x00000010   Code   RO          292    .text               c_t.l(aeabi_memset.o)
    0x0000387c   0x00000070   Code   RO          294    .text               c_t.l(strncpy.o)
    0x000038ec   0x00000004   Ven    RO          296    .text               c_t.l(aeabi_sdiv.o)
    0x000038f0   0x00000180   Code   RO          296    .text               c_t.l(aeabi_sdiv.o)
    0x00003a70   0x00000006   Code   RO          312    .text               c_t.l(heapauxi.o)
    0x00003a76   0x00000002   PAD
    0x00003a78   0x00000008   Ven    RO          406    .text               c_t.l(_rserrno.o)
    0x00003a80   0x0000001a   Code   RO          406    .text               c_t.l(_rserrno.o)
    0x00003a9a   0x00000002   PAD
    0x00003a9c   0x00000008   Ven    RO          408    .text               c_t.l(strtod.o)
    0x00003aa4   0x000000ac   Code   RO          408    .text               c_t.l(strtod.o)
    0x00003b50   0x00000040   Code   RO          412    .text               c_t.l(rt_memclr.o)
    0x00003b90   0x00000004   Ven    RO          479    .text               c_t.l(rt_errno_addr_intlibspace.o)
    0x00003b94   0x0000000c   Code   RO          479    .text               c_t.l(rt_errno_addr_intlibspace.o)
    0x00003ba0   0x00000016   Code   RO          481    .text               c_t.l(isspace.o)
    0x00003bb6   0x00000046   Code   RO          483    .text               c_t.l(_sgetc.o)
    0x00003bfc   0x00000054   Code   RO          488    .text               c_t.l(rt_memclr_w.o)
    0x00003c50   0x0000000c   Code   RO          506    .text               c_t.l(libspace.o)
    0x00003c5c   0x00000060   Code   RO          509    .text               c_t.l(sys_stackheap_outer.o)
    0x00003cbc   0x00000004   Ven    RO          511    .text               c_t.l(rt_ctype_table.o)
    0x00003cc0   0x00000018   Code   RO          511    .text               c_t.l(rt_ctype_table.o)
    0x00003cd8   0x000004e0   Code   RO          513    .text               c_t.l(scanf_fp.o)
    0x000041b8   0x0000000c   Code   RO          519    .text               c_t.l(exit.o)
    0x000041c4   0x000000a0   Code   RO          525    .text               c_t.l(strcmp.o)
    0x00004264   0x00000004   Ven    RO          584    .text               c_t.l(rt_locale_intlibspace.o)
    0x00004268   0x0000000c   Code   RO          584    .text               c_t.l(rt_locale_intlibspace.o)
    0x00004274   0x00000004   Ven    RO          586    .text               c_t.l(llmul.o)
    0x00004278   0x0000001c   Code   RO          586    .text               c_t.l(llmul.o)
    0x00004294   0x000000d8   Code   RO          588    .text               c_t.l(bigflt0.o)
    0x0000436c   0x00000008   Ven    RO          643    .text               c_t.l(sys_exit.o)
    0x00004374   0x0000000c   Code   RO          643    .text               c_t.l(sys_exit.o)
    0x00004380   0x0000000c   Code   RO          656    .text               c_t.l(rt_fp_status_addr_intlibspace.o)
    0x0000438c   0x00000008   Ven    RO          658    .text               c_t.l(scanf_hexfp.o)
    0x00004394   0x0000032c   Code   RO          658    .text               c_t.l(scanf_hexfp.o)
    0x000046c0   0x00000008   Ven    RO          660    .text               c_t.l(scanf_infnan.o)
    0x000046c8   0x00000154   Code   RO          660    .text               c_t.l(scanf_infnan.o)
    0x0000481c   0x00000004   Code   RO          682    .text               c_t.l(use_no_semi.o)
    0x00004820   0x00000000   Code   RO          684    .text               c_t.l(indicate_semi.o)
    0x00004820   0x00000004   Ven    RO          687    .text               c_t.l(llshl.o)
    0x00004824   0x00000028   Code   RO          687    .text               c_t.l(llshl.o)
    0x0000484c   0x00000022   Code   RO          689    .text               c_t.l(_chval.o)
    0x0000486e   0x00000002   PAD
    0x00004870   0x00000024   Code   RO          297    .text_udiv          c_t.l(aeabi_sdiv.o)
    0x00004894   0x0000034c   Code   RO          601    CL$$btod_div_common  c_t.l(btod.o)
    0x00004be0   0x00000064   Code   RO          599    CL$$btod_e2d        c_t.l(btod.o)
    0x00004c44   0x000000dc   Code   RO          598    CL$$btod_e2e        c_t.l(btod.o)
    0x00004d20   0x00000004   Ven    RO          595    CL$$btod_ediv       c_t.l(btod.o)
    0x00004d24   0x00000034   Code   RO          595    CL$$btod_ediv       c_t.l(btod.o)
    0x00004d58   0x00000004   Ven    RO          597    CL$$btod_edivd      c_t.l(btod.o)
    0x00004d5c   0x00000034   Code   RO          597    CL$$btod_edivd      c_t.l(btod.o)
    0x00004d90   0x00000004   Ven    RO          594    CL$$btod_emul       c_t.l(btod.o)
    0x00004d94   0x00000034   Code   RO          594    CL$$btod_emul       c_t.l(btod.o)
    0x00004dc8   0x00000004   Ven    RO          596    CL$$btod_emuld      c_t.l(btod.o)
    0x00004dcc   0x00000034   Code   RO          596    CL$$btod_emuld      c_t.l(btod.o)
    0x00004e00   0x00000268   Code   RO          600    CL$$btod_mult_common  c_t.l(btod.o)
    0x00005068   0x00000184   Code   RO          137    PORT_ASM            portasm.o
    0x000051ec   0x00000008   Ven    RO          777    Veneer$$Code        anon$$obj.o
    0x000051f4   0x0000000c   Ven    RO          778    Veneer$$Code        anon$$obj.o
    0x00005200   0x0000000c   Ven    RO          779    Veneer$$Code        anon$$obj.o
    0x0000520c   0x00000002   Code   RO          517    i.__ARM_common_call_via_r1  c_t.l(scanf_fp.o)
    0x0000520e   0x00000002   PAD
    0x00005210   0x00000030   Code   RO          502    i.__ARM_fpclassify  m_ts.l(fpclassify.o)
    0x00005240   0x000004f0   Code   RO          445    i.__ieee754_rem_pio2  m_ts.l(rred.o)
    0x00005730   0x0000019c   Code   RO          441    i.__kernel_cos      m_ts.l(cos_i.o)
    0x000058cc   0x00000100   Code   RO          504    i.__kernel_poly     m_ts.l(poly.o)
    0x000059cc   0x00000180   Code   RO          450    i.__kernel_sin      m_ts.l(sin_i.o)
    0x00005b4c   0x00000014   Code   RO          500    i.__mathlib_dbl_underflow  m_ts.l(dunder.o)
    0x00005b60   0x00000004   Ven    RO          637    i.__mathlib_narrow  m_ts.l(narrow.o)
    0x00005b64   0x0000001c   Code   RO          637    i.__mathlib_narrow  m_ts.l(narrow.o)
    0x00005b80   0x000000d8   Code   RO          638    i.__mathlib_tofloat  m_ts.l(narrow.o)
    0x00005c58   0x00000004   Ven    RO          701    i.__support_ldexp   m_ts.l(ldexp.o)
    0x00005c5c   0x00000024   Code   RO          701    i.__support_ldexp   m_ts.l(ldexp.o)
    0x00005c80   0x0000000e   Code   RO          515    i._is_digit         c_t.l(scanf_fp.o)
    0x00005c8e   0x00000002   PAD
    0x00005c90   0x00000358   Code   RO          432    i.atan              m_ts.l(atan.o)
    0x00005fe8   0x00000258   Code   RO          365    i.atan2             m_ts.l(atan2.o)
    0x00006240   0x00000048   Code   RO          373    i.atof              m_ts.l(atof.o)
    0x00006288   0x000000fc   Code   RO          377    i.cos               m_ts.l(cos.o)
    0x00006384   0x00000080   Code   RO          675    i.frexp             m_ts.l(frexp.o)
    0x00006404   0x000000d4   Code   RO          702    i.ldexp             m_ts.l(ldexp.o)
    0x000064d8   0x00000104   Code   RO          385    i.sin               m_ts.l(sin.o)
    0x000065dc   0x00000070   Code   RO          393    i.sqrt              m_ts.l(sqrt.o)
    0x0000664c   0x00000004   Ven    RO          486    locale$$code        c_t.l(lc_numeric_c.o)
    0x00006650   0x00000050   Code   RO          486    locale$$code        c_t.l(lc_numeric_c.o)
    0x000066a0   0x00000004   Ven    RO          614    locale$$code        c_t.l(lc_ctype_c.o)
    0x000066a4   0x00000050   Code   RO          614    locale$$code        c_t.l(lc_ctype_c.o)
    0x000066f4   0x0000006c   Code   RO          316    x$fpl$d2f           fz_ts.l(d2f.o)
    0x00006760   0x00000154   Code   RO          318    x$fpl$dadd          fz_ts.l(daddsub_noclz.o)
    0x000068b4   0x00000010   Code   RO          490    x$fpl$dcheck1       fz_ts.l(dcheck1.o)
    0x000068c4   0x0000001c   Code   RO          492    x$fpl$dcmpinf       fz_ts.l(dcmpi.o)
    0x000068e0   0x000002e0   Code   RO          325    x$fpl$ddiv          fz_ts.l(ddiv.o)
    0x00006bc0   0x00000094   Code   RO          672    x$fpl$deqf          fz_ts.l(deqf.o)
    0x00006c54   0x00000070   Code   RO          494    x$fpl$dfix          fz_ts.l(dfix.o)
    0x00006cc4   0x00000058   Code   RO          329    x$fpl$dflt          fz_ts.l(dflt_noclz.o)
    0x00006d1c   0x0000000c   Code   RO          328    x$fpl$dfltu         fz_ts.l(dflt_noclz.o)
    0x00006d28   0x00000094   Code   RO          414    x$fpl$dleqf         fz_ts.l(dleqf.o)
    0x00006dbc   0x00000180   Code   RO          332    x$fpl$dmul          fz_ts.l(dmul.o)
    0x00006f3c   0x000000c0   Code   RO          416    x$fpl$dnaninf       fz_ts.l(dnaninf.o)
    0x00006ffc   0x00000010   Code   RO          418    x$fpl$dretinf       fz_ts.l(dretinf.o)
    0x0000700c   0x0000008c   Code   RO          334    x$fpl$drleqf        fz_ts.l(drleqf.o)
    0x00007098   0x00000018   Code   RO          319    x$fpl$drsb          fz_ts.l(daddsub_noclz.o)
    0x000070b0   0x00000208   Code   RO          420    x$fpl$dsqrt         fz_ts.l(dsqrt_noumaal.o)
    0x000072b8   0x00000244   Code   RO          320    x$fpl$dsub          fz_ts.l(daddsub_noclz.o)
    0x000074fc   0x00000064   Code   RO          336    x$fpl$f2d           fz_ts.l(f2d.o)
    0x00007560   0x000000c4   Code   RO          338    x$fpl$fadd          fz_ts.l(faddsub_noclz.o)
    0x00007624   0x0000001c   Code   RO          422    x$fpl$fcmpinf       fz_ts.l(fcmpi.o)
    0x00007640   0x00000190   Code   RO          345    x$fpl$fdiv          fz_ts.l(fdiv.o)
    0x000077d0   0x00000084   Code   RO          348    x$fpl$feqf          fz_ts.l(feqf.o)
    0x00007854   0x00000044   Code   RO          350    x$fpl$ffix          fz_ts.l(ffix.o)
    0x00007898   0x0000005c   Code   RO          355    x$fpl$fflt          fz_ts.l(fflt_noclz.o)
    0x000078f4   0x00000008   Code   RO          354    x$fpl$ffltu         fz_ts.l(fflt_noclz.o)
    0x000078fc   0x00000084   Code   RO          358    x$fpl$fleqf         fz_ts.l(fleqf.o)
    0x00007980   0x00000100   Code   RO          360    x$fpl$fmul          fz_ts.l(fmul.o)
    0x00007a80   0x000000a8   Code   RO          424    x$fpl$fnaninf       fz_ts.l(fnaninf.o)
    0x00007b28   0x00000004   Ven    RO          625    x$fpl$fpinit        fz_ts.l(fpinit.o)
    0x00007b2c   0x00000018   Code   RO          625    x$fpl$fpinit        fz_ts.l(fpinit.o)
    0x00007b44   0x00000010   Code   RO          426    x$fpl$fretinf       fz_ts.l(fretinf.o)
    0x00007b54   0x0000007c   Code   RO          362    x$fpl$frleqf        fz_ts.l(frleqf.o)
    0x00007bd0   0x00000014   Code   RO          339    x$fpl$frsb          fz_ts.l(faddsub_noclz.o)
    0x00007be4   0x00000130   Code   RO          340    x$fpl$fsub          fz_ts.l(faddsub_noclz.o)
    0x00007d14   0x00000004   Ven    RO          627    x$fpl$ieeestatus    fz_ts.l(istatus.o)
    0x00007d18   0x00000008   Code   RO          627    x$fpl$ieeestatus    fz_ts.l(istatus.o)
    0x00007d20   0x00000074   Code   RO          575    x$fpl$retnan        fz_ts.l(retnan.o)
    0x00007d94   0x0000006c   Code   RO          428    x$fpl$scalbn        fz_ts.l(scalbn.o)
    0x00007e00   0x00000004   Ven    RO          498    x$fpl$scanf1        fz_ts.l(scanf1.o)
    0x00007e04   0x00000004   Code   RO          498    x$fpl$scanf1        fz_ts.l(scanf1.o)
    0x00007e08   0x00000004   Ven    RO          629    x$fpl$scanf2        fz_ts.l(scanf2.o)
    0x00007e0c   0x00000008   Code   RO          629    x$fpl$scanf2        fz_ts.l(scanf2.o)
    0x00007e14   0x0000003c   Code   RO          635    x$fpl$trapveneer    fz_ts.l(trapv.o)
    0x00007e50   0x00000000   Code   RO          430    x$fpl$usenofp       fz_ts.l(usenofp.o)
    0x00007e50   0x00000098   Data   RO          433    .constdata          m_ts.l(atan.o)
    0x00007ee8   0x00000030   Data   RO          442    .constdata          m_ts.l(cos_i.o)
    0x00007f18   0x00000008   Data   RO          444    .constdata          m_ts.l(qnan.o)
    0x00007f20   0x000000c8   Data   RO          447    .constdata          m_ts.l(rred.o)
    0x00007fe8   0x00000028   Data   RO          451    .constdata          m_ts.l(sin_i.o)
    0x00008010   0x00000094   Data   RO          589    .constdata          c_t.l(bigflt0.o)
    0x000080a4   0x00000020   Data   RO          743    Region$$Table       anon$$obj.o
    0x000080c4   0x00000008   Data   RO          622    c$$dinf             fz_ts.l(fpconst.o)
    0x000080cc   0x0000001c   Data   RO          485    locale$$data        c_t.l(lc_numeric_c.o)
    0x000080e8   0x00000110   Data   RO          613    locale$$data        c_t.l(lc_ctype_c.o)


    Execution Region RW_IRAM1 (Base: 0x40000000, Size: 0x00003e38, Max: 0x00004000, ABSOLUTE, COMPRESSED[0x00000138])

    Base Addr    Size         Type   Attr      Idx    E Section Name        Object

    0x40000000   0x0000003c   Data   RW           13    .data               tasks.o
    0x4000003c   0x00000004   Data   RW          108    .data               port.o
    0x40000040   0x00000018   Data   RW          124    .data               heap_2.o
    0x40000058   0x0000024c   Data   RW          218    .data               main.o
    0x400002a4   0x000000dc   Zero   RW           12    .bss                tasks.o
    0x40000380   0x00003400   Zero   RW          123    .bss                heap_2.o
    0x40003780   0x00000037   Zero   RW          216    .bss                main.o
    0x400037b7   0x00000001   PAD
    0x400037b8   0x00000060   Zero   RW          507    .bss                c_t.l(libspace.o)
    0x40003818   0x00000000   Zero   RW            2    HEAP                startup.o
    0x40003818   0x00000620   Zero   RW            1    STACK               startup.o


==============================================================================

Image component sizes


      Code (inc. data)   RO Data    RW Data    ZI Data      Debug   Object Name

       356          8          0          0          0        727   ftos.o
       500         20          0         24      13312       3476   heap_2.o
       448         16          0          0          0       1154   lcdcmd.o
       276          0          0          0          0       2989   list.o
      7268        412          0        588         55       9856   main.o
       404         28          0          4          0       1779   port.o
       388         24          0          0          0        328   portasm.o
       288         60          0          0       1568        540   startup.o
       248          0          0          0          0        803   stof.o
      4304         96          0         60        220      18822   tasks.o

    ----------------------------------------------------------------------
     14512        672         32        676      15156      40474   Object Totals
        32          8         32          0          0          0   (incl. Generated)
         0          0          0          0          1          0   (incl. Padding)

    ----------------------------------------------------------------------

      Code (inc. data)   RO Data    RW Data    ZI Data      Debug   Library Member Name

        92          0          0          0          0          0   __dczerorl2.o
         8          0          0          0          0         68   __main.o
        60          8          0          0          0          0   __scatter.o
        44          0          0          0          0          0   __scatter_zi.o
        34          0          0          0          0         60   _chval.o
        34          0          0          0          0        104   _rserrno.o
        70          0          0          0          0         76   _sgetc.o
        16          0          0          0          0         68   aeabi_memset.o
       424          0          0          0          0        148   aeabi_sdiv.o
       216          6        148          0          0         96   bigflt0.o
      2004        132          0          0          0        780   btod.o
        12          0          0          0          0         64   exit.o
         6          0          0          0          0        136   heapauxi.o
         0          0          0          0          0          0   indicate_semi.o
        22          0          0          0          0         80   isspace.o
        84          8        272          0          0         92   lc_ctype_c.o
        84          8         28          0          0         92   lc_numeric_c.o
        14          0          0          0          0          0   libinit.o
        40          0          0          0          0          0   libinit2.o
        12          0          0          0          0          0   libshutdown.o
         6          0          0          0          0          0   libshutdown2.o
        12          4          0          0         96         68   libspace.o
        32          0          0          0          0         80   llmul.o
        44          0          0          0          0         68   llshl.o
        28          4          0          0          0         84   rt_ctype_table.o
        16          4          0          0          0         68   rt_errno_addr_intlibspace.o
        12          4          0          0          0         68   rt_fp_status_addr_intlibspace.o
        16          4          0          0          0         68   rt_locale_intlibspace.o
        64          0          0          0          0         68   rt_memclr.o
        84          0          0          0          0         80   rt_memclr_w.o
         0          0          0          0          0          0   rtentry.o
        44          4          0          0          0          0   rtentry2.o
         8          0          0          0          0          0   rtentry4.o
         8          0          0          0          0          0   rtexit.o
        12          0          0          0          0          0   rtexit2.o
      1264         24          0          0          0        260   scanf_fp.o
       820         12          0          0          0        100   scanf_hexfp.o
       348         18          0          0          0        100   scanf_infnan.o
       160          4          0          0          0         80   strcmp.o
       112          4          0          0          0         84   strncpy.o
       180         18          0          0          0        132   strtod.o
        20          4          0          0          0         60   sys_exit.o
        96          0          0          0          0         80   sys_stackheap_outer.o
         4          0          0          0          0         68   use_no_semi.o
       108          4          0          0          0         92   d2f.o
       944         16          0          0          0        372   daddsub_noclz.o
        16          4          0          0          0         68   dcheck1.o
        28          0          0          0          0         68   dcmpi.o
       736        140          0          0          0        232   ddiv.o
       148          4          0          0          0         92   deqf.o
       112          4          0          0          0         92   dfix.o
       100          0          0          0          0        136   dflt_noclz.o
       148          4          0          0          0         92   dleqf.o
       384         16          0          0          0        124   dmul.o
       192          0          0          0          0        108   dnaninf.o
        16          0          0          0          0         68   dretinf.o
       140          0          0          0          0         80   drleqf.o
       520         56          0          0          0        144   dsqrt_noumaal.o
       100          4          0          0          0         84   f2d.o
       520          8          0          0          0        236   faddsub_noclz.o
        28          0          0          0          0         68   fcmpi.o
       400         76          0          0          0         96   fdiv.o
       132          4          0          0          0         84   feqf.o
        68          4          0          0          0         84   ffix.o
       100          0          0          0          0        136   fflt_noclz.o
       132          4          0          0          0         84   fleqf.o
       256          4          0          0          0         84   fmul.o
       168          0          0          0          0        100   fnaninf.o
         0          0          8          0          0          0   fpconst.o
        28          0          0          0          0         80   fpinit.o
        16          0          0          0          0         68   fretinf.o
       124          0          0          0          0         68   frleqf.o
        12          0          0          0          0         68   istatus.o
       116          0          0          0          0         68   retnan.o
       108          0          0          0          0         68   scalbn.o
         8          0          0          0          0         68   scanf1.o
        12          0          0          0          0         84   scanf2.o
        60          0          0          0          0         68   trapv.o
         0          0          0          0          0          0   usenofp.o
       856         28        152          0          0        204   atan.o
       600         32          0          0          0        308   atan2.o
        72          0          0          0          0         92   atof.o
       252          4          0          0          0        132   cos.o
       412          8         48          0          0        156   cos_i.o
        20          0          0          0          0         68   dunder.o
        48          0          0          0          0         68   fpclassify.o
       128          0          0          0          0         96   frexp.o
       252          0          0          0          0        188   ldexp.o
       248          0          0          0          0        184   narrow.o
       256          0          0          0          0        116   poly.o
         0          0          8          0          0          0   qnan.o
      1264         64        200          0          0        124   rred.o
       260          4          0          0          0        136   sin.o
       384         12         40          0          0        160   sin_i.o
       112          0          0          0          0        100   sqrt.o

    ----------------------------------------------------------------------
     17824        774        904          0         96       9076   Library Totals
        14          0          0          0          0          0   (incl. Padding)

    ----------------------------------------------------------------------

      Code (inc. data)   RO Data    RW Data    ZI Data      Debug   Library Name

      6666        270        448          0         96       3480   c_t.l
      5980        352          8          0          0       3464   fz_ts.l
      5164        152        448          0          0       2132   m_ts.l

    ----------------------------------------------------------------------
     17824        774        904          0         96       9076   Library Totals

    ----------------------------------------------------------------------

==============================================================================


      Code (inc. data)   RO Data    RW Data    ZI Data      Debug   

     32336       1446        936        676      15252      43934   Grand Totals
     32336       1446        936        312      15252      43934   ELF Image Totals (compressed)
     32336       1446        936        312          0          0   ROM Totals

==============================================================================

    Total RO  Size (Code + RO Data)                33272 (  32.49kB)
    Total RW  Size (RW Data + ZI Data)             15928 (  15.55kB)
    Total ROM Size (Code + RO Data + RW Data)      33584 (  32.80kB)

==============================================================================

