<html>
<body>
<pre>
<h1>µVision Build Log</h1>
<h2>Project:</h2>
C:\Documents and Settings\RND\Desktop\Geo_Fencing_RTOS_1\Demo\ARM7_LPC2129_Keil_RVDS\RTOSDemo.uvproj
Project File Date:  06/22/2012

<h2>Output:</h2>
Build target 'RTOSDemo_ARM'
assembling Startup.s...
compiling tasks.c...
compiling list.c...
compiling queue.c...
compiling port.c...
..\..\Source\portable\RVDS\ARM7_LPC21xx\port.c(241): warning:  #550-D: variable "ulCompareMatch" was set but never used
compiling heap_2.c...
assembling portASM.s...
compiling BlockQ.c...
compiling dynamic.c...
compiling PollQ.c...
compiling semtest.c...
compiling main.c...
main.c(287): warning:  #550-D: variable "c" was set but never used
main.c(997): warning:  #167-D: argument of type "unsigned char *" is incompatible with parameter of type "const char *"
compiling stof.c...
compiling ftos.c...
compiling lcdcmd.c...
linking...
Program Size: Code=31912 RO-data=936 RW-data=604 ZI-data=15244  
FromELF: creating hex file...
"Geo_Fencing_RTOS.axf" - 0 Error(s), 3 Warning(s).
Build target 'RTOSDemo_ARM'
assembling Startup.s...
compiling tasks.c...
compiling list.c...
compiling queue.c...
compiling port.c...
..\..\Source\portable\RVDS\ARM7_LPC21xx\port.c(241): warning:  #550-D: variable "ulCompareMatch" was set but never used
compiling heap_2.c...
assembling portASM.s...
compiling BlockQ.c...
compiling dynamic.c...
compiling PollQ.c...
compiling semtest.c...
compiling main.c...
main.c(287): warning:  #550-D: variable "c" was set but never used
main.c(997): warning:  #167-D: argument of type "unsigned char *" is incompatible with parameter of type "const char *"
compiling stof.c...
compiling ftos.c...
compiling lcdcmd.c...
linking...
Program Size: Code=31912 RO-data=936 RW-data=604 ZI-data=15244  
FromELF: creating hex file...
"Geo_Fencing_RTOS.axf" - 0 Error(s), 3 Warning(s).
Build target 'RTOSDemo_ARM'
assembling Startup.s...
compiling tasks.c...
compiling list.c...
compiling queue.c...
compiling port.c...
..\..\Source\portable\RVDS\ARM7_LPC21xx\port.c(241): warning:  #550-D: variable "ulCompareMatch" was set but never used
compiling heap_2.c...
assembling portASM.s...
compiling BlockQ.c...
compiling dynamic.c...
compiling PollQ.c...
compiling semtest.c...
compiling main.c...
main.c(287): warning:  #550-D: variable "c" was set but never used
main.c(579): error:  #20: identifier "ijk" is undefined
main.c(591): error:  #20: identifier "c" is undefined
main.c(594): warning:  #111-D: statement is unreachable
main.c(587): error:  #114: label "exit" was referenced but not defined
main.c(1017): warning:  #167-D: argument of type "unsigned char *" is incompatible with parameter of type "const char *"
compiling stof.c...
compiling ftos.c...
compiling lcdcmd.c...
Target not created
Build target 'RTOSDemo_ARM'
assembling Startup.s...
compiling tasks.c...
compiling list.c...
compiling queue.c...
compiling port.c...
..\..\Source\portable\RVDS\ARM7_LPC21xx\port.c(241): warning:  #550-D: variable "ulCompareMatch" was set but never used
compiling heap_2.c...
assembling portASM.s...
compiling BlockQ.c...
compiling dynamic.c...
compiling PollQ.c...
compiling semtest.c...
compiling main.c...
main.c(287): warning:  #550-D: variable "c" was set but never used
main.c(590): error:  #20: identifier "c" is undefined
main.c(593): warning:  #111-D: statement is unreachable
main.c(586): error:  #114: label "exit" was referenced but not defined
main.c(1016): warning:  #167-D: argument of type "unsigned char *" is incompatible with parameter of type "const char *"
compiling stof.c...
compiling ftos.c...
compiling lcdcmd.c...
Target not created
Build target 'RTOSDemo_ARM'
assembling Startup.s...
compiling tasks.c...
compiling list.c...
compiling queue.c...
compiling port.c...
..\..\Source\portable\RVDS\ARM7_LPC21xx\port.c(241): warning:  #550-D: variable "ulCompareMatch" was set but never used
compiling heap_2.c...
assembling portASM.s...
compiling BlockQ.c...
compiling dynamic.c...
compiling PollQ.c...
compiling semtest.c...
compiling main.c...
main.c(287): warning:  #550-D: variable "c" was set but never used
main.c(594): warning:  #111-D: statement is unreachable
main.c(560): warning:  #550-D: variable "c" was set but never used
main.c(587): error:  #114: label "exit" was referenced but not defined
main.c(1017): warning:  #167-D: argument of type "unsigned char *" is incompatible with parameter of type "const char *"
compiling stof.c...
compiling ftos.c...
compiling lcdcmd.c...
Target not created
Build target 'RTOSDemo_ARM'
assembling Startup.s...
compiling tasks.c...
compiling list.c...
compiling queue.c...
compiling port.c...
..\..\Source\portable\RVDS\ARM7_LPC21xx\port.c(241): warning:  #550-D: variable "ulCompareMatch" was set but never used
compiling heap_2.c...
assembling portASM.s...
compiling BlockQ.c...
compiling dynamic.c...
compiling PollQ.c...
compiling semtest.c...
compiling main.c...
main.c(287): warning:  #550-D: variable "c" was set but never used
main.c(560): warning:  #550-D: variable "c" was set but never used
main.c(1018): warning:  #167-D: argument of type "unsigned char *" is incompatible with parameter of type "const char *"
compiling stof.c...
compiling ftos.c...
compiling lcdcmd.c...
linking...
Program Size: Code=32000 RO-data=936 RW-data=604 ZI-data=15244  
FromELF: creating hex file...
"Geo_Fencing_RTOS.axf" - 0 Error(s), 4 Warning(s).
Build target 'RTOSDemo_ARM'
assembling Startup.s...
compiling tasks.c...
compiling list.c...
compiling queue.c...
compiling port.c...
..\..\Source\portable\RVDS\ARM7_LPC21xx\port.c(241): warning:  #550-D: variable "ulCompareMatch" was set but never used
compiling heap_2.c...
assembling portASM.s...
compiling BlockQ.c...
compiling dynamic.c...
compiling PollQ.c...
compiling semtest.c...
compiling main.c...
main.c(287): warning:  #550-D: variable "c" was set but never used
main.c(560): warning:  #550-D: variable "c" was set but never used
main.c(1018): warning:  #167-D: argument of type "unsigned char *" is incompatible with parameter of type "const char *"
compiling stof.c...
compiling ftos.c...
compiling lcdcmd.c...
linking...
Program Size: Code=32000 RO-data=936 RW-data=604 ZI-data=15244  
FromELF: creating hex file...
"Geo_Fencing_RTOS.axf" - 0 Error(s), 4 Warning(s).
Build target 'RTOSDemo_ARM'
assembling Startup.s...
compiling tasks.c...
compiling list.c...
compiling queue.c...
compiling port.c...
..\..\Source\portable\RVDS\ARM7_LPC21xx\port.c(241): warning:  #550-D: variable "ulCompareMatch" was set but never used
compiling heap_2.c...
assembling portASM.s...
compiling BlockQ.c...
compiling dynamic.c...
compiling PollQ.c...
compiling semtest.c...
compiling main.c...
main.c(287): warning:  #550-D: variable "c" was set but never used
main.c(560): warning:  #550-D: variable "c" was set but never used
main.c(1017): warning:  #167-D: argument of type "unsigned char *" is incompatible with parameter of type "const char *"
compiling stof.c...
compiling ftos.c...
compiling lcdcmd.c...
linking...
Program Size: Code=32008 RO-data=936 RW-data=604 ZI-data=15244  
FromELF: creating hex file...
"Geo_Fencing_RTOS.axf" - 0 Error(s), 4 Warning(s).
Build target 'RTOSDemo_ARM'
assembling Startup.s...
compiling tasks.c...
compiling list.c...
compiling queue.c...
compiling port.c...
..\..\Source\portable\RVDS\ARM7_LPC21xx\port.c(241): warning:  #550-D: variable "ulCompareMatch" was set but never used
compiling heap_2.c...
assembling portASM.s...
compiling BlockQ.c...
compiling dynamic.c...
compiling PollQ.c...
compiling semtest.c...
compiling main.c...
main.c(287): warning:  #550-D: variable "c" was set but never used
main.c(559): warning:  #177-D: variable "ijk" was declared but never referenced
main.c(560): warning:  #177-D: variable "c" was declared but never referenced
main.c(1017): warning:  #167-D: argument of type "unsigned char *" is incompatible with parameter of type "const char *"
compiling stof.c...
compiling ftos.c...
compiling lcdcmd.c...
linking...
Program Size: Code=31928 RO-data=936 RW-data=604 ZI-data=15244  
FromELF: creating hex file...
"Geo_Fencing_RTOS.axf" - 0 Error(s), 5 Warning(s).
Build target 'RTOSDemo_ARM'
assembling Startup.s...
compiling tasks.c...
compiling list.c...
compiling queue.c...
compiling port.c...
..\..\Source\portable\RVDS\ARM7_LPC21xx\port.c(241): warning:  #550-D: variable "ulCompareMatch" was set but never used
compiling heap_2.c...
assembling portASM.s...
compiling BlockQ.c...
compiling dynamic.c...
compiling PollQ.c...
compiling semtest.c...
compiling main.c...
main.c(287): warning:  #550-D: variable "c" was set but never used
main.c(559): warning:  #177-D: variable "ijk" was declared but never referenced
main.c(560): warning:  #177-D: variable "c" was declared but never referenced
main.c(1017): warning:  #167-D: argument of type "unsigned char *" is incompatible with parameter of type "const char *"
compiling stof.c...
compiling ftos.c...
compiling lcdcmd.c...
linking...
Program Size: Code=31928 RO-data=936 RW-data=604 ZI-data=15244  
FromELF: creating hex file...
"Geo_Fencing_RTOS.axf" - 0 Error(s), 5 Warning(s).
Build target 'RTOSDemo_ARM'
assembling Startup.s...
compiling tasks.c...
compiling list.c...
compiling queue.c...
compiling port.c...
..\..\Source\portable\RVDS\ARM7_LPC21xx\port.c(241): warning:  #550-D: variable "ulCompareMatch" was set but never used
compiling heap_2.c...
assembling portASM.s...
compiling BlockQ.c...
compiling dynamic.c...
compiling PollQ.c...
compiling semtest.c...
compiling main.c...
main.c(287): warning:  #550-D: variable "c" was set but never used
main.c(559): warning:  #177-D: variable "ijk" was declared but never referenced
main.c(560): warning:  #177-D: variable "c" was declared but never referenced
main.c(1018): warning:  #167-D: argument of type "unsigned char *" is incompatible with parameter of type "const char *"
compiling stof.c...
compiling ftos.c...
compiling lcdcmd.c...
linking...
Program Size: Code=32016 RO-data=936 RW-data=604 ZI-data=15244  
FromELF: creating hex file...
"Geo_Fencing_RTOS.axf" - 0 Error(s), 5 Warning(s).
Build target 'RTOSDemo_ARM'
assembling Startup.s...
compiling tasks.c...
compiling list.c...
compiling queue.c...
compiling port.c...
..\..\Source\portable\RVDS\ARM7_LPC21xx\port.c(241): warning:  #550-D: variable "ulCompareMatch" was set but never used
compiling heap_2.c...
assembling portASM.s...
compiling BlockQ.c...
compiling dynamic.c...
compiling PollQ.c...
compiling semtest.c...
compiling main.c...
main.c(287): warning:  #550-D: variable "c" was set but never used
main.c(595): error:  #20: identifier "ww" is undefined
main.c(1016): warning:  #167-D: argument of type "unsigned char *" is incompatible with parameter of type "const char *"
compiling stof.c...
compiling ftos.c...
compiling lcdcmd.c...
Target not created
Build target 'RTOSDemo_ARM'
assembling Startup.s...
compiling tasks.c...
compiling list.c...
compiling queue.c...
compiling port.c...
..\..\Source\portable\RVDS\ARM7_LPC21xx\port.c(241): warning:  #550-D: variable "ulCompareMatch" was set but never used
compiling heap_2.c...
assembling portASM.s...
compiling BlockQ.c...
compiling dynamic.c...
compiling PollQ.c...
compiling semtest.c...
compiling main.c...
main.c(283): warning:  #550-D: variable "c" was set but never used
main.c(976): warning:  #167-D: argument of type "unsigned char *" is incompatible with parameter of type "const char *"
compiling stof.c...
compiling ftos.c...
compiling lcdcmd.c...
linking...
Program Size: Code=31872 RO-data=936 RW-data=572 ZI-data=15244  
FromELF: creating hex file...
"Geo_Fencing_RTOS.axf" - 0 Error(s), 3 Warning(s).
Build target 'RTOSDemo_ARM'
assembling Startup.s...
compiling tasks.c...
compiling list.c...
compiling queue.c...
compiling port.c...
..\..\Source\portable\RVDS\ARM7_LPC21xx\port.c(241): warning:  #550-D: variable "ulCompareMatch" was set but never used
compiling heap_2.c...
assembling portASM.s...
compiling BlockQ.c...
compiling dynamic.c...
compiling PollQ.c...
compiling semtest.c...
compiling main.c...
main.c(283): warning:  #550-D: variable "c" was set but never used
main.c(976): warning:  #167-D: argument of type "unsigned char *" is incompatible with parameter of type "const char *"
compiling stof.c...
compiling ftos.c...
compiling lcdcmd.c...
linking...
Program Size: Code=31872 RO-data=936 RW-data=572 ZI-data=15244  
FromELF: creating hex file...
"Geo_Fencing_RTOS.axf" - 0 Error(s), 3 Warning(s).
Build target 'RTOSDemo_ARM'
assembling Startup.s...
compiling tasks.c...
compiling list.c...
compiling queue.c...
compiling port.c...
..\..\Source\portable\RVDS\ARM7_LPC21xx\port.c(241): warning:  #550-D: variable "ulCompareMatch" was set but never used
compiling heap_2.c...
assembling portASM.s...
compiling BlockQ.c...
compiling dynamic.c...
compiling PollQ.c...
compiling semtest.c...
compiling main.c...
main.c(283): warning:  #550-D: variable "c" was set but never used
main.c(976): warning:  #167-D: argument of type "unsigned char *" is incompatible with parameter of type "const char *"
compiling stof.c...
compiling ftos.c...
compiling lcdcmd.c...
linking...
Program Size: Code=31856 RO-data=936 RW-data=572 ZI-data=15244  
FromELF: creating hex file...
"Geo_Fencing_RTOS.axf" - 0 Error(s), 3 Warning(s).
Build target 'RTOSDemo_ARM'
assembling Startup.s...
compiling tasks.c...
compiling list.c...
compiling queue.c...
compiling port.c...
..\..\Source\portable\RVDS\ARM7_LPC21xx\port.c(241): warning:  #550-D: variable "ulCompareMatch" was set but never used
compiling heap_2.c...
assembling portASM.s...
compiling BlockQ.c...
compiling dynamic.c...
compiling PollQ.c...
compiling semtest.c...
compiling main.c...
main.c(283): warning:  #550-D: variable "c" was set but never used
main.c(555): warning:  #177-D: variable "ww" was declared but never referenced
main.c(974): warning:  #167-D: argument of type "unsigned char *" is incompatible with parameter of type "const char *"
compiling stof.c...
compiling ftos.c...
compiling lcdcmd.c...
linking...
Program Size: Code=31792 RO-data=936 RW-data=572 ZI-data=15244  
FromELF: creating hex file...
"Geo_Fencing_RTOS.axf" - 0 Error(s), 4 Warning(s).
Build target 'RTOSDemo_ARM'
assembling Startup.s...
compiling tasks.c...
compiling list.c...
compiling queue.c...
compiling port.c...
..\..\Source\portable\RVDS\ARM7_LPC21xx\port.c(241): warning:  #550-D: variable "ulCompareMatch" was set but never used
compiling heap_2.c...
assembling portASM.s...
compiling BlockQ.c...
compiling dynamic.c...
compiling PollQ.c...
compiling semtest.c...
compiling main.c...
main.c(283): warning:  #550-D: variable "c" was set but never used
main.c(973): warning:  #167-D: argument of type "unsigned char *" is incompatible with parameter of type "const char *"
compiling stof.c...
compiling ftos.c...
compiling lcdcmd.c...
linking...
Program Size: Code=31784 RO-data=936 RW-data=572 ZI-data=15244  
FromELF: creating hex file...
"Geo_Fencing_RTOS.axf" - 0 Error(s), 3 Warning(s).
Build target 'RTOSDemo_ARM'
assembling Startup.s...
compiling tasks.c...
compiling list.c...
compiling queue.c...
compiling port.c...
..\..\Source\portable\RVDS\ARM7_LPC21xx\port.c(241): warning:  #550-D: variable "ulCompareMatch" was set but never used
compiling heap_2.c...
assembling portASM.s...
compiling BlockQ.c...
compiling dynamic.c...
compiling PollQ.c...
compiling semtest.c...
compiling main.c...
main.c(283): warning:  #550-D: variable "c" was set but never used
main.c(973): warning:  #167-D: argument of type "unsigned char *" is incompatible with parameter of type "const char *"
compiling stof.c...
compiling ftos.c...
compiling lcdcmd.c...
linking...
Program Size: Code=31784 RO-data=936 RW-data=572 ZI-data=15244  
FromELF: creating hex file...
"Geo_Fencing_RTOS.axf" - 0 Error(s), 3 Warning(s).
Build target 'RTOSDemo_ARM'
assembling Startup.s...
compiling tasks.c...
compiling list.c...
compiling queue.c...
compiling port.c...
..\..\Source\portable\RVDS\ARM7_LPC21xx\port.c(241): warning:  #550-D: variable "ulCompareMatch" was set but never used
compiling heap_2.c...
assembling portASM.s...
compiling BlockQ.c...
compiling dynamic.c...
compiling PollQ.c...
compiling semtest.c...
compiling main.c...
main.c(283): warning:  #550-D: variable "c" was set but never used
main.c(973): warning:  #167-D: argument of type "unsigned char *" is incompatible with parameter of type "const char *"
compiling stof.c...
compiling ftos.c...
compiling lcdcmd.c...
linking...
Program Size: Code=31784 RO-data=936 RW-data=572 ZI-data=15244  
FromELF: creating hex file...
"Geo_Fencing_RTOS.axf" - 0 Error(s), 3 Warning(s).
Build target 'RTOSDemo_ARM'
assembling Startup.s...
compiling tasks.c...
compiling list.c...
compiling queue.c...
compiling port.c...
..\..\Source\portable\RVDS\ARM7_LPC21xx\port.c(241): warning:  #550-D: variable "ulCompareMatch" was set but never used
compiling heap_2.c...
assembling portASM.s...
compiling BlockQ.c...
compiling dynamic.c...
compiling PollQ.c...
compiling semtest.c...
compiling main.c...
main.c(283): warning:  #550-D: variable "c" was set but never used
main.c(973): warning:  #167-D: argument of type "unsigned char *" is incompatible with parameter of type "const char *"
compiling stof.c...
compiling ftos.c...
compiling lcdcmd.c...
linking...
Program Size: Code=31784 RO-data=936 RW-data=572 ZI-data=15244  
FromELF: creating hex file...
"Geo_Fencing_RTOS_1.axf" - 0 Error(s), 3 Warning(s).
