ARM Linker, 4.1 [Build 713] [Evaluation]

==============================================================================

Section Cross References

    startup.o(STACK) refers (Special) to heapauxi.o(.text) for __use_two_region_memory
    startup.o(HEAP) refers (Special) to heapauxi.o(.text) for __use_two_region_memory
    startup.o(RESET) refers (Special) to heapauxi.o(.text) for __use_two_region_memory
    startup.o(RESET) refers to portasm.o(PORT_ASM) for vPortYieldProcessor
    startup.o(RESET) refers to startup.o(STACK) for Stack_Top
    startup.o(RESET) refers to __main.o(!!!main) for __main
    startup.o(.text) refers (Special) to heapauxi.o(.text) for __use_two_region_memory
    startup.o(.text) refers to startup.o(HEAP) for Heap_Mem
    startup.o(.text) refers to startup.o(STACK) for Stack_Mem
    tasks.o(.text) refers to list.o(.text) for vListInitialise
    tasks.o(.text) refers to strncpy.o(.text) for strncpy
    tasks.o(.text) refers to heap_2.o(.text) for pvPortMalloc
    tasks.o(.text) refers to aeabi_memset.o(.text) for __aeabi_memset
    tasks.o(.text) refers to port.o(.text) for pxPortInitialiseStack
    tasks.o(.text) refers to portasm.o(PORT_ASM) for vPortYield
    tasks.o(.text) refers to tasks.o(.bss) for pxReadyTasksLists
    tasks.o(.text) refers to tasks.o(.data) for pxDelayedTaskList
    queue.o(.text) refers to heap_2.o(.text) for pvPortMalloc
    queue.o(.text) refers to list.o(.text) for vListInitialise
    queue.o(.text) refers to port.o(.text) for vPortEnterCritical
    queue.o(.text) refers to tasks.o(.text) for xTaskRemoveFromEventList
    queue.o(.text) refers to rt_memcpy.o(.text) for __aeabi_memcpy
    queue.o(.text) refers to portasm.o(PORT_ASM) for vPortYield
    port.o(.text) refers to portasm.o(PORT_ASM) for vPortStartFirstTask
    port.o(.text) refers to port.o(.data) for ulCriticalNesting
    heap_2.o(.text) refers to tasks.o(.text) for vTaskSuspendAll
    heap_2.o(.text) refers to heap_2.o(.data) for xHeapHasBeenInitialised
    heap_2.o(.text) refers to heap_2.o(.bss) for xHeap
    portasm.o(PORT_ASM) refers to tasks.o(.data) for pxCurrentTCB
    portasm.o(PORT_ASM) refers to port.o(.data) for ulCriticalNesting
    portasm.o(PORT_ASM) refers to tasks.o(.text) for vTaskSwitchContext
    blockq.o(.text) refers to queue.o(.text) for xQueueGenericReceive
    blockq.o(.text) refers to heap_2.o(.text) for pvPortMalloc
    blockq.o(.text) refers to tasks.o(.text) for xTaskGenericCreate
    blockq.o(.text) refers to blockq.o(.data) for sBlockingConsumerCount
    dynamic.o(.text) refers to tasks.o(.text) for vTaskSuspendAll
    dynamic.o(.text) refers to queue.o(.text) for xQueueGenericReceive
    dynamic.o(.text) refers to port.o(.text) for vPortEnterCritical
    dynamic.o(.text) refers to dynamic.o(.data) for ulReceivedValue
    pollq.o(.text) refers to queue.o(.text) for xQueueGenericSend
    pollq.o(.text) refers to port.o(.text) for vPortEnterCritical
    pollq.o(.text) refers to tasks.o(.text) for vTaskDelay
    pollq.o(.text) refers to pollq.o(.data) for xPollingProducerCount
    semtest.o(.text) refers to port.o(.text) for vPortEnterCritical
    semtest.o(.text) refers to queue.o(.text) for xQueueGenericReceive
    semtest.o(.text) refers to tasks.o(.text) for vTaskDelay
    semtest.o(.text) refers to portasm.o(PORT_ASM) for vPortYield
    semtest.o(.text) refers to heap_2.o(.text) for pvPortMalloc
    semtest.o(.text) refers to semtest.o(.data) for sNextCheckVariable
    main.o(.text) refers to manual.o(.text) for manual_main
    main.o(.text) refers to humid_read.o(.text) for humid_read
    main.o(.text) refers to open_close.o(.text) for step_close
    main.o(.text) refers to fuzzy.o(.text) for fuzzy
    main.o(.text) refers to tasks.o(.text) for vTaskSuspend
    main.o(.text) refers to init.o(.text) for lcd_init
    main.o(.text) refers to 4bitlcd.o(.text) for lcd_cmd
    main.o(.text) refers to main.o(.data) for man
    fuzzy.o(.text) refers to 4bitlcd.o(.text) for lcd_cmd
    fuzzy.o(.text) refers to temp_read.o(.text) for temp_read
    fuzzy.o(.text) refers to aeabi_sdiv.o(.text_udiv) for __aeabi_uidivmod
    fuzzy.o(.text) refers to wind_read.o(.text) for wind_read
    fuzzy.o(.text) refers to open_close.o(.text) for step_open
    humid_read.o(.text) refers to aeabi_sdiv.o(.text_udiv) for __aeabi_uidivmod
    humid_read.o(.text) refers to aeabi_sdiv.o(.text) for __aeabi_idivmod
    humid_read.o(.text) refers to 4bitlcd.o(.text) for lcd_cmd
    init.o(.text) refers to 4bitlcd.o(.text) for lcd_cmd
    open_close.o(.text) refers to 4bitlcd.o(.text) for lcd_cmd
    open_close.o(.text) refers to open_close.o(.data) for one_time_open
    temp_read.o(.text) refers to aeabi_sdiv.o(.text_udiv) for __aeabi_uidivmod
    temp_read.o(.text) refers to aeabi_sdiv.o(.text) for __aeabi_idivmod
    temp_read.o(.text) refers to 4bitlcd.o(.text) for lcd_cmd
    warn_info.o(.text) refers to aeabi_sdiv.o(.text_udiv) for __aeabi_uidivmod
    wind_read.o(.text) refers to aeabi_sdiv.o(.text_udiv) for __aeabi_uidivmod
    wind_read.o(.text) refers to 4bitlcd.o(.text) for lcd_cmd
    wind_read.o(.text) refers to wind_read.o(.data) for value
    manual.o(.text) refers to humid_read.o(.text) for humid_read
    manual.o(.text) refers to warn_info.o(.text) for warn
    manual.o(.text) refers to temp_read.o(.text) for temp_read
    manual.o(.text) refers to wind_read.o(.text) for wind_read
    manual.o(.text) refers to open_close.o(.text) for step_close
    manual.o(.text) refers to manual.o(.data) for h
    rt_memcpy.o(.text) refers to rt_memcpy_w.o(.text) for __aeabi_memcpy4
    aeabi_memset.o(.text) refers to rt_memclr.o(.text) for _memset
    strncpy.o(.text) refers to rt_memclr.o(.text) for __aeabi_memclr
    aeabi_sdiv.o(.text_udiv) refers to aeabi_sdiv.o(.text) for __arm_div2
    aeabi_sdiv_div0.o(.text_udiv) refers to aeabi_sdiv_div0.o(.text) for __arm_div2
    __main.o(!!!main) refers to rtentry.o(.ARM.Collect$$rtentry$$00000000) for __rt_entry
    rtentry.o(.ARM.Collect$$rtentry$$00000000) refers (Special) to rtentry2.o(.ARM.Collect$$rtentry$$0000000A) for __rt_entry_li
    rtentry.o(.ARM.Collect$$rtentry$$00000000) refers (Special) to rtentry2.o(.ARM.Collect$$rtentry$$0000000D) for __rt_entry_main
    rtentry.o(.ARM.Collect$$rtentry$$00000000) refers (Special) to rtentry2.o(.ARM.Collect$$rtentry$$0000000C) for __rt_entry_postli_1
    rtentry.o(.ARM.Collect$$rtentry$$00000000) refers (Special) to rtentry2.o(.ARM.Collect$$rtentry$$00000009) for __rt_entry_postsh_1
    rtentry.o(.ARM.Collect$$rtentry$$00000000) refers (Special) to rtentry2.o(.ARM.Collect$$rtentry$$00000002) for __rt_entry_presh_1
    rtentry.o(.ARM.Collect$$rtentry$$00000000) refers (Special) to rtentry4.o(.ARM.Collect$$rtentry$$00000004) for __rt_entry_sh
    rtentry.o(.ARM.exidx) refers (Special) to rtentry2.o(.ARM.Collect$$rtentry$$0000000A) for __rt_entry_li
    rtentry.o(.ARM.exidx) refers (Special) to rtentry2.o(.ARM.Collect$$rtentry$$0000000D) for __rt_entry_main
    rtentry.o(.ARM.exidx) refers (Special) to rtentry2.o(.ARM.Collect$$rtentry$$0000000C) for __rt_entry_postli_1
    rtentry.o(.ARM.exidx) refers (Special) to rtentry2.o(.ARM.Collect$$rtentry$$00000009) for __rt_entry_postsh_1
    rtentry.o(.ARM.exidx) refers (Special) to rtentry2.o(.ARM.Collect$$rtentry$$00000002) for __rt_entry_presh_1
    rtentry.o(.ARM.exidx) refers (Special) to rtentry4.o(.ARM.Collect$$rtentry$$00000004) for __rt_entry_sh
    rtentry.o(.ARM.exidx) refers to rtentry.o(.ARM.Collect$$rtentry$$00000000) for .ARM.Collect$$rtentry$$00000000
    aeabi_idiv0_sigfpe.o(.text) refers to rt_div0.o(.text) for __rt_div0
    rt_memclr.o(.text) refers to rt_memclr_w.o(.text) for _memset_w
    rtentry2.o(.ARM.Collect$$rtentry$$00000008) refers to boardinit2.o(.text) for _platform_post_stackheap_init
    rtentry2.o(.ARM.Collect$$rtentry$$0000000A) refers to libinit.o(.ARM.Collect$$libinit$$00000000) for __rt_lib_init
    rtentry2.o(.ARM.Collect$$rtentry$$0000000B) refers to boardinit3.o(.text) for _platform_post_lib_init
    rtentry2.o(.ARM.Collect$$rtentry$$0000000D) refers to exit.o(.text) for exit
    rtentry2.o(.ARM.Collect$$rtentry$$0000000D) refers to main.o(.text) for main
    rtentry2.o(.ARM.exidx) refers to rtentry2.o(.ARM.Collect$$rtentry$$00000001) for .ARM.Collect$$rtentry$$00000001
    rtentry2.o(.ARM.exidx) refers to rtentry2.o(.ARM.Collect$$rtentry$$00000002) for .ARM.Collect$$rtentry$$00000002
    rtentry2.o(.ARM.exidx) refers to rtentry2.o(.ARM.Collect$$rtentry$$00000008) for .ARM.Collect$$rtentry$$00000008
    rtentry2.o(.ARM.exidx) refers to rtentry2.o(.ARM.Collect$$rtentry$$00000009) for .ARM.Collect$$rtentry$$00000009
    rtentry2.o(.ARM.exidx) refers to rtentry2.o(.ARM.Collect$$rtentry$$0000000A) for .ARM.Collect$$rtentry$$0000000A
    rtentry2.o(.ARM.exidx) refers to rtentry2.o(.ARM.Collect$$rtentry$$0000000B) for .ARM.Collect$$rtentry$$0000000B
    rtentry2.o(.ARM.exidx) refers to rtentry2.o(.ARM.Collect$$rtentry$$0000000C) for .ARM.Collect$$rtentry$$0000000C
    rtentry2.o(.ARM.exidx) refers to rtentry2.o(.ARM.Collect$$rtentry$$0000000D) for .ARM.Collect$$rtentry$$0000000D
    rtentry4.o(.ARM.Collect$$rtentry$$00000004) refers to sys_stackheap_outer.o(.text) for __user_setup_stackheap
    rtentry4.o(.ARM.exidx) refers to rtentry4.o(.ARM.Collect$$rtentry$$00000004) for .ARM.Collect$$rtentry$$00000004
    rt_div0.o(.text) refers to defsig_fpe_outer.o(.text) for __rt_SIGFPE
    sys_stackheap_outer.o(.text) refers to libspace.o(.text) for __user_perproc_libspace
    sys_stackheap_outer.o(.text) refers to startup.o(.text) for __user_initial_stackheap
    exit.o(.text) refers to rtexit.o(.ARM.Collect$$rtexit$$00000000) for __rt_exit
    defsig_fpe_outer.o(.text) refers to defsig_fpe_inner.o(.text) for __rt_SIGFPE_inner
    defsig_fpe_outer.o(.text) refers to defsig_exit.o(.text) for __sig_exit
    defsig_fpe_formal.o(.text) refers to rt_raise.o(.text) for __rt_raise
    libinit.o(.ARM.Collect$$libinit$$00000000) refers (Special) to libinit2.o(.ARM.Collect$$libinit$$0000002A) for __rt_lib_init_alloca_1
    libinit.o(.ARM.Collect$$libinit$$00000000) refers (Special) to libinit2.o(.ARM.Collect$$libinit$$00000028) for __rt_lib_init_argv_1
    libinit.o(.ARM.Collect$$libinit$$00000000) refers (Special) to libinit2.o(.ARM.Collect$$libinit$$00000017) for __rt_lib_init_atexit_1
    libinit.o(.ARM.Collect$$libinit$$00000000) refers (Special) to libinit2.o(.ARM.Collect$$libinit$$0000001D) for __rt_lib_init_clock_1
    libinit.o(.ARM.Collect$$libinit$$00000000) refers (Special) to libinit2.o(.ARM.Collect$$libinit$$0000002E) for __rt_lib_init_cpp_1
    libinit.o(.ARM.Collect$$libinit$$00000000) refers (Special) to libinit2.o(.ARM.Collect$$libinit$$0000002C) for __rt_lib_init_exceptions_1
    libinit.o(.ARM.Collect$$libinit$$00000000) refers (Special) to libinit2.o(.ARM.Collect$$libinit$$0000001B) for __rt_lib_init_fp_trap_1
    libinit.o(.ARM.Collect$$libinit$$00000000) refers (Special) to libinit2.o(.ARM.Collect$$libinit$$0000001F) for __rt_lib_init_getenv_1
    libinit.o(.ARM.Collect$$libinit$$00000000) refers (Special) to libinit2.o(.ARM.Collect$$libinit$$00000006) for __rt_lib_init_heap_1
    libinit.o(.ARM.Collect$$libinit$$00000000) refers (Special) to libinit2.o(.ARM.Collect$$libinit$$0000000D) for __rt_lib_init_lc_collate_1
    libinit.o(.ARM.Collect$$libinit$$00000000) refers (Special) to libinit2.o(.ARM.Collect$$libinit$$0000000F) for __rt_lib_init_lc_ctype_1
    libinit.o(.ARM.Collect$$libinit$$00000000) refers (Special) to libinit2.o(.ARM.Collect$$libinit$$00000011) for __rt_lib_init_lc_monetary_1
    libinit.o(.ARM.Collect$$libinit$$00000000) refers (Special) to libinit2.o(.ARM.Collect$$libinit$$00000013) for __rt_lib_init_lc_numeric_1
    libinit.o(.ARM.Collect$$libinit$$00000000) refers (Special) to libinit2.o(.ARM.Collect$$libinit$$00000015) for __rt_lib_init_lc_time_1
    libinit.o(.ARM.Collect$$libinit$$00000000) refers (Special) to libinit2.o(.ARM.Collect$$libinit$$0000000A) for __rt_lib_init_rand_1
    libinit.o(.ARM.Collect$$libinit$$00000000) refers (Special) to libinit2.o(.ARM.Collect$$libinit$$0000002F) for __rt_lib_init_return
    libinit.o(.ARM.Collect$$libinit$$00000000) refers (Special) to libinit2.o(.ARM.Collect$$libinit$$00000019) for __rt_lib_init_signal_1
    libinit.o(.ARM.Collect$$libinit$$00000000) refers (Special) to libinit2.o(.ARM.Collect$$libinit$$00000021) for __rt_lib_init_stdio_1
    libinit.o(.ARM.Collect$$libinit$$00000000) refers (Special) to libinit2.o(.ARM.Collect$$libinit$$00000008) for __rt_lib_init_user_alloc_1
    libinit.o(.ARM.Collect$$libinit$$00000000) refers to fpinit.o(x$fpl$fpinit) for _fp_init
    libspace.o(.text) refers to libspace.o(.bss) for __libspace_start
    rtexit.o(.ARM.Collect$$rtexit$$00000000) refers (Special) to rtexit2.o(.ARM.Collect$$rtexit$$00000004) for __rt_exit_exit
    rtexit.o(.ARM.Collect$$rtexit$$00000000) refers (Special) to rtexit2.o(.ARM.Collect$$rtexit$$00000003) for __rt_exit_ls
    rtexit.o(.ARM.Collect$$rtexit$$00000000) refers (Special) to rtexit2.o(.ARM.Collect$$rtexit$$00000002) for __rt_exit_prels_1
    rtexit.o(.ARM.exidx) refers (Special) to rtexit2.o(.ARM.Collect$$rtexit$$00000004) for __rt_exit_exit
    rtexit.o(.ARM.exidx) refers (Special) to rtexit2.o(.ARM.Collect$$rtexit$$00000003) for __rt_exit_ls
    rtexit.o(.ARM.exidx) refers (Special) to rtexit2.o(.ARM.Collect$$rtexit$$00000002) for __rt_exit_prels_1
    rtexit.o(.ARM.exidx) refers to rtexit.o(.ARM.Collect$$rtexit$$00000000) for .ARM.Collect$$rtexit$$00000000
    rt_raise.o(.text) refers to __raise.o(.text) for __raise
    rt_raise.o(.text) refers to sys_exit.o(.text) for _sys_exit
    defsig_exit.o(.text) refers to sys_exit.o(.text) for _sys_exit
    defsig_fpe_inner.o(.text) refers to defsig_general.o(.text) for __default_signal_display
    libinit2.o(.ARM.Collect$$libinit$$0000000C) refers to libinit2.o(.ARM.Collect$$libinit$$0000000B) for .ARM.Collect$$libinit$$0000000B
    libinit2.o(.ARM.Collect$$libinit$$0000000E) refers to libinit2.o(.ARM.Collect$$libinit$$0000000B) for .ARM.Collect$$libinit$$0000000B
    libinit2.o(.ARM.Collect$$libinit$$00000010) refers to libinit2.o(.ARM.Collect$$libinit$$0000000B) for .ARM.Collect$$libinit$$0000000B
    libinit2.o(.ARM.Collect$$libinit$$00000012) refers to libinit2.o(.ARM.Collect$$libinit$$0000000B) for .ARM.Collect$$libinit$$0000000B
    libinit2.o(.ARM.Collect$$libinit$$00000014) refers to libinit2.o(.ARM.Collect$$libinit$$0000000B) for .ARM.Collect$$libinit$$0000000B
    libinit2.o(.ARM.Collect$$libinit$$00000022) refers to argv_veneer.o(.emb_text) for __ARM_argv_veneer
    libinit2.o(.ARM.Collect$$libinit$$00000023) refers to argv_veneer.o(.emb_text) for __ARM_argv_veneer
    fpinit.o(x$fpl$fpinit) refers to rt_fp_status_addr_intlibspace.o(.text) for __rt_fp_status_addr
    sys_exit.o(.text) refers (Special) to use_no_semi.o(.text) for __I$use$semihosting
    sys_exit.o(.text) refers (Special) to indicate_semi.o(.text) for __semihosting_library_function
    rtexit2.o(.ARM.Collect$$rtexit$$00000003) refers to libshutdown.o(.ARM.Collect$$libshutdown$$00000000) for __rt_lib_shutdown
    rtexit2.o(.ARM.Collect$$rtexit$$00000004) refers to sys_exit.o(.text) for _sys_exit
    rtexit2.o(.ARM.exidx) refers to rtexit2.o(.ARM.Collect$$rtexit$$00000001) for .ARM.Collect$$rtexit$$00000001
    rtexit2.o(.ARM.exidx) refers to rtexit2.o(.ARM.Collect$$rtexit$$00000002) for .ARM.Collect$$rtexit$$00000002
    rtexit2.o(.ARM.exidx) refers to rtexit2.o(.ARM.Collect$$rtexit$$00000003) for .ARM.Collect$$rtexit$$00000003
    rtexit2.o(.ARM.exidx) refers to rtexit2.o(.ARM.Collect$$rtexit$$00000004) for .ARM.Collect$$rtexit$$00000004
    rt_fp_status_addr.o(.text) refers to rt_fp_status_addr.o(.bss) for __rt_fp_status_addr_data
    rt_fp_status_addr_intlibspace.o(.text) refers to libspace.o(.bss) for __libspace_start
    __raise.o(.text) refers to __raise.o(i.__ARM_common_call_via_r2) for __ARM_common_call_via_r2
    __raise.o(.text) refers to defsig.o(CL$$defsig) for __default_signal_handler
    defsig_general.o(.text) refers to sys_wrch.o(.text) for _ttywrch
    argv_veneer.o(.emb_text) refers to no_argv.o(.text) for __ARM_get_argv
    sys_wrch.o(.text) refers (Special) to use_no_semi.o(.text) for __I$use$semihosting
    sys_wrch.o(.text) refers (Special) to indicate_semi.o(.text) for __semihosting_library_function
    defsig.o(CL$$defsig) refers to defsig_fpe_inner.o(.text) for __rt_SIGFPE_inner
    defsig.o(CL$$defsig) refers to defsig_rtmem_inner.o(.text) for __rt_SIGRTMEM_inner
    _get_argv_nomalloc.o(.text) refers (Special) to hrguard.o(.text) for __heap_region$guard
    _get_argv_nomalloc.o(.text) refers to defsig_rtmem_outer.o(.text) for __rt_SIGRTMEM
    _get_argv_nomalloc.o(.text) refers to sys_command.o(.text) for _sys_command_string
    libshutdown.o(.ARM.Collect$$libshutdown$$00000000) refers (Special) to libshutdown2.o(.ARM.Collect$$libshutdown$$00000006) for __rt_lib_shutdown_fp_trap_1
    libshutdown.o(.ARM.Collect$$libshutdown$$00000000) refers (Special) to libshutdown2.o(.ARM.Collect$$libshutdown$$0000000E) for __rt_lib_shutdown_heap_1
    libshutdown.o(.ARM.Collect$$libshutdown$$00000000) refers (Special) to libshutdown2.o(.ARM.Collect$$libshutdown$$0000000F) for __rt_lib_shutdown_return
    libshutdown.o(.ARM.Collect$$libshutdown$$00000000) refers (Special) to libshutdown2.o(.ARM.Collect$$libshutdown$$00000009) for __rt_lib_shutdown_signal_1
    libshutdown.o(.ARM.Collect$$libshutdown$$00000000) refers (Special) to libshutdown2.o(.ARM.Collect$$libshutdown$$00000003) for __rt_lib_shutdown_stdio_1
    libshutdown.o(.ARM.Collect$$libshutdown$$00000000) refers (Special) to libshutdown2.o(.ARM.Collect$$libshutdown$$0000000B) for __rt_lib_shutdown_user_alloc_1
    sys_command.o(.text) refers (Special) to use_no_semi.o(.text) for __I$use$semihosting
    sys_command.o(.text) refers (Special) to indicate_semi.o(.text) for __semihosting_library_function
    defsig_abrt_inner.o(.text) refers to defsig_general.o(.text) for __default_signal_display
    defsig_rtred_inner.o(.text) refers to defsig_general.o(.text) for __default_signal_display
    defsig_rtmem_inner.o(.text) refers to defsig_general.o(.text) for __default_signal_display
    defsig_rtmem_outer.o(.text) refers to defsig_rtmem_inner.o(.text) for __rt_SIGRTMEM_inner
    defsig_rtmem_outer.o(.text) refers to defsig_exit.o(.text) for __sig_exit
    defsig_rtmem_formal.o(.text) refers to rt_raise.o(.text) for __rt_raise
    defsig_stak_inner.o(.text) refers to defsig_general.o(.text) for __default_signal_display
    defsig_pvfn_inner.o(.text) refers to defsig_general.o(.text) for __default_signal_display
    defsig_cppl_inner.o(.text) refers to defsig_general.o(.text) for __default_signal_display
    defsig_segv_inner.o(.text) refers to defsig_general.o(.text) for __default_signal_display
    defsig_other.o(.text) refers to defsig_general.o(.text) for __default_signal_display


==============================================================================

Removing Unused input sections from the image.

    Removing queue.o(.text), (2056 bytes).
    Removing blockq.o(.text), (1016 bytes).
    Removing blockq.o(.data), (24 bytes).
    Removing dynamic.o(.text), (1016 bytes).
    Removing dynamic.o(.data), (44 bytes).
    Removing pollq.o(.text), (516 bytes).
    Removing pollq.o(.data), (12 bytes).
    Removing semtest.o(.text), (840 bytes).
    Removing semtest.o(.data), (18 bytes).

9 unused section(s) (total 5542 bytes) removed from the image.

==============================================================================

Adding Veneers to the image

    Adding AT veneer (8 bytes, Inline) for call to '__rt_lib_init' from rtentry2.o(.ARM.Collect$$rtentry$$0000000A).
    Adding AT veneer (8 bytes, Inline) for call to '__rt_lib_shutdown' from rtexit2.o(.ARM.Collect$$rtexit$$00000003).
    Adding TA veneer (4 bytes, Inline) for call to '__rt_exit' from exit.o(.text).
    Adding AT veneer (8 bytes, Inline) for call to '_sys_exit' from rtexit2.o(.ARM.Collect$$rtexit$$00000004).
    Adding TA veneer (4 bytes, Inline) for call to '_fp_init' from libinit.o(.ARM.Collect$$libinit$$00000000).

5 Veneer(s) (total 32 bytes) added to the image.

==============================================================================

Image Symbol Table

    Local Symbols

    Symbol Name                              Value     Ov Type        Size  Object(Section)

    RESET                                    0x00000000   Section      256  startup.o(RESET)
    ../../angel/boardlib.s                   0x00000000   Number         0  boardinit3.o ABSOLUTE
    ../../angel/boardlib.s                   0x00000000   Number         0  boardinit1.o ABSOLUTE
    ../../angel/boardlib.s                   0x00000000   Number         0  boardinit2.o ABSOLUTE
    ../../angel/boardlib.s                   0x00000000   Number         0  boardshut.o ABSOLUTE
    ../../angel/handlers.s                   0x00000000   Number         0  __scatter_zi.o ABSOLUTE
    ../../angel/handlers.s                   0x00000000   Number         0  __scatter_copy.o ABSOLUTE
    ../../angel/kernel.s                     0x00000000   Number         0  rtexit2.o ABSOLUTE
    ../../angel/kernel.s                     0x00000000   Number         0  rtentry2.o ABSOLUTE
    ../../angel/kernel.s                     0x00000000   Number         0  rtentry4.o ABSOLUTE
    ../../angel/kernel.s                     0x00000000   Number         0  rtexit.o ABSOLUTE
    ../../angel/kernel.s                     0x00000000   Number         0  rtentry.o ABSOLUTE
    ../../angel/rt.s                         0x00000000   Number         0  rt_raise.o ABSOLUTE
    ../../angel/rt.s                         0x00000000   Number         0  rt_fp_status_addr.o ABSOLUTE
    ../../angel/rt.s                         0x00000000   Number         0  rt_fp_status_addr_intlibspace.o ABSOLUTE
    ../../angel/rt.s                         0x00000000   Number         0  rt_div0.o ABSOLUTE
    ../../angel/rt.s                         0x00000000   Number         0  aeabi_idiv0_sigfpe.o ABSOLUTE
    ../../angel/rt.s                         0x00000000   Number         0  aeabi_idiv0.o ABSOLUTE
    ../../angel/scatter.s                    0x00000000   Number         0  __scatter.o ABSOLUTE
    ../../angel/startup.s                    0x00000000   Number         0  __main.o ABSOLUTE
    ../../angel/sys.s                        0x00000000   Number         0  use_no_semi.o ABSOLUTE
    ../../angel/sys.s                        0x00000000   Number         0  indicate_semi.o ABSOLUTE
    ../../angel/sys.s                        0x00000000   Number         0  libspace.o ABSOLUTE
    ../../angel/sys.s                        0x00000000   Number         0  sys_stackheap_outer.o ABSOLUTE
    ../../angel/sysapp.c                     0x00000000   Number         0  sys_exit.o ABSOLUTE
    ../../angel/sysapp.c                     0x00000000   Number         0  sys_command.o ABSOLUTE
    ../../angel/sysapp.c                     0x00000000   Number         0  sys_wrch.o ABSOLUTE
    ../../armsys.c                           0x00000000   Number         0  _get_argv_nomalloc.o ABSOLUTE
    ../../armsys.c                           0x00000000   Number         0  argv_veneer.o ABSOLUTE
    ../../armsys.c                           0x00000000   Number         0  argv_veneer.o ABSOLUTE
    ../../armsys.c                           0x00000000   Number         0  no_argv.o ABSOLUTE
    ../../division.s                         0x00000000   Number         0  aeabi_sdiv_div0.o ABSOLUTE
    ../../division.s                         0x00000000   Number         0  aeabi_sdiv.o ABSOLUTE
    ../../divrt.s                            0x00000000   Number         0  divrt_7tdmi_div0.o ABSOLUTE
    ../../divrt.s                            0x00000000   Number         0  divrt_7tdmi.o ABSOLUTE
    ../../fpinit.s                           0x00000000   Number         0  fpinit.o ABSOLUTE
    ../../heapalloc.c                        0x00000000   Number         0  hrguard.o ABSOLUTE
    ../../heapaux.c                          0x00000000   Number         0  heapauxi.o ABSOLUTE
    ../../libinit.s                          0x00000000   Number         0  libinit2.o ABSOLUTE
    ../../libinit.s                          0x00000000   Number         0  libshutdown2.o ABSOLUTE
    ../../libinit.s                          0x00000000   Number         0  libshutdown.o ABSOLUTE
    ../../libinit.s                          0x00000000   Number         0  libinit.o ABSOLUTE
    ../../memcpset.s                         0x00000000   Number         0  rt_memcpy.o ABSOLUTE
    ../../memcpset.s                         0x00000000   Number         0  aeabi_memset.o ABSOLUTE
    ../../memcpset.s                         0x00000000   Number         0  strncpy.o ABSOLUTE
    ../../memcpset.s                         0x00000000   Number         0  rt_memclr.o ABSOLUTE
    ../../memcpset.s                         0x00000000   Number         0  rt_memcpy_w.o ABSOLUTE
    ../../memcpset.s                         0x00000000   Number         0  rt_memclr_w.o ABSOLUTE
    ../../signal.c                           0x00000000   Number         0  defsig_rtmem_formal.o ABSOLUTE
    ../../signal.c                           0x00000000   Number         0  defsig_general.o ABSOLUTE
    ../../signal.c                           0x00000000   Number         0  __raise.o ABSOLUTE
    ../../signal.c                           0x00000000   Number         0  defsig_exit.o ABSOLUTE
    ../../signal.c                           0x00000000   Number         0  defsig_other.o ABSOLUTE
    ../../signal.c                           0x00000000   Number         0  defsig_segv_inner.o ABSOLUTE
    ../../signal.c                           0x00000000   Number         0  defsig_cppl_inner.o ABSOLUTE
    ../../signal.c                           0x00000000   Number         0  defsig_pvfn_inner.o ABSOLUTE
    ../../signal.c                           0x00000000   Number         0  defsig_stak_inner.o ABSOLUTE
    ../../signal.c                           0x00000000   Number         0  defsig_fpe_inner.o ABSOLUTE
    ../../signal.c                           0x00000000   Number         0  defsig_rtmem_outer.o ABSOLUTE
    ../../signal.c                           0x00000000   Number         0  defsig_fpe_formal.o ABSOLUTE
    ../../signal.c                           0x00000000   Number         0  defsig_fpe_outer.o ABSOLUTE
    ../../signal.c                           0x00000000   Number         0  defsig_rtmem_inner.o ABSOLUTE
    ../../signal.c                           0x00000000   Number         0  defsig_rtred_inner.o ABSOLUTE
    ../../signal.c                           0x00000000   Number         0  defsig_abrt_inner.o ABSOLUTE
    ../../signal.s                           0x00000000   Number         0  defsig.o ABSOLUTE
    ../../stdlib.c                           0x00000000   Number         0  exit.o ABSOLUTE
    ..\..\Source\list.c                      0x00000000   Number         0  list.o ABSOLUTE
    ..\..\Source\portable\MemMang\heap_2.c   0x00000000   Number         0  heap_2.o ABSOLUTE
    ..\..\Source\portable\RVDS\ARM7_LPC21xx\port.c 0x00000000   Number         0  port.o ABSOLUTE
    ..\..\Source\portable\RVDS\ARM7_LPC21xx\portASM.s 0x00000000   Number         0  portasm.o ABSOLUTE
    ..\..\Source\queue.c                     0x00000000   Number         0  queue.o ABSOLUTE
    ..\..\Source\tasks.c                     0x00000000   Number         0  tasks.o ABSOLUTE
    ..\Common\Minimal\BlockQ.c               0x00000000   Number         0  blockq.o ABSOLUTE
    ..\Common\Minimal\PollQ.c                0x00000000   Number         0  pollq.o ABSOLUTE
    ..\Common\Minimal\dynamic.c              0x00000000   Number         0  dynamic.o ABSOLUTE
    ..\Common\Minimal\semtest.c              0x00000000   Number         0  semtest.o ABSOLUTE
    4bitlcd.c                                0x00000000   Number         0  4bitlcd.o ABSOLUTE
    Startup.s                                0x00000000   Number         0  startup.o ABSOLUTE
    dc.s                                     0x00000000   Number         0  dc.o ABSOLUTE
    fuzzy.c                                  0x00000000   Number         0  fuzzy.o ABSOLUTE
    humid_read.c                             0x00000000   Number         0  humid_read.o ABSOLUTE
    init.c                                   0x00000000   Number         0  init.o ABSOLUTE
    main.c                                   0x00000000   Number         0  main.o ABSOLUTE
    manual.c                                 0x00000000   Number         0  manual.o ABSOLUTE
    open_close.c                             0x00000000   Number         0  open_close.o ABSOLUTE
    temp_read.c                              0x00000000   Number         0  temp_read.o ABSOLUTE
    warn_info.c                              0x00000000   Number         0  warn_info.o ABSOLUTE
    wind_read.c                              0x00000000   Number         0  wind_read.o ABSOLUTE
    Undef_Handler                            0x0000003c   ARM Code       4  startup.o(RESET)
    PAbt_Handler                             0x00000044   ARM Code       4  startup.o(RESET)
    DAbt_Handler                             0x00000048   ARM Code       4  startup.o(RESET)
    IRQ_Handler                              0x0000004c   ARM Code       4  startup.o(RESET)
    FIQ_Handler                              0x00000050   ARM Code       4  startup.o(RESET)
    !!!main                                  0x00000100   Section        8  __main.o(!!!main)
    !!!scatter                               0x00000108   Section       60  __scatter.o(!!!scatter)
    !!handler_copy                           0x00000144   Section       40  __scatter_copy.o(!!handler_copy)
    !!handler_zi                             0x0000016c   Section       44  __scatter_zi.o(!!handler_zi)
    .ARM.Collect$$libinit$$00000000          0x000001a0   Section        6  libinit.o(.ARM.Collect$$libinit$$00000000)
    .ARM.Collect$$libinit$$00000006          0x000001a6   Section        0  libinit2.o(.ARM.Collect$$libinit$$00000006)
    .ARM.Collect$$libinit$$00000008          0x000001a6   Section        0  libinit2.o(.ARM.Collect$$libinit$$00000008)
    .ARM.Collect$$libinit$$0000000A          0x000001a6   Section        0  libinit2.o(.ARM.Collect$$libinit$$0000000A)
    .ARM.Collect$$libinit$$0000000D          0x000001a6   Section        0  libinit2.o(.ARM.Collect$$libinit$$0000000D)
    .ARM.Collect$$libinit$$0000000F          0x000001a6   Section        0  libinit2.o(.ARM.Collect$$libinit$$0000000F)
    .ARM.Collect$$libinit$$00000011          0x000001a6   Section        0  libinit2.o(.ARM.Collect$$libinit$$00000011)
    .ARM.Collect$$libinit$$00000013          0x000001a6   Section        0  libinit2.o(.ARM.Collect$$libinit$$00000013)
    .ARM.Collect$$libinit$$00000015          0x000001a6   Section        0  libinit2.o(.ARM.Collect$$libinit$$00000015)
    .ARM.Collect$$libinit$$00000017          0x000001a6   Section        0  libinit2.o(.ARM.Collect$$libinit$$00000017)
    .ARM.Collect$$libinit$$00000019          0x000001a6   Section        0  libinit2.o(.ARM.Collect$$libinit$$00000019)
    .ARM.Collect$$libinit$$0000001B          0x000001a6   Section        0  libinit2.o(.ARM.Collect$$libinit$$0000001B)
    .ARM.Collect$$libinit$$0000001D          0x000001a6   Section        0  libinit2.o(.ARM.Collect$$libinit$$0000001D)
    .ARM.Collect$$libinit$$0000001F          0x000001a6   Section        0  libinit2.o(.ARM.Collect$$libinit$$0000001F)
    .ARM.Collect$$libinit$$00000021          0x000001a6   Section        0  libinit2.o(.ARM.Collect$$libinit$$00000021)
    .ARM.Collect$$libinit$$00000028          0x000001a6   Section        0  libinit2.o(.ARM.Collect$$libinit$$00000028)
    .ARM.Collect$$libinit$$0000002A          0x000001a6   Section        0  libinit2.o(.ARM.Collect$$libinit$$0000002A)
    .ARM.Collect$$libinit$$0000002C          0x000001a6   Section        0  libinit2.o(.ARM.Collect$$libinit$$0000002C)
    .ARM.Collect$$libinit$$0000002E          0x000001a6   Section        0  libinit2.o(.ARM.Collect$$libinit$$0000002E)
    .ARM.Collect$$libinit$$0000002F          0x000001a6   Section       12  libinit2.o(.ARM.Collect$$libinit$$0000002F)
    .ARM.Collect$$libshutdown$$00000000      0x000001bc   Section        4  libshutdown.o(.ARM.Collect$$libshutdown$$00000000)
    .ARM.Collect$$libshutdown$$00000003      0x000001c0   Section        0  libshutdown2.o(.ARM.Collect$$libshutdown$$00000003)
    .ARM.Collect$$libshutdown$$00000006      0x000001c0   Section        0  libshutdown2.o(.ARM.Collect$$libshutdown$$00000006)
    .ARM.Collect$$libshutdown$$00000009      0x000001c0   Section        0  libshutdown2.o(.ARM.Collect$$libshutdown$$00000009)
    .ARM.Collect$$libshutdown$$0000000B      0x000001c0   Section        0  libshutdown2.o(.ARM.Collect$$libshutdown$$0000000B)
    .ARM.Collect$$libshutdown$$0000000E      0x000001c0   Section        0  libshutdown2.o(.ARM.Collect$$libshutdown$$0000000E)
    .ARM.Collect$$libshutdown$$0000000F      0x000001c0   Section        6  libshutdown2.o(.ARM.Collect$$libshutdown$$0000000F)
    .ARM.Collect$$rtentry$$00000000          0x000001c8   Section        0  rtentry.o(.ARM.Collect$$rtentry$$00000000)
    .ARM.Collect$$rtentry$$00000002          0x000001c8   Section        0  rtentry2.o(.ARM.Collect$$rtentry$$00000002)
    .ARM.Collect$$rtentry$$00000004          0x000001c8   Section        8  rtentry4.o(.ARM.Collect$$rtentry$$00000004)
    .ARM.Collect$$rtentry$$00000009          0x000001d0   Section        0  rtentry2.o(.ARM.Collect$$rtentry$$00000009)
    .ARM.Collect$$rtentry$$0000000A          0x000001d0   Section        4  rtentry2.o(.ARM.Collect$$rtentry$$0000000A)
    .ARM.Collect$$rtentry$$0000000C          0x000001d4   Section        0  rtentry2.o(.ARM.Collect$$rtentry$$0000000C)
    .ARM.Collect$$rtentry$$0000000D          0x000001d4   Section       40  rtentry2.o(.ARM.Collect$$rtentry$$0000000D)
    .ARM.Collect$$rtexit$$00000000           0x00000200   Section        4  rtexit.o(.ARM.Collect$$rtexit$$00000000)
    .ARM.Collect$$rtexit$$00000002           0x00000204   Section        0  rtexit2.o(.ARM.Collect$$rtexit$$00000002)
    .ARM.Collect$$rtexit$$00000003           0x00000204   Section        4  rtexit2.o(.ARM.Collect$$rtexit$$00000003)
    .ARM.Collect$$rtexit$$00000004           0x00000208   Section        8  rtexit2.o(.ARM.Collect$$rtexit$$00000004)
    .text                                    0x00000210   Section       32  startup.o(.text)
    .text                                    0x00000230   Section        0  tasks.o(.text)
    prvInitialiseTaskLists                   0x00000230   ARM Code     112  tasks.o(.text)
    prvInitialiseTCBVariables                0x000002a0   ARM Code     104  tasks.o(.text)
    prvAllocateTCBAndStack                   0x00000308   ARM Code     116  tasks.o(.text)
    prvAddCurrentTaskToDelayedList           0x000008fc   ARM Code     120  tasks.o(.text)
    prvDeleteTCB                             0x00000f08   ARM Code      32  tasks.o(.text)
    prvCheckTasksWaitingTermination          0x00000f28   ARM Code     156  tasks.o(.text)
    prvIdleTask                              0x00000fc4   ARM Code      32  tasks.o(.text)
    .text                                    0x00001300   Section        0  list.o(.text)
    .text                                    0x00001414   Section        0  port.o(.text)
    prvSetupTimerInterrupt                   0x00001500   ARM Code     100  port.o(.text)
    .text                                    0x0000160c   Section        0  heap_2.o(.text)
    .text                                    0x00001800   Section        0  main.o(.text)
    manual                                   0x00001800   ARM Code      44  main.o(.text)
    automatic                                0x0000182c   ARM Code      76  main.o(.text)
    decision                                 0x00001878   ARM Code     172  main.o(.text)
    prvCheckOtherTasksAreStillRunning        0x00001924   ARM Code       8  main.o(.text)
    vErrorChecks                             0x0000192c   ARM Code      36  main.o(.text)
    prvSetupHardware                         0x00001950   ARM Code      32  main.o(.text)
    .text                                    0x00001b50   Section        0  4bitlcd.o(.text)
    .text                                    0x00001cac   Section        0  fuzzy.o(.text)
    .text                                    0x00001fa0   Section        0  humid_read.o(.text)
    .text                                    0x00002118   Section        0  init.o(.text)
    .text                                    0x000021d8   Section        0  open_close.o(.text)
    .text                                    0x000024c8   Section        0  temp_read.o(.text)
    .text                                    0x00002640   Section        0  warn_info.o(.text)
    .text                                    0x000028c0   Section        0  wind_read.o(.text)
    .text                                    0x00002bcc   Section        0  manual.o(.text)
    .text                                    0x00002d7c   Section       16  aeabi_memset.o(.text)
    .text                                    0x00002d8c   Section      112  strncpy.o(.text)
    .text                                    0x00002dfc   Section      384  aeabi_sdiv.o(.text)
    __arm_div8                               0x00002e28   ARM Code       0  aeabi_sdiv.o(.text)
    __arm_div5                               0x00002e4c   ARM Code       0  aeabi_sdiv.o(.text)
    __arm_div2                               0x00002e70   ARM Code       0  aeabi_sdiv.o(.text)
    __arm_div_large                          0x00002eac   ARM Code       0  aeabi_sdiv.o(.text)
    .text                                    0x00002f7c   Section        0  heapauxi.o(.text)
    .text                                    0x00002f84   Section       64  rt_memclr.o(.text)
    .text                                    0x00002fc4   Section       84  rt_memclr_w.o(.text)
    .text                                    0x00003018   Section       96  sys_stackheap_outer.o(.text)
    .text                                    0x00003078   Section        0  exit.o(.text)
    .text                                    0x00003084   Section       12  libspace.o(.text)
    .text                                    0x00003098   Section        0  sys_exit.o(.text)
    .text                                    0x000030a4   Section       12  rt_fp_status_addr_intlibspace.o(.text)
    .text                                    0x000030b0   Section        4  use_no_semi.o(.text)
    .text                                    0x000030b4   Section        0  indicate_semi.o(.text)
    .text_udiv                               0x000030b4   Section       36  aeabi_sdiv.o(.text_udiv)
    PORT_ASM                                 0x000030d8   Section      388  portasm.o(PORT_ASM)
    x$fpl$fpinit                             0x00003260   Section       24  fpinit.o(x$fpl$fpinit)
    .data                                    0x40000000   Section       60  tasks.o(.data)
    uxTasksDeleted                           0x40000004   Data           4  tasks.o(.data)
    uxCurrentNumberOfTasks                   0x40000008   Data           4  tasks.o(.data)
    xTickCount                               0x4000000c   Data           4  tasks.o(.data)
    uxTopUsedPriority                        0x40000010   Data           4  tasks.o(.data)
    uxTopReadyPriority                       0x40000014   Data           4  tasks.o(.data)
    xSchedulerRunning                        0x40000018   Data           4  tasks.o(.data)
    uxSchedulerSuspended                     0x4000001c   Data           4  tasks.o(.data)
    uxMissedTicks                            0x40000020   Data           4  tasks.o(.data)
    xMissedYield                             0x40000024   Data           4  tasks.o(.data)
    xNumOfOverflows                          0x40000028   Data           4  tasks.o(.data)
    uxTCBNumber                              0x4000002c   Data           4  tasks.o(.data)
    xNextTaskUnblockTime                     0x40000030   Data           4  tasks.o(.data)
    pxDelayedTaskList                        0x40000034   Data           4  tasks.o(.data)
    pxOverflowDelayedTaskList                0x40000038   Data           4  tasks.o(.data)
    .data                                    0x4000003c   Section        4  port.o(.data)
    .data                                    0x40000040   Section       24  heap_2.o(.data)
    xFreeBytesRemaining                      0x40000040   Data           4  heap_2.o(.data)
    xHeapHasBeenInitialised                  0x40000044   Data           4  heap_2.o(.data)
    xStart                                   0x40000048   Data           8  heap_2.o(.data)
    xEnd                                     0x40000050   Data           8  heap_2.o(.data)
    .data                                    0x40000058   Section       32  main.o(.data)
    .data                                    0x40000078   Section        8  open_close.o(.data)
    .data                                    0x40000080   Section       18  wind_read.o(.data)
    .data                                    0x40000094   Section       16  manual.o(.data)
    .bss                                     0x400000a4   Section      220  tasks.o(.bss)
    pxReadyTasksLists                        0x400000a4   Data         120  tasks.o(.bss)
    xDelayedTaskList1                        0x4000011c   Data          20  tasks.o(.bss)
    xDelayedTaskList2                        0x40000130   Data          20  tasks.o(.bss)
    xPendingReadyList                        0x40000144   Data          20  tasks.o(.bss)
    xTasksWaitingTermination                 0x40000158   Data          20  tasks.o(.bss)
    xSuspendedTaskList                       0x4000016c   Data          20  tasks.o(.bss)
    .bss                                     0x40000180   Section    13312  heap_2.o(.bss)
    xHeap                                    0x40000180   Data       13312  heap_2.o(.bss)
    .bss                                     0x40003580   Section       96  libspace.o(.bss)
    HEAP                                     0x400035e0   Section        0  startup.o(HEAP)
    STACK                                    0x400035e0   Section     1568  startup.o(STACK)
    Heap_Mem                                 0x400035e0   Data           0  startup.o(HEAP)
    Stack_Mem                                0x400035e0   Data        1568  startup.o(STACK)
    Stack_Top                                0x40003c00   Data           0  startup.o(STACK)

    Global Symbols

    Symbol Name                              Value     Ov Type        Size  Object(Section)

    BuildAttributes$$THM_ISAv1$ARM_ISAv4$S$PE$A:L22$X:L11$S22$IEEE1$IW$USESV6$~STKCKD$USESV7$~SHL$OSPACE$ROPI$EBA8$UX$STANDARDLIB$REQ8$PRES8$EABIv2 0x00000000   Number         0  anon$$obj.o ABSOLUTE
    __ARM_use_no_argv                        0x00000000   Number         0  main.o ABSOLUTE
    __ARM_exceptions_init                     - Undefined Weak Reference
    __alloca_initialize                       - Undefined Weak Reference
    __cpp_initialize__aeabi_                  - Undefined Weak Reference
    __cxa_finalize                            - Undefined Weak Reference
    __rt_locale                               - Undefined Weak Reference
    __sigvec_lookup                           - Undefined Weak Reference
    _atexit_init                              - Undefined Weak Reference
    _call_atexit_fns                          - Undefined Weak Reference
    _clock_init                               - Undefined Weak Reference
    _fp_trap_init                             - Undefined Weak Reference
    _fp_trap_shutdown                         - Undefined Weak Reference
    _get_lc_collate                           - Undefined Weak Reference
    _get_lc_ctype                             - Undefined Weak Reference
    _get_lc_monetary                          - Undefined Weak Reference
    _get_lc_numeric                           - Undefined Weak Reference
    _get_lc_time                              - Undefined Weak Reference
    _getenv_init                              - Undefined Weak Reference
    _handle_redirection                       - Undefined Weak Reference
    _init_alloc                               - Undefined Weak Reference
    _init_user_alloc                          - Undefined Weak Reference
    _initio                                   - Undefined Weak Reference
    _rand_init                                - Undefined Weak Reference
    _signal_finish                            - Undefined Weak Reference
    _signal_init                              - Undefined Weak Reference
    _terminate_alloc                          - Undefined Weak Reference
    _terminate_user_alloc                     - Undefined Weak Reference
    _terminateio                              - Undefined Weak Reference
    Reset_Handler                            0x00000054   ARM Code       0  startup.o(RESET)
    __main                                   0x00000100   ARM Code       8  __main.o(!!!main)
    __scatterload                            0x00000108   ARM Code       0  __scatter.o(!!!scatter)
    __scatterload_rt2                        0x00000108   ARM Code      52  __scatter.o(!!!scatter)
    __scatterload_null                       0x0000011c   ARM Code       0  __scatter.o(!!!scatter)
    __scatterload_copy                       0x00000144   ARM Code      40  __scatter_copy.o(!!handler_copy)
    __scatterload_zeroinit                   0x0000016c   ARM Code      44  __scatter_zi.o(!!handler_zi)
    Inline ARM to Thumb Veneer to __rt_lib_init 0x00000198   ARM Code       8  libinit.o(.ARM.Collect$$libinit$$00000000)
    __rt_lib_init                            0x000001a1   Thumb Code     0  libinit.o(.ARM.Collect$$libinit$$00000000)
    __rt_lib_init_alloca_1                   0x000001a7   Thumb Code     0  libinit2.o(.ARM.Collect$$libinit$$0000002A)
    __rt_lib_init_argv_1                     0x000001a7   Thumb Code     0  libinit2.o(.ARM.Collect$$libinit$$00000028)
    __rt_lib_init_atexit_1                   0x000001a7   Thumb Code     0  libinit2.o(.ARM.Collect$$libinit$$00000017)
    __rt_lib_init_clock_1                    0x000001a7   Thumb Code     0  libinit2.o(.ARM.Collect$$libinit$$0000001D)
    __rt_lib_init_cpp_1                      0x000001a7   Thumb Code     0  libinit2.o(.ARM.Collect$$libinit$$0000002E)
    __rt_lib_init_exceptions_1               0x000001a7   Thumb Code     0  libinit2.o(.ARM.Collect$$libinit$$0000002C)
    __rt_lib_init_fp_trap_1                  0x000001a7   Thumb Code     0  libinit2.o(.ARM.Collect$$libinit$$0000001B)
    __rt_lib_init_getenv_1                   0x000001a7   Thumb Code     0  libinit2.o(.ARM.Collect$$libinit$$0000001F)
    __rt_lib_init_heap_1                     0x000001a7   Thumb Code     0  libinit2.o(.ARM.Collect$$libinit$$00000006)
    __rt_lib_init_lc_collate_1               0x000001a7   Thumb Code     0  libinit2.o(.ARM.Collect$$libinit$$0000000D)
    __rt_lib_init_lc_ctype_1                 0x000001a7   Thumb Code     0  libinit2.o(.ARM.Collect$$libinit$$0000000F)
    __rt_lib_init_lc_monetary_1              0x000001a7   Thumb Code     0  libinit2.o(.ARM.Collect$$libinit$$00000011)
    __rt_lib_init_lc_numeric_1               0x000001a7   Thumb Code     0  libinit2.o(.ARM.Collect$$libinit$$00000013)
    __rt_lib_init_lc_time_1                  0x000001a7   Thumb Code     0  libinit2.o(.ARM.Collect$$libinit$$00000015)
    __rt_lib_init_rand_1                     0x000001a7   Thumb Code     0  libinit2.o(.ARM.Collect$$libinit$$0000000A)
    __rt_lib_init_return                     0x000001a7   Thumb Code     0  libinit2.o(.ARM.Collect$$libinit$$0000002F)
    __rt_lib_init_signal_1                   0x000001a7   Thumb Code     0  libinit2.o(.ARM.Collect$$libinit$$00000019)
    __rt_lib_init_stdio_1                    0x000001a7   Thumb Code     0  libinit2.o(.ARM.Collect$$libinit$$00000021)
    __rt_lib_init_user_alloc_1               0x000001a7   Thumb Code     0  libinit2.o(.ARM.Collect$$libinit$$00000008)
    Inline ARM to Thumb Veneer to __rt_lib_shutdown 0x000001b4   ARM Code       8  libshutdown.o(.ARM.Collect$$libshutdown$$00000000)
    __rt_lib_shutdown                        0x000001bd   Thumb Code     0  libshutdown.o(.ARM.Collect$$libshutdown$$00000000)
    __rt_lib_shutdown_fp_trap_1              0x000001c1   Thumb Code     0  libshutdown2.o(.ARM.Collect$$libshutdown$$00000006)
    __rt_lib_shutdown_heap_1                 0x000001c1   Thumb Code     0  libshutdown2.o(.ARM.Collect$$libshutdown$$0000000E)
    __rt_lib_shutdown_return                 0x000001c1   Thumb Code     0  libshutdown2.o(.ARM.Collect$$libshutdown$$0000000F)
    __rt_lib_shutdown_signal_1               0x000001c1   Thumb Code     0  libshutdown2.o(.ARM.Collect$$libshutdown$$00000009)
    __rt_lib_shutdown_stdio_1                0x000001c1   Thumb Code     0  libshutdown2.o(.ARM.Collect$$libshutdown$$00000003)
    __rt_lib_shutdown_user_alloc_1           0x000001c1   Thumb Code     0  libshutdown2.o(.ARM.Collect$$libshutdown$$0000000B)
    __rt_entry                               0x000001c8   ARM Code       0  rtentry.o(.ARM.Collect$$rtentry$$00000000)
    __rt_entry_presh_1                       0x000001c8   ARM Code       0  rtentry2.o(.ARM.Collect$$rtentry$$00000002)
    __rt_entry_sh                            0x000001c8   ARM Code       0  rtentry4.o(.ARM.Collect$$rtentry$$00000004)
    __rt_entry_li                            0x000001d0   ARM Code       0  rtentry2.o(.ARM.Collect$$rtentry$$0000000A)
    __rt_entry_postsh_1                      0x000001d0   ARM Code       0  rtentry2.o(.ARM.Collect$$rtentry$$00000009)
    __rt_entry_main                          0x000001d4   ARM Code       0  rtentry2.o(.ARM.Collect$$rtentry$$0000000D)
    __rt_entry_postli_1                      0x000001d4   ARM Code       0  rtentry2.o(.ARM.Collect$$rtentry$$0000000C)
    Inline Thumb to ARM Veneer to __rt_exit  0x000001fd   Thumb Code     4  rtexit.o(.ARM.Collect$$rtexit$$00000000)
    __rt_exit                                0x00000200   ARM Code       0  rtexit.o(.ARM.Collect$$rtexit$$00000000)
    __rt_exit_ls                             0x00000204   ARM Code       0  rtexit2.o(.ARM.Collect$$rtexit$$00000003)
    __rt_exit_prels_1                        0x00000204   ARM Code       0  rtexit2.o(.ARM.Collect$$rtexit$$00000002)
    __rt_exit_exit                           0x00000208   ARM Code       0  rtexit2.o(.ARM.Collect$$rtexit$$00000004)
    __user_initial_stackheap                 0x00000210   ARM Code       0  startup.o(.text)
    xTaskGenericCreate                       0x0000037c   ARM Code     428  tasks.o(.text)
    vTaskDelete                              0x00000528   ARM Code     180  tasks.o(.text)
    vTaskIncrementTick                       0x000005dc   ARM Code     452  tasks.o(.text)
    xTaskResumeAll                           0x000007a0   ARM Code     348  tasks.o(.text)
    vTaskSuspendAll                          0x00000974   ARM Code      24  tasks.o(.text)
    vTaskDelayUntil                          0x0000098c   ARM Code     180  tasks.o(.text)
    vTaskDelay                               0x00000a40   ARM Code      88  tasks.o(.text)
    uxTaskPriorityGet                        0x00000a98   ARM Code      60  tasks.o(.text)
    vTaskPrioritySet                         0x00000ad4   ARM Code     252  tasks.o(.text)
    vTaskSwitchContext                       0x00000bd0   ARM Code     168  tasks.o(.text)
    vTaskSuspend                             0x00000c78   ARM Code     188  tasks.o(.text)
    xTaskIsTaskSuspended                     0x00000d34   ARM Code     124  tasks.o(.text)
    vTaskResume                              0x00000db0   ARM Code     160  tasks.o(.text)
    xTaskResumeFromISR                       0x00000e50   ARM Code     184  tasks.o(.text)
    vTaskStartScheduler                      0x00000fe4   ARM Code     200  tasks.o(.text)
    vTaskEndScheduler                        0x000010ac   ARM Code      40  tasks.o(.text)
    xTaskGetTickCount                        0x000010d4   ARM Code      32  tasks.o(.text)
    xTaskGetTickCountFromISR                 0x000010f4   ARM Code      16  tasks.o(.text)
    uxTaskGetNumberOfTasks                   0x00001104   ARM Code      12  tasks.o(.text)
    vTaskPlaceOnEventList                    0x00001110   ARM Code     108  tasks.o(.text)
    xTaskRemoveFromEventList                 0x0000117c   ARM Code     168  tasks.o(.text)
    vTaskSetTimeOutState                     0x00001224   ARM Code      28  tasks.o(.text)
    xTaskCheckForTimeOut                     0x00001240   ARM Code     176  tasks.o(.text)
    vTaskMissedYield                         0x000012f0   ARM Code      16  tasks.o(.text)
    vListInitialise                          0x00001300   ARM Code      44  list.o(.text)
    vListInitialiseItem                      0x0000132c   ARM Code      12  list.o(.text)
    vListInsertEnd                           0x00001338   ARM Code      56  list.o(.text)
    vListInsert                              0x00001370   ARM Code      96  list.o(.text)
    vListRemove                              0x000013d0   ARM Code      68  list.o(.text)
    pxPortInitialiseStack                    0x00001414   ARM Code     236  port.o(.text)
    xPortStartScheduler                      0x00001564   ARM Code      24  port.o(.text)
    vPortEndScheduler                        0x0000157c   ARM Code       4  port.o(.text)
    vPortEnterCritical                       0x00001580   ARM Code      36  port.o(.text)
    vPortExitCritical                        0x000015a4   ARM Code      68  port.o(.text)
    pvPortMalloc                             0x0000160c   ARM Code     352  heap_2.o(.text)
    vPortFree                                0x0000176c   ARM Code     112  heap_2.o(.text)
    xPortGetFreeHeapSize                     0x000017dc   ARM Code      12  heap_2.o(.text)
    vPortInitialiseBlocks                    0x000017e8   ARM Code       4  heap_2.o(.text)
    main                                     0x00001970   ARM Code     380  main.o(.text)
    delay                                    0x00001b50   ARM Code      52  4bitlcd.o(.text)
    lcd_cmd                                  0x00001b84   ARM Code     148  4bitlcd.o(.text)
    lcd_data                                 0x00001c18   ARM Code     140  4bitlcd.o(.text)
    fuzzy                                    0x00001cac   ARM Code     756  fuzzy.o(.text)
    humid_read                               0x00001fa0   ARM Code     352  humid_read.o(.text)
    lcd_init                                 0x00002118   ARM Code     164  init.o(.text)
    step_delay                               0x000021d8   ARM Code      56  open_close.o(.text)
    step_open                                0x00002210   ARM Code     320  open_close.o(.text)
    step_close                               0x00002350   ARM Code     376  open_close.o(.text)
    temp_read                                0x000024c8   ARM Code     356  temp_read.o(.text)
    rf_delay                                 0x00002640   ARM Code      56  warn_info.o(.text)
    send_param                               0x00002678   ARM Code     472  warn_info.o(.text)
    warn                                     0x00002850   ARM Code     104  warn_info.o(.text)
    T0isr                                    0x000028c0   ARM Code      60  wind_read.o(.text)
    wind_read                                0x000028fc   ARM Code     304  wind_read.o(.text)
    T1fiq                                    0x00002a2c   ARM Code     384  wind_read.o(.text)
    manual_main                              0x00002bcc   ARM Code     224  manual.o(.text)
    Vectored_IRQ                             0x00002cac   ARM Code     184  manual.o(.text)
    __aeabi_memset                           0x00002d7c   ARM Code      16  aeabi_memset.o(.text)
    strncpy                                  0x00002d8c   ARM Code     108  strncpy.o(.text)
    __aeabi_idiv                             0x00002dfc   ARM Code       0  aeabi_sdiv.o(.text)
    __aeabi_idivmod                          0x00002dfc   ARM Code     384  aeabi_sdiv.o(.text)
    __use_two_region_memory                  0x00002f7d   Thumb Code     2  heapauxi.o(.text)
    __rt_heap_escrow$2region                 0x00002f7f   Thumb Code     2  heapauxi.o(.text)
    __rt_heap_expand$2region                 0x00002f81   Thumb Code     2  heapauxi.o(.text)
    __aeabi_memclr                           0x00002f84   ARM Code       0  rt_memclr.o(.text)
    __rt_memclr                              0x00002f84   ARM Code      64  rt_memclr.o(.text)
    _memset                                  0x00002f88   ARM Code       0  rt_memclr.o(.text)
    __aeabi_memclr4                          0x00002fc4   ARM Code       0  rt_memclr_w.o(.text)
    __aeabi_memclr8                          0x00002fc4   ARM Code       0  rt_memclr_w.o(.text)
    __rt_memclr_w                            0x00002fc4   ARM Code      84  rt_memclr_w.o(.text)
    _memset_w                                0x00002fc8   ARM Code       0  rt_memclr_w.o(.text)
    __user_setup_stackheap                   0x00003018   ARM Code      96  sys_stackheap_outer.o(.text)
    exit                                     0x00003079   Thumb Code    12  exit.o(.text)
    __user_libspace                          0x00003084   ARM Code      12  libspace.o(.text)
    __user_perproc_libspace                  0x00003084   ARM Code       0  libspace.o(.text)
    __user_perthread_libspace                0x00003084   ARM Code       0  libspace.o(.text)
    Inline ARM to Thumb Veneer to _sys_exit  0x00003090   ARM Code       8  sys_exit.o(.text)
    _sys_exit                                0x00003099   Thumb Code     8  sys_exit.o(.text)
    __rt_fp_status_addr                      0x000030a4   ARM Code      12  rt_fp_status_addr_intlibspace.o(.text)
    __I$use$semihosting                      0x000030b0   ARM Code       0  use_no_semi.o(.text)
    __use_no_semihosting_swi                 0x000030b0   ARM Code       4  use_no_semi.o(.text)
    __aeabi_uidiv                            0x000030b4   ARM Code       0  aeabi_sdiv.o(.text_udiv)
    __aeabi_uidivmod                         0x000030b4   ARM Code      36  aeabi_sdiv.o(.text_udiv)
    __semihosting_library_function           0x000030b4   ARM Code       0  indicate_semi.o(.text)
    vPortStartFirstTask                      0x000030d8   ARM Code       0  portasm.o(PORT_ASM)
    vPortYield                               0x00003108   ARM Code       0  portasm.o(PORT_ASM)
    vPortYieldProcessor                      0x00003110   ARM Code       0  portasm.o(PORT_ASM)
    vPreemptiveTick                          0x0000319c   ARM Code       0  portasm.o(PORT_ASM)
    Inline Thumb to ARM Veneer to _fp_init   0x0000325d   Thumb Code     4  fpinit.o(x$fpl$fpinit)
    _fp_init                                 0x00003260   ARM Code      24  fpinit.o(x$fpl$fpinit)
    __fplib_config_pureend_doubles           0x00003270   ARM Code       0  fpinit.o(x$fpl$fpinit)
    Region$$Table$$Base                      0x00003278   Number         0  anon$$obj.o(Region$$Table)
    Region$$Table$$Limit                     0x00003298   Number         0  anon$$obj.o(Region$$Table)
    pxCurrentTCB                             0x40000000   Data           4  tasks.o(.data)
    ulCriticalNesting                        0x4000003c   Data           4  port.o(.data)
    a                                        0x40000058   Data           4  main.o(.data)
    aut                                      0x4000005c   Data           4  main.o(.data)
    man                                      0x40000060   Data           4  main.o(.data)
    b                                        0x40000064   Data           4  main.o(.data)
    k                                        0x40000068   Data           4  main.o(.data)
    xHandle                                  0x4000006c   Data           4  main.o(.data)
    xHandle1                                 0x40000070   Data           4  main.o(.data)
    xHandle2                                 0x40000074   Data           4  main.o(.data)
    one_time_open                            0x40000078   Data           4  open_close.o(.data)
    one_time_close                           0x4000007c   Data           4  open_close.o(.data)
    value                                    0x40000080   Data           4  wind_read.o(.data)
    flag                                     0x40000084   Data           4  wind_read.o(.data)
    wind_value                               0x40000088   Data           4  wind_read.o(.data)
    dat_w                                    0x4000008c   Data           6  wind_read.o(.data)
    x                                        0x40000094   Data           4  manual.o(.data)
    y                                        0x40000098   Data           4  manual.o(.data)
    h                                        0x4000009c   Data           4  manual.o(.data)
    flg                                      0x400000a0   Data           4  manual.o(.data)
    __libspace_start                         0x40003580   Data          96  libspace.o(.bss)
    __temporary_stack_top$libspace           0x400035e0   Data           0  libspace.o(.bss)



==============================================================================

Memory Map of the image

  Image Entry point : 0x00000100

  Load Region LR_IROM1 (Base: 0x00000000, Size: 0x0000333c, Max: 0x00040000, ABSOLUTE)

    Execution Region ER_IROM1 (Base: 0x00000000, Size: 0x00003298, Max: 0x00040000, ABSOLUTE)

    Base Addr    Size         Type   Attr      Idx    E Section Name        Object

    0x00000000   0x00000100   Code   RO            3    RESET               startup.o
    0x00000100   0x00000008   Code   RO          388  * !!!main             c_t.l(__main.o)
    0x00000108   0x0000003c   Code   RO          569    !!!scatter          c_t.l(__scatter.o)
    0x00000144   0x00000028   Code   RO          571    !!handler_copy      c_t.l(__scatter_copy.o)
    0x0000016c   0x0000002c   Code   RO          573    !!handler_zi        c_t.l(__scatter_zi.o)
    0x00000198   0x00000008   Ven    RO          436    .ARM.Collect$$libinit$$00000000  c_t.l(libinit.o)
    0x000001a0   0x00000006   Code   RO          436    .ARM.Collect$$libinit$$00000000  c_t.l(libinit.o)
    0x000001a6   0x00000000   Code   RO          450    .ARM.Collect$$libinit$$00000006  c_t.l(libinit2.o)
    0x000001a6   0x00000000   Code   RO          452    .ARM.Collect$$libinit$$00000008  c_t.l(libinit2.o)
    0x000001a6   0x00000000   Code   RO          454    .ARM.Collect$$libinit$$0000000A  c_t.l(libinit2.o)
    0x000001a6   0x00000000   Code   RO          457    .ARM.Collect$$libinit$$0000000D  c_t.l(libinit2.o)
    0x000001a6   0x00000000   Code   RO          459    .ARM.Collect$$libinit$$0000000F  c_t.l(libinit2.o)
    0x000001a6   0x00000000   Code   RO          461    .ARM.Collect$$libinit$$00000011  c_t.l(libinit2.o)
    0x000001a6   0x00000000   Code   RO          463    .ARM.Collect$$libinit$$00000013  c_t.l(libinit2.o)
    0x000001a6   0x00000000   Code   RO          465    .ARM.Collect$$libinit$$00000015  c_t.l(libinit2.o)
    0x000001a6   0x00000000   Code   RO          467    .ARM.Collect$$libinit$$00000017  c_t.l(libinit2.o)
    0x000001a6   0x00000000   Code   RO          469    .ARM.Collect$$libinit$$00000019  c_t.l(libinit2.o)
    0x000001a6   0x00000000   Code   RO          471    .ARM.Collect$$libinit$$0000001B  c_t.l(libinit2.o)
    0x000001a6   0x00000000   Code   RO          473    .ARM.Collect$$libinit$$0000001D  c_t.l(libinit2.o)
    0x000001a6   0x00000000   Code   RO          475    .ARM.Collect$$libinit$$0000001F  c_t.l(libinit2.o)
    0x000001a6   0x00000000   Code   RO          477    .ARM.Collect$$libinit$$00000021  c_t.l(libinit2.o)
    0x000001a6   0x00000000   Code   RO          481    .ARM.Collect$$libinit$$00000028  c_t.l(libinit2.o)
    0x000001a6   0x00000000   Code   RO          483    .ARM.Collect$$libinit$$0000002A  c_t.l(libinit2.o)
    0x000001a6   0x00000000   Code   RO          485    .ARM.Collect$$libinit$$0000002C  c_t.l(libinit2.o)
    0x000001a6   0x00000000   Code   RO          487    .ARM.Collect$$libinit$$0000002E  c_t.l(libinit2.o)
    0x000001a6   0x0000000c   Code   RO          488    .ARM.Collect$$libinit$$0000002F  c_t.l(libinit2.o)
    0x000001b2   0x00000002   PAD
    0x000001b4   0x00000008   Ven    RO          527    .ARM.Collect$$libshutdown$$00000000  c_t.l(libshutdown.o)
    0x000001bc   0x00000004   Code   RO          527    .ARM.Collect$$libshutdown$$00000000  c_t.l(libshutdown.o)
    0x000001c0   0x00000000   Code   RO          554    .ARM.Collect$$libshutdown$$00000003  c_t.l(libshutdown2.o)
    0x000001c0   0x00000000   Code   RO          557    .ARM.Collect$$libshutdown$$00000006  c_t.l(libshutdown2.o)
    0x000001c0   0x00000000   Code   RO          560    .ARM.Collect$$libshutdown$$00000009  c_t.l(libshutdown2.o)
    0x000001c0   0x00000000   Code   RO          562    .ARM.Collect$$libshutdown$$0000000B  c_t.l(libshutdown2.o)
    0x000001c0   0x00000000   Code   RO          565    .ARM.Collect$$libshutdown$$0000000E  c_t.l(libshutdown2.o)
    0x000001c0   0x00000006   Code   RO          566    .ARM.Collect$$libshutdown$$0000000F  c_t.l(libshutdown2.o)
    0x000001c6   0x00000002   PAD
    0x000001c8   0x00000000   Code   RO          390    .ARM.Collect$$rtentry$$00000000  c_t.l(rtentry.o)
    0x000001c8   0x00000000   Code   RO          401    .ARM.Collect$$rtentry$$00000002  c_t.l(rtentry2.o)
    0x000001c8   0x00000008   Code   RO          416    .ARM.Collect$$rtentry$$00000004  c_t.l(rtentry4.o)
    0x000001d0   0x00000000   Code   RO          403    .ARM.Collect$$rtentry$$00000009  c_t.l(rtentry2.o)
    0x000001d0   0x00000004   Code   RO          404    .ARM.Collect$$rtentry$$0000000A  c_t.l(rtentry2.o)
    0x000001d4   0x00000000   Code   RO          406    .ARM.Collect$$rtentry$$0000000C  c_t.l(rtentry2.o)
    0x000001d4   0x00000028   Code   RO          407    .ARM.Collect$$rtentry$$0000000D  c_t.l(rtentry2.o)
    0x000001fc   0x00000004   Ven    RO          440    .ARM.Collect$$rtexit$$00000000  c_t.l(rtexit.o)
    0x00000200   0x00000004   Code   RO          440    .ARM.Collect$$rtexit$$00000000  c_t.l(rtexit.o)
    0x00000204   0x00000000   Code   RO          494    .ARM.Collect$$rtexit$$00000002  c_t.l(rtexit2.o)
    0x00000204   0x00000004   Code   RO          495    .ARM.Collect$$rtexit$$00000003  c_t.l(rtexit2.o)
    0x00000208   0x00000008   Code   RO          496    .ARM.Collect$$rtexit$$00000004  c_t.l(rtexit2.o)
    0x00000210   0x00000020   Code   RO            4    .text               startup.o
    0x00000230   0x000010d0   Code   RO           11    .text               tasks.o
    0x00001300   0x00000114   Code   RO           74    .text               list.o
    0x00001414   0x000001f8   Code   RO          107    .text               port.o
    0x0000160c   0x000001f4   Code   RO          122    .text               heap_2.o
    0x00001800   0x00000350   Code   RO          215    .text               main.o
    0x00001b50   0x0000015c   Code   RO          245    .text               4bitlcd.o
    0x00001cac   0x000002f4   Code   RO          257    .text               fuzzy.o
    0x00001fa0   0x00000178   Code   RO          269    .text               humid_read.o
    0x00002118   0x000000c0   Code   RO          281    .text               init.o
    0x000021d8   0x000002f0   Code   RO          293    .text               open_close.o
    0x000024c8   0x00000178   Code   RO          308    .text               temp_read.o
    0x00002640   0x00000280   Code   RO          320    .text               warn_info.o
    0x000028c0   0x0000030c   Code   RO          332    .text               wind_read.o
    0x00002bcc   0x000001b0   Code   RO          347    .text               manual.o
    0x00002d7c   0x00000010   Code   RO          366    .text               c_t.l(aeabi_memset.o)
    0x00002d8c   0x00000070   Code   RO          368    .text               c_t.l(strncpy.o)
    0x00002dfc   0x00000180   Code   RO          370    .text               c_t.l(aeabi_sdiv.o)
    0x00002f7c   0x00000006   Code   RO          386    .text               c_t.l(heapauxi.o)
    0x00002f82   0x00000002   PAD
    0x00002f84   0x00000040   Code   RO          398    .text               c_t.l(rt_memclr.o)
    0x00002fc4   0x00000054   Code   RO          420    .text               c_t.l(rt_memclr_w.o)
    0x00003018   0x00000060   Code   RO          422    .text               c_t.l(sys_stackheap_outer.o)
    0x00003078   0x0000000c   Code   RO          424    .text               c_t.l(exit.o)
    0x00003084   0x0000000c   Code   RO          437    .text               c_t.l(libspace.o)
    0x00003090   0x00000008   Ven    RO          491    .text               c_t.l(sys_exit.o)
    0x00003098   0x0000000c   Code   RO          491    .text               c_t.l(sys_exit.o)
    0x000030a4   0x0000000c   Code   RO          504    .text               c_t.l(rt_fp_status_addr_intlibspace.o)
    0x000030b0   0x00000004   Code   RO          516    .text               c_t.l(use_no_semi.o)
    0x000030b4   0x00000000   Code   RO          518    .text               c_t.l(indicate_semi.o)
    0x000030b4   0x00000024   Code   RO          371    .text_udiv          c_t.l(aeabi_sdiv.o)
    0x000030d8   0x00000184   Code   RO          137    PORT_ASM            portasm.o
    0x0000325c   0x00000004   Ven    RO          489    x$fpl$fpinit        fz_ts.l(fpinit.o)
    0x00003260   0x00000018   Code   RO          489    x$fpl$fpinit        fz_ts.l(fpinit.o)
    0x00003278   0x00000020   Data   RO          567    Region$$Table       anon$$obj.o


    Execution Region RW_IRAM1 (Base: 0x40000000, Size: 0x00003c00, Max: 0x00004000, ABSOLUTE)

    Base Addr    Size         Type   Attr      Idx    E Section Name        Object

    0x40000000   0x0000003c   Data   RW           13    .data               tasks.o
    0x4000003c   0x00000004   Data   RW          108    .data               port.o
    0x40000040   0x00000018   Data   RW          124    .data               heap_2.o
    0x40000058   0x00000020   Data   RW          216    .data               main.o
    0x40000078   0x00000008   Data   RW          294    .data               open_close.o
    0x40000080   0x00000012   Data   RW          333    .data               wind_read.o
    0x40000092   0x00000002   PAD
    0x40000094   0x00000010   Data   RW          348    .data               manual.o
    0x400000a4   0x000000dc   Zero   RW           12    .bss                tasks.o
    0x40000180   0x00003400   Zero   RW          123    .bss                heap_2.o
    0x40003580   0x00000060   Zero   RW          438    .bss                c_t.l(libspace.o)
    0x400035e0   0x00000000   Zero   RW            2    HEAP                startup.o
    0x400035e0   0x00000620   Zero   RW            1    STACK               startup.o


==============================================================================

Image component sizes


      Code (inc. data)   RO Data    RW Data    ZI Data      Debug   Object Name

       348          8          0          0          0        945   4bitlcd.o
       756          0          0          0          0       1232   fuzzy.o
       500         20          0         24      13312       3440   heap_2.o
       376         24          0          0          0        745   humid_read.o
       192         28          0          0          0        575   init.o
       276          0          0          0          0       2965   list.o
       848        100          0         32          0       1913   main.o
       432         24          0         16          0        975   manual.o
       752         48          0          8          0       1641   open_close.o
       504         36          0          4          0       1795   port.o
       388         24          0          0          0        316   portasm.o
       288         60          0          0       1568        516   startup.o
      4304         96          0         60        220      18738   tasks.o
       376         20          0          0          0        716   temp_read.o
       640          8          0          0          0       1307   warn_info.o
       780         32          0         18          0       1734   wind_read.o

    ----------------------------------------------------------------------
     11760        528         32        164      15100      39553   Object Totals
         0          0         32          0          0          0   (incl. Generated)
         0          0          0          2          0          0   (incl. Padding)

    ----------------------------------------------------------------------

      Code (inc. data)   RO Data    RW Data    ZI Data      Debug   Library Member Name

         8          0          0          0          0         68   __main.o
        60          8          0          0          0          0   __scatter.o
        40          0          0          0          0          0   __scatter_copy.o
        44          0          0          0          0          0   __scatter_zi.o
        16          0          0          0          0         68   aeabi_memset.o
       420          0          0          0          0        148   aeabi_sdiv.o
        12          0          0          0          0         64   exit.o
         6          0          0          0          0        136   heapauxi.o
         0          0          0          0          0          0   indicate_semi.o
        14          0          0          0          0          0   libinit.o
        12          0          0          0          0          0   libinit2.o
        12          0          0          0          0          0   libshutdown.o
         6          0          0          0          0          0   libshutdown2.o
        12          4          0          0         96         68   libspace.o
        12          4          0          0          0         68   rt_fp_status_addr_intlibspace.o
        64          0          0          0          0         68   rt_memclr.o
        84          0          0          0          0         80   rt_memclr_w.o
         0          0          0          0          0          0   rtentry.o
        44          4          0          0          0          0   rtentry2.o
         8          0          0          0          0          0   rtentry4.o
         8          0          0          0          0          0   rtexit.o
        12          0          0          0          0          0   rtexit2.o
       112          4          0          0          0         84   strncpy.o
        20          4          0          0          0         60   sys_exit.o
        96          0          0          0          0         80   sys_stackheap_outer.o
         4          0          0          0          0         68   use_no_semi.o
        28          0          0          0          0         80   fpinit.o

    ----------------------------------------------------------------------
      1160         28          0          0         96       1140   Library Totals
         6          0          0          0          0          0   (incl. Padding)

    ----------------------------------------------------------------------

      Code (inc. data)   RO Data    RW Data    ZI Data      Debug   Library Name

      1126         28          0          0         96       1060   c_t.l
        28          0          0          0          0         80   fz_ts.l

    ----------------------------------------------------------------------
      1160         28          0          0         96       1140   Library Totals

    ----------------------------------------------------------------------

==============================================================================


      Code (inc. data)   RO Data    RW Data    ZI Data      Debug   

     12920        556         32        164      15196      38993   Grand Totals
     12920        556         32        164      15196      38993   ELF Image Totals
     12920        556         32        164          0          0   ROM Totals

==============================================================================

    Total RO  Size (Code + RO Data)                12952 (  12.65kB)
    Total RW  Size (RW Data + ZI Data)             15360 (  15.00kB)
    Total ROM Size (Code + RO Data + RW Data)      13116 (  12.81kB)

==============================================================================

