<html>
<body>
<pre>
<h1>µVision Build Log</h1>
<h2>Project:</h2>
C:\Documents and Settings\RND\Desktop\FreeRTOS_0\Demo\ARM7_LPC2129_Keil_RVDS\RTOSDemo.uvproj
Project File Date:  06/01/2012

<h2>Output:</h2>
Build target 'RTOSDemo_ARM'
assembling Startup.s...
compiling tasks.c...
compiling list.c...
compiling queue.c...
compiling port.c...
compiling heap_2.c...
assembling portASM.s...
compiling BlockQ.c...
compiling dynamic.c...
compiling PollQ.c...
compiling semtest.c...
compiling main.c...
main.c(145): warning:  #1295-D: Deprecated declaration decision - give arg types
main.c(147): warning:  #1295-D: Deprecated declaration automatic - give arg types
main.c(149): warning:  #1295-D: Deprecated declaration manual - give arg types
main.c(227): warning:  #167-D: argument of type "void (*)(void)" is incompatible with parameter of type "pdTASK_CODE"
main.c(178): warning:  #550-D: variable "a" was set but never used
main.c(178): warning:  #177-D: variable "b" was declared but never referenced
main.c(178): warning:  #177-D: variable "k" was declared but never referenced
main.c(367): error:  #29: expected an expression
main.c(367): error:  #140: too many arguments in function call
main.c(376): error:  #20: identifier "pvParameters" is undefined
main.c(377): error:  #268: declaration may not appear after executable statement in block
main.c(377): error:  #67: expected a "}"
main.c(378): error:  #169: expected a declaration
main.c(434): warning:  #12-D: parsing restarts here after previous syntax error
main.c(435): error:  #77-D: this declaration has no storage class or type specifier
main.c(435): error:  #59: function call is not allowed in a constant expression
main.c(436): error:  #40: expected an identifier
main.c(436): error:  #18: expected a ")"
main.c(436): error:  #65: expected a ";"
main.c(439): error:  #169: expected a declaration
main.c(450): warning:  #12-D: parsing restarts here after previous syntax error
main.c(451): error:  #77-D: this declaration has no storage class or type specifier
main.c(451): error:  #59: function call is not allowed in a constant expression
main.c(452): error:  #40: expected an identifier
main.c(452): error:  #18: expected a ")"
main.c(452): error:  #65: expected a ";"
main.c(455): error:  #40: expected an identifier
main.c(455): error:  #18: expected a ")"
main.c(455): error:  #65: expected a ";"
main.c(456): error:  #77-D: this declaration has no storage class or type specifier
main.c(456): error:  #59: function call is not allowed in a constant expression
main.c(457): error:  #40: expected an identifier
main.c(457): error:  #18: expected a ")"
main.c(457): error:  #65: expected a ";"
main.c(459): error:  #169: expected a declaration
main.c(515): warning:  #12-D: parsing restarts here after previous syntax error
main.c(516): error:  #40: expected an identifier
main.c(516): error:  #18: expected a ")"
main.c(517): error:  #40: expected an identifier
main.c(517): error:  #18: expected a ")"
compiling 4bitlcd.c...
4bitlcd.c(61): warning:  #1-D: last line of file ends without a newline
compiling fuzzy.c...
fuzzy.c(32): warning:  #186-D: pointless comparison of unsigned integer with zero
fuzzy.c(56): warning:  #186-D: pointless comparison of unsigned integer with zero
fuzzy.c(88): warning:  #186-D: pointless comparison of unsigned integer with zero
fuzzy.c(205): warning:  #1-D: last line of file ends without a newline
fuzzy.c(8): warning:  #550-D: variable "yt1" was set but never used
fuzzy.c(8): warning:  #550-D: variable "yt2" was set but never used
fuzzy.c(8): warning:  #550-D: variable "yt3" was set but never used
compiling humid_read.c...
humid_read.c(44): warning:  #1-D: last line of file ends without a newline
compiling init.c...
init.c(30): warning:  #1-D: last line of file ends without a newline
compiling open_close.c...
compiling temp_read.c...
temp_read.c(50): warning:  #1-D: last line of file ends without a newline
compiling warn_info.c...
warn_info.c(17): warning:  #550-D: variable "y4" was set but never used
warn_info.c(17): warning:  #550-D: variable "c" was set but never used
compiling wind_read.c...
wind_read.c(7): warning:  #1295-D: Deprecated declaration T0isr - give arg types
wind_read.c(8): warning:  #1295-D: Deprecated declaration T1fiq - give arg types
Target not created
Build target 'RTOSDemo_ARM'
assembling Startup.s...
compiling tasks.c...
compiling list.c...
compiling queue.c...
compiling port.c...
compiling heap_2.c...
assembling portASM.s...
compiling BlockQ.c...
compiling dynamic.c...
compiling PollQ.c...
compiling semtest.c...
compiling main.c...
main.c(225): warning:  #167-D: argument of type "void (*)(void)" is incompatible with parameter of type "pdTASK_CODE"
main.c(226): warning:  #167-D: argument of type "void (*)(void)" is incompatible with parameter of type "pdTASK_CODE"
main.c(227): warning:  #167-D: argument of type "void (*)(void)" is incompatible with parameter of type "pdTASK_CODE"
main.c(178): warning:  #550-D: variable "a" was set but never used
main.c(178): warning:  #177-D: variable "b" was declared but never referenced
main.c(178): warning:  #177-D: variable "k" was declared but never referenced
main.c(334): error:  #147-D: declaration is incompatible with "void decision(void)" (declared at line 145)
main.c(351): error:  #29: expected an expression
main.c(351): error:  #140: too many arguments in function call
main.c(360): error:  #20: identifier "pvParameters" is undefined
main.c(361): error:  #268: declaration may not appear after executable statement in block
main.c(361): error:  #67: expected a "}"
main.c(362): error:  #169: expected a declaration
main.c(418): warning:  #12-D: parsing restarts here after previous syntax error
main.c(419): error:  #77-D: this declaration has no storage class or type specifier
main.c(419): error:  #59: function call is not allowed in a constant expression
main.c(420): error:  #40: expected an identifier
main.c(420): error:  #18: expected a ")"
main.c(420): error:  #65: expected a ";"
main.c(423): error:  #169: expected a declaration
main.c(434): warning:  #12-D: parsing restarts here after previous syntax error
main.c(435): error:  #77-D: this declaration has no storage class or type specifier
main.c(435): error:  #59: function call is not allowed in a constant expression
main.c(436): error:  #40: expected an identifier
main.c(436): error:  #18: expected a ")"
main.c(436): error:  #65: expected a ";"
main.c(439): error:  #40: expected an identifier
main.c(439): error:  #18: expected a ")"
main.c(439): error:  #65: expected a ";"
main.c(440): error:  #77-D: this declaration has no storage class or type specifier
main.c(440): error:  #59: function call is not allowed in a constant expression
main.c(441): error:  #40: expected an identifier
main.c(441): error:  #18: expected a ")"
main.c(441): error:  #65: expected a ";"
main.c(443): error:  #169: expected a declaration
main.c(499): warning:  #12-D: parsing restarts here after previous syntax error
main.c(500): error:  #40: expected an identifier
main.c(500): error:  #18: expected a ")"
main.c(501): error:  #40: expected an identifier
compiling 4bitlcd.c...
4bitlcd.c(61): warning:  #1-D: last line of file ends without a newline
compiling fuzzy.c...
fuzzy.c(32): warning:  #186-D: pointless comparison of unsigned integer with zero
fuzzy.c(56): warning:  #186-D: pointless comparison of unsigned integer with zero
fuzzy.c(88): warning:  #186-D: pointless comparison of unsigned integer with zero
fuzzy.c(205): warning:  #1-D: last line of file ends without a newline
fuzzy.c(8): warning:  #550-D: variable "yt1" was set but never used
fuzzy.c(8): warning:  #550-D: variable "yt2" was set but never used
fuzzy.c(8): warning:  #550-D: variable "yt3" was set but never used
compiling humid_read.c...
humid_read.c(44): warning:  #1-D: last line of file ends without a newline
compiling init.c...
init.c(30): warning:  #1-D: last line of file ends without a newline
compiling open_close.c...
compiling temp_read.c...
temp_read.c(50): warning:  #1-D: last line of file ends without a newline
compiling warn_info.c...
warn_info.c(17): warning:  #550-D: variable "y4" was set but never used
warn_info.c(17): warning:  #550-D: variable "c" was set but never used
compiling wind_read.c...
wind_read.c(7): warning:  #1295-D: Deprecated declaration T0isr - give arg types
wind_read.c(8): warning:  #1295-D: Deprecated declaration T1fiq - give arg types
Target not created
Build target 'RTOSDemo_ARM'
assembling Startup.s...
compiling tasks.c...
compiling list.c...
compiling queue.c...
compiling port.c...
compiling heap_2.c...
assembling portASM.s...
compiling BlockQ.c...
compiling dynamic.c...
compiling PollQ.c...
compiling semtest.c...
compiling main.c...
main.c(149): error:  #147-D: declaration is incompatible with "void manual(void)" (declared at line 7 of "lcdheader.h")
main.c(178): warning:  #550-D: variable "a" was set but never used
main.c(178): warning:  #177-D: variable "b" was declared but never referenced
main.c(178): warning:  #177-D: variable "k" was declared but never referenced
main.c(351): error:  #29: expected an expression
main.c(358): error:  #147-D: declaration is incompatible with "void automatic(void *)" (declared at line 147)
main.c(360): error:  #20: identifier "pvParameters" is undefined
main.c(361): error:  #268: declaration may not appear after executable statement in block
main.c(361): error:  #67: expected a "}"
main.c(362): error:  #169: expected a declaration
main.c(418): warning:  #12-D: parsing restarts here after previous syntax error
main.c(419): error:  #77-D: this declaration has no storage class or type specifier
main.c(419): error:  #59: function call is not allowed in a constant expression
main.c(420): error:  #40: expected an identifier
main.c(420): error:  #18: expected a ")"
main.c(420): error:  #65: expected a ";"
main.c(423): error:  #169: expected a declaration
main.c(434): warning:  #12-D: parsing restarts here after previous syntax error
main.c(435): error:  #77-D: this declaration has no storage class or type specifier
main.c(435): error:  #59: function call is not allowed in a constant expression
main.c(436): error:  #40: expected an identifier
main.c(436): error:  #18: expected a ")"
main.c(436): error:  #65: expected a ";"
main.c(439): error:  #40: expected an identifier
main.c(439): error:  #18: expected a ")"
main.c(439): error:  #65: expected a ";"
main.c(440): error:  #77-D: this declaration has no storage class or type specifier
main.c(440): error:  #59: function call is not allowed in a constant expression
main.c(441): error:  #40: expected an identifier
main.c(441): error:  #18: expected a ")"
main.c(441): error:  #65: expected a ";"
main.c(443): error:  #169: expected a declaration
main.c(499): warning:  #12-D: parsing restarts here after previous syntax error
main.c(500): error:  #40: expected an identifier
main.c(500): error:  #18: expected a ")"
main.c(501): error:  #40: expected an identifier
compiling 4bitlcd.c...
4bitlcd.c(61): warning:  #1-D: last line of file ends without a newline
compiling fuzzy.c...
fuzzy.c(32): warning:  #186-D: pointless comparison of unsigned integer with zero
fuzzy.c(56): warning:  #186-D: pointless comparison of unsigned integer with zero
fuzzy.c(88): warning:  #186-D: pointless comparison of unsigned integer with zero
fuzzy.c(205): warning:  #1-D: last line of file ends without a newline
fuzzy.c(8): warning:  #550-D: variable "yt1" was set but never used
fuzzy.c(8): warning:  #550-D: variable "yt2" was set but never used
fuzzy.c(8): warning:  #550-D: variable "yt3" was set but never used
compiling humid_read.c...
humid_read.c(44): warning:  #1-D: last line of file ends without a newline
compiling init.c...
init.c(30): warning:  #1-D: last line of file ends without a newline
compiling open_close.c...
compiling temp_read.c...
temp_read.c(50): warning:  #1-D: last line of file ends without a newline
compiling warn_info.c...
warn_info.c(17): warning:  #550-D: variable "y4" was set but never used
warn_info.c(17): warning:  #550-D: variable "c" was set but never used
compiling wind_read.c...
wind_read.c(7): warning:  #1295-D: Deprecated declaration T0isr - give arg types
wind_read.c(8): warning:  #1295-D: Deprecated declaration T1fiq - give arg types
Target not created
Build target 'RTOSDemo_ARM'
assembling Startup.s...
compiling tasks.c...
compiling list.c...
compiling queue.c...
compiling port.c...
compiling heap_2.c...
assembling portASM.s...
compiling BlockQ.c...
compiling dynamic.c...
compiling PollQ.c...
compiling semtest.c...
compiling main.c...
main.c(223): error:  #20: identifier "a" is undefined
main.c(347): warning:  #223-D: function "autom" declared implicitly
main.c(351): error:  #165: too few arguments in function call
main.c(382): error:  #147-D: declaration is incompatible with "void manual(void *)" (declared at line 149)
main.c(384): warning:  #177-D: variable "x" was declared but never referenced
main.c(384): warning:  #177-D: variable "y" was declared but never referenced
main.c(384): warning:  #177-D: variable "h" was declared but never referenced
main.c(385): warning:  #177-D: variable "flg" was declared but never referenced
main.c(418): error:  #20: identifier "h" is undefined
main.c(424): error:  #20: identifier "flg" is undefined
main.c(430): error:  #20: identifier "flg" is undefined
main.c(434): error:  #20: identifier "x" is undefined
main.c(439): error:  #20: identifier "y" is undefined
main.c(455): error:  #20: identifier "nor" is undefined
main.c(456): error:  #20: identifier "param" is undefined
main.c(456): warning:  #223-D: function "adc_main" declared implicitly
main.c(457): warning:  #223-D: function "actuator" declared implicitly
main.c(458): warning:  #223-D: function "led_blink" declared implicitly
main.c(480): error:  #268: declaration may not appear after executable statement in block
main.c(480): error:  #67: expected a "}"
main.c(482): error:  #77-D: this declaration has no storage class or type specifier
main.c(482): error:  #147: declaration is incompatible with "unsigned int a" (declared at line 480)
main.c(482): error:  #28: expression must have a constant value
main.c(483): error:  #169: expected a declaration
main.c(498): warning:  #12-D: parsing restarts here after previous syntax error
main.c(499): error:  #40: expected an identifier
main.c(499): error:  #18: expected a ")"
main.c(500): error:  #40: expected an identifier
main.c(500): error:  #18: expected a ")"
main.c(500): error:  #65: expected a ";"
main.c(502): error:  #169: expected a declaration
main.c(394): warning:  #177-D: function "wind" was declared but never referenced
main.c(450): warning:  #177-D: function "running" was declared but never referenced
compiling 4bitlcd.c...
4bitlcd.c(61): warning:  #1-D: last line of file ends without a newline
compiling fuzzy.c...
fuzzy.c(32): warning:  #186-D: pointless comparison of unsigned integer with zero
fuzzy.c(56): warning:  #186-D: pointless comparison of unsigned integer with zero
fuzzy.c(88): warning:  #186-D: pointless comparison of unsigned integer with zero
fuzzy.c(205): warning:  #1-D: last line of file ends without a newline
fuzzy.c(8): warning:  #550-D: variable "yt1" was set but never used
fuzzy.c(8): warning:  #550-D: variable "yt2" was set but never used
fuzzy.c(8): warning:  #550-D: variable "yt3" was set but never used
compiling humid_read.c...
humid_read.c(44): warning:  #1-D: last line of file ends without a newline
compiling init.c...
init.c(30): warning:  #1-D: last line of file ends without a newline
compiling open_close.c...
compiling temp_read.c...
temp_read.c(50): warning:  #1-D: last line of file ends without a newline
compiling warn_info.c...
warn_info.c(17): warning:  #550-D: variable "y4" was set but never used
warn_info.c(17): warning:  #550-D: variable "c" was set but never used
compiling wind_read.c...
wind_read.c(7): warning:  #1295-D: Deprecated declaration T0isr - give arg types
wind_read.c(8): warning:  #1295-D: Deprecated declaration T1fiq - give arg types
Target not created
Build target 'RTOSDemo_ARM'
assembling Startup.s...
compiling tasks.c...
compiling list.c...
compiling queue.c...
compiling port.c...
compiling heap_2.c...
assembling portASM.s...
compiling BlockQ.c...
compiling dynamic.c...
compiling PollQ.c...
compiling semtest.c...
compiling main.c...
main.c(178): warning:  #550-D: variable "a" was set but never used
main.c(347): error:  #165: too few arguments in function call
main.c(351): error:  #165: too few arguments in function call
main.c(382): error:  #147-D: declaration is incompatible with "void manual(void *)" (declared at line 149)
main.c(396): warning:  #550-D: variable "x" was set but never used
main.c(396): warning:  #550-D: variable "y" was set but never used
main.c(460): error:  #268: declaration may not appear after executable statement in block
main.c(460): error:  #67: expected a "}"
main.c(462): error:  #77-D: this declaration has no storage class or type specifier
main.c(462): error:  #147: declaration is incompatible with "unsigned int a" (declared at line 460)
main.c(462): error:  #28: expression must have a constant value
main.c(463): error:  #169: expected a declaration
main.c(478): warning:  #12-D: parsing restarts here after previous syntax error
main.c(479): error:  #40: expected an identifier
main.c(479): error:  #18: expected a ")"
main.c(480): error:  #40: expected an identifier
main.c(480): error:  #18: expected a ")"
main.c(480): error:  #65: expected a ";"
main.c(482): error:  #169: expected a declaration
main.c(394): warning:  #177-D: function "wind" was declared but never referenced
compiling 4bitlcd.c...
4bitlcd.c(61): warning:  #1-D: last line of file ends without a newline
compiling fuzzy.c...
fuzzy.c(32): warning:  #186-D: pointless comparison of unsigned integer with zero
fuzzy.c(56): warning:  #186-D: pointless comparison of unsigned integer with zero
fuzzy.c(88): warning:  #186-D: pointless comparison of unsigned integer with zero
fuzzy.c(205): warning:  #1-D: last line of file ends without a newline
fuzzy.c(8): warning:  #550-D: variable "yt1" was set but never used
fuzzy.c(8): warning:  #550-D: variable "yt2" was set but never used
fuzzy.c(8): warning:  #550-D: variable "yt3" was set but never used
compiling humid_read.c...
humid_read.c(44): warning:  #1-D: last line of file ends without a newline
compiling init.c...
init.c(30): warning:  #1-D: last line of file ends without a newline
compiling open_close.c...
compiling temp_read.c...
temp_read.c(50): warning:  #1-D: last line of file ends without a newline
compiling warn_info.c...
warn_info.c(17): warning:  #550-D: variable "y4" was set but never used
warn_info.c(17): warning:  #550-D: variable "c" was set but never used
compiling wind_read.c...
wind_read.c(7): warning:  #1295-D: Deprecated declaration T0isr - give arg types
wind_read.c(8): warning:  #1295-D: Deprecated declaration T1fiq - give arg types
Target not created
Build target 'RTOSDemo_ARM'
assembling Startup.s...
compiling tasks.c...
compiling list.c...
compiling queue.c...
compiling port.c...
compiling heap_2.c...
assembling portASM.s...
compiling BlockQ.c...
compiling dynamic.c...
compiling PollQ.c...
compiling semtest.c...
compiling main.c...
main.c(347): error:  #167: argument of type "void" is incompatible with parameter of type "void *"
main.c(351): error:  #167: argument of type "void" is incompatible with parameter of type "void *"
main.c(396): warning:  #550-D: variable "x" was set but never used
main.c(396): warning:  #550-D: variable "y" was set but never used
main.c(471): error:  #20: identifier "h" is undefined
main.c(471): error:  #20: identifier "x" is undefined
main.c(471): error:  #20: identifier "y" is undefined
main.c(394): warning:  #177-D: function "wind" was declared but never referenced
compiling 4bitlcd.c...
4bitlcd.c(61): warning:  #1-D: last line of file ends without a newline
compiling fuzzy.c...
fuzzy.c(32): warning:  #186-D: pointless comparison of unsigned integer with zero
fuzzy.c(56): warning:  #186-D: pointless comparison of unsigned integer with zero
fuzzy.c(88): warning:  #186-D: pointless comparison of unsigned integer with zero
fuzzy.c(205): warning:  #1-D: last line of file ends without a newline
fuzzy.c(8): warning:  #550-D: variable "yt1" was set but never used
fuzzy.c(8): warning:  #550-D: variable "yt2" was set but never used
fuzzy.c(8): warning:  #550-D: variable "yt3" was set but never used
compiling humid_read.c...
humid_read.c(44): warning:  #1-D: last line of file ends without a newline
compiling init.c...
init.c(30): warning:  #1-D: last line of file ends without a newline
compiling open_close.c...
compiling temp_read.c...
temp_read.c(50): warning:  #1-D: last line of file ends without a newline
compiling warn_info.c...
warn_info.c(17): warning:  #550-D: variable "y4" was set but never used
warn_info.c(17): warning:  #550-D: variable "c" was set but never used
compiling wind_read.c...
wind_read.c(7): warning:  #1295-D: Deprecated declaration T0isr - give arg types
wind_read.c(8): warning:  #1295-D: Deprecated declaration T1fiq - give arg types
Target not created
Build target 'RTOSDemo_ARM'
assembling Startup.s...
compiling tasks.c...
compiling list.c...
compiling queue.c...
compiling port.c...
compiling heap_2.c...
assembling portASM.s...
compiling BlockQ.c...
compiling dynamic.c...
compiling PollQ.c...
compiling semtest.c...
compiling main.c...
main.c(402): warning:  #550-D: variable "x" was set but never used
main.c(402): warning:  #550-D: variable "y" was set but never used
main.c(477): error:  #20: identifier "h" is undefined
main.c(477): error:  #20: identifier "x" is undefined
main.c(477): error:  #20: identifier "y" is undefined
main.c(400): warning:  #177-D: function "wind" was declared but never referenced
compiling 4bitlcd.c...
4bitlcd.c(61): warning:  #1-D: last line of file ends without a newline
compiling fuzzy.c...
fuzzy.c(32): warning:  #186-D: pointless comparison of unsigned integer with zero
fuzzy.c(56): warning:  #186-D: pointless comparison of unsigned integer with zero
fuzzy.c(88): warning:  #186-D: pointless comparison of unsigned integer with zero
fuzzy.c(205): warning:  #1-D: last line of file ends without a newline
fuzzy.c(8): warning:  #550-D: variable "yt1" was set but never used
fuzzy.c(8): warning:  #550-D: variable "yt2" was set but never used
fuzzy.c(8): warning:  #550-D: variable "yt3" was set but never used
compiling humid_read.c...
humid_read.c(44): warning:  #1-D: last line of file ends without a newline
compiling init.c...
init.c(30): warning:  #1-D: last line of file ends without a newline
compiling open_close.c...
compiling temp_read.c...
temp_read.c(50): warning:  #1-D: last line of file ends without a newline
compiling warn_info.c...
warn_info.c(17): warning:  #550-D: variable "y4" was set but never used
warn_info.c(17): warning:  #550-D: variable "c" was set but never used
compiling wind_read.c...
wind_read.c(7): warning:  #1295-D: Deprecated declaration T0isr - give arg types
wind_read.c(8): warning:  #1295-D: Deprecated declaration T1fiq - give arg types
Target not created
Build target 'RTOSDemo_ARM'
assembling Startup.s...
compiling tasks.c...
compiling list.c...
compiling queue.c...
compiling port.c...
compiling heap_2.c...
assembling portASM.s...
compiling BlockQ.c...
compiling dynamic.c...
compiling PollQ.c...
compiling semtest.c...
compiling main.c...
main.c(394): error:  #165: too few arguments in function call
main.c(411): error:  #20: identifier "Vectored_IRQ" is undefined
main.c(403): warning:  #177-D: variable "x" was declared but never referenced
main.c(403): warning:  #177-D: variable "y" was declared but never referenced
main.c(403): warning:  #177-D: variable "h" was declared but never referenced
main.c(404): warning:  #177-D: variable "flg" was declared but never referenced
main.c(401): warning:  #177-D: function "wind" was declared but never referenced
compiling 4bitlcd.c...
4bitlcd.c(61): warning:  #1-D: last line of file ends without a newline
compiling fuzzy.c...
fuzzy.c(32): warning:  #186-D: pointless comparison of unsigned integer with zero
fuzzy.c(56): warning:  #186-D: pointless comparison of unsigned integer with zero
fuzzy.c(88): warning:  #186-D: pointless comparison of unsigned integer with zero
fuzzy.c(205): warning:  #1-D: last line of file ends without a newline
fuzzy.c(8): warning:  #550-D: variable "yt1" was set but never used
fuzzy.c(8): warning:  #550-D: variable "yt2" was set but never used
fuzzy.c(8): warning:  #550-D: variable "yt3" was set but never used
compiling humid_read.c...
humid_read.c(44): warning:  #1-D: last line of file ends without a newline
compiling init.c...
init.c(30): warning:  #1-D: last line of file ends without a newline
compiling open_close.c...
compiling temp_read.c...
temp_read.c(50): warning:  #1-D: last line of file ends without a newline
compiling warn_info.c...
warn_info.c(17): warning:  #550-D: variable "y4" was set but never used
warn_info.c(17): warning:  #550-D: variable "c" was set but never used
compiling wind_read.c...
wind_read.c(7): warning:  #1295-D: Deprecated declaration T0isr - give arg types
wind_read.c(8): warning:  #1295-D: Deprecated declaration T1fiq - give arg types
compiling manual.c...
manual.c(87): error:  #268: declaration may not appear after executable statement in block
manual.c(87): error:  #67: expected a "}"
manual.c(89): error:  #77-D: this declaration has no storage class or type specifier
manual.c(89): error:  #147: declaration is incompatible with "unsigned int a" (declared at line 87)
manual.c(89): error:  #28: expression must have a constant value
manual.c(90): error:  #169: expected a declaration
manual.c(105): warning:  #12-D: parsing restarts here after previous syntax error
manual.c(106): error:  #40: expected an identifier
manual.c(106): error:  #18: expected a ")"
manual.c(107): error:  #40: expected an identifier
manual.c(107): error:  #18: expected a ")"
manual.c(107): error:  #65: expected a ";"
manual.c(109): error:  #169: expected a declaration
manual.c(113): warning: At end of source:  #12-D: parsing restarts here after previous syntax error
Target not created
Build target 'RTOSDemo_ARM'
assembling Startup.s...
compiling tasks.c...
compiling list.c...
compiling queue.c...
compiling port.c...
compiling heap_2.c...
assembling portASM.s...
compiling BlockQ.c...
compiling dynamic.c...
compiling PollQ.c...
compiling semtest.c...
compiling main.c...
main.c(411): error:  #20: identifier "Vectored_IRQ" is undefined
main.c(403): warning:  #177-D: variable "x" was declared but never referenced
main.c(403): warning:  #177-D: variable "y" was declared but never referenced
main.c(403): warning:  #177-D: variable "h" was declared but never referenced
main.c(404): warning:  #177-D: variable "flg" was declared but never referenced
main.c(401): warning:  #177-D: function "wind" was declared but never referenced
compiling 4bitlcd.c...
4bitlcd.c(61): warning:  #1-D: last line of file ends without a newline
compiling fuzzy.c...
fuzzy.c(32): warning:  #186-D: pointless comparison of unsigned integer with zero
fuzzy.c(56): warning:  #186-D: pointless comparison of unsigned integer with zero
fuzzy.c(88): warning:  #186-D: pointless comparison of unsigned integer with zero
fuzzy.c(205): warning:  #1-D: last line of file ends without a newline
fuzzy.c(8): warning:  #550-D: variable "yt1" was set but never used
fuzzy.c(8): warning:  #550-D: variable "yt2" was set but never used
fuzzy.c(8): warning:  #550-D: variable "yt3" was set but never used
compiling humid_read.c...
humid_read.c(44): warning:  #1-D: last line of file ends without a newline
compiling init.c...
init.c(30): warning:  #1-D: last line of file ends without a newline
compiling open_close.c...
compiling temp_read.c...
temp_read.c(50): warning:  #1-D: last line of file ends without a newline
compiling warn_info.c...
warn_info.c(17): warning:  #550-D: variable "y4" was set but never used
warn_info.c(17): warning:  #550-D: variable "c" was set but never used
compiling wind_read.c...
wind_read.c(7): warning:  #1295-D: Deprecated declaration T0isr - give arg types
wind_read.c(8): warning:  #1295-D: Deprecated declaration T1fiq - give arg types
compiling manual.c...
manual.c(87): error:  #268: declaration may not appear after executable statement in block
manual.c(87): error:  #67: expected a "}"
manual.c(89): error:  #77-D: this declaration has no storage class or type specifier
manual.c(89): error:  #147: declaration is incompatible with "unsigned int a" (declared at line 87)
manual.c(89): error:  #28: expression must have a constant value
manual.c(90): error:  #169: expected a declaration
manual.c(105): warning:  #12-D: parsing restarts here after previous syntax error
manual.c(106): error:  #40: expected an identifier
manual.c(106): error:  #18: expected a ")"
manual.c(107): error:  #40: expected an identifier
manual.c(107): error:  #18: expected a ")"
manual.c(107): error:  #65: expected a ";"
manual.c(109): error:  #169: expected a declaration
manual.c(113): warning: At end of source:  #12-D: parsing restarts here after previous syntax error
Target not created
Build target 'RTOSDemo_ARM'
assembling Startup.s...
compiling tasks.c...
compiling list.c...
compiling queue.c...
compiling port.c...
compiling heap_2.c...
assembling portASM.s...
compiling BlockQ.c...
compiling dynamic.c...
compiling PollQ.c...
compiling semtest.c...
compiling main.c...
compiling 4bitlcd.c...
4bitlcd.c(61): warning:  #1-D: last line of file ends without a newline
compiling fuzzy.c...
fuzzy.c(32): warning:  #186-D: pointless comparison of unsigned integer with zero
fuzzy.c(56): warning:  #186-D: pointless comparison of unsigned integer with zero
fuzzy.c(88): warning:  #186-D: pointless comparison of unsigned integer with zero
fuzzy.c(205): warning:  #1-D: last line of file ends without a newline
fuzzy.c(8): warning:  #550-D: variable "yt1" was set but never used
fuzzy.c(8): warning:  #550-D: variable "yt2" was set but never used
fuzzy.c(8): warning:  #550-D: variable "yt3" was set but never used
compiling humid_read.c...
humid_read.c(44): warning:  #1-D: last line of file ends without a newline
compiling init.c...
init.c(30): warning:  #1-D: last line of file ends without a newline
compiling open_close.c...
compiling temp_read.c...
temp_read.c(50): warning:  #1-D: last line of file ends without a newline
compiling warn_info.c...
warn_info.c(17): warning:  #550-D: variable "y4" was set but never used
warn_info.c(17): warning:  #550-D: variable "c" was set but never used
compiling wind_read.c...
wind_read.c(7): warning:  #1295-D: Deprecated declaration T0isr - give arg types
wind_read.c(8): warning:  #1295-D: Deprecated declaration T1fiq - give arg types
compiling manual.c...
manual.c(87): error:  #268: declaration may not appear after executable statement in block
manual.c(87): error:  #67: expected a "}"
manual.c(89): error:  #77-D: this declaration has no storage class or type specifier
manual.c(89): error:  #147: declaration is incompatible with "unsigned int a" (declared at line 87)
manual.c(89): error:  #28: expression must have a constant value
manual.c(90): error:  #169: expected a declaration
manual.c(105): warning:  #12-D: parsing restarts here after previous syntax error
manual.c(106): error:  #40: expected an identifier
manual.c(106): error:  #18: expected a ")"
manual.c(107): error:  #40: expected an identifier
manual.c(107): error:  #18: expected a ")"
manual.c(107): error:  #65: expected a ";"
manual.c(109): error:  #169: expected a declaration
manual.c(113): warning: At end of source:  #12-D: parsing restarts here after previous syntax error
Target not created
Build target 'RTOSDemo_ARM'
assembling Startup.s...
compiling tasks.c...
compiling list.c...
compiling queue.c...
compiling port.c...
compiling heap_2.c...
assembling portASM.s...
compiling BlockQ.c...
compiling dynamic.c...
compiling PollQ.c...
compiling semtest.c...
compiling main.c...
compiling 4bitlcd.c...
4bitlcd.c(61): warning:  #1-D: last line of file ends without a newline
compiling fuzzy.c...
fuzzy.c(15): error:  #20: identifier "yt1" is undefined
fuzzy.c(17): error:  #20: identifier "yt2" is undefined
fuzzy.c(19): error:  #20: identifier "yt3" is undefined
fuzzy.c(32): warning:  #186-D: pointless comparison of unsigned integer with zero
fuzzy.c(56): warning:  #186-D: pointless comparison of unsigned integer with zero
fuzzy.c(88): warning:  #186-D: pointless comparison of unsigned integer with zero
compiling humid_read.c...
compiling init.c...
compiling open_close.c...
compiling temp_read.c...
temp_read.c(51): warning:  #1-D: last line of file ends without a newline
compiling warn_info.c...
warn_info.c(40): error:  #20: identifier "y4" is undefined
warn_info.c(90): error:  #20: identifier "c" is undefined
compiling wind_read.c...
compiling manual.c...
manual.c(87): error:  #20: identifier "a" is undefined
Target not created
Build target 'RTOSDemo_ARM'
assembling Startup.s...
compiling tasks.c...
compiling list.c...
compiling queue.c...
compiling port.c...
compiling heap_2.c...
assembling portASM.s...
compiling BlockQ.c...
compiling dynamic.c...
compiling PollQ.c...
compiling semtest.c...
compiling main.c...
compiling 4bitlcd.c...
4bitlcd.c(61): warning:  #1-D: last line of file ends without a newline
compiling fuzzy.c...
fuzzy.c(33): warning:  #186-D: pointless comparison of unsigned integer with zero
fuzzy.c(57): warning:  #186-D: pointless comparison of unsigned integer with zero
fuzzy.c(89): warning:  #186-D: pointless comparison of unsigned integer with zero
fuzzy.c(9): warning:  #550-D: variable "yt1" was set but never used
fuzzy.c(9): warning:  #550-D: variable "yt2" was set but never used
fuzzy.c(9): warning:  #550-D: variable "yt3" was set but never used
compiling humid_read.c...
compiling init.c...
compiling open_close.c...
compiling temp_read.c...
temp_read.c(51): warning:  #1-D: last line of file ends without a newline
compiling warn_info.c...
warn_info.c(17): warning:  #550-D: variable "y4" was set but never used
warn_info.c(17): warning:  #550-D: variable "c" was set but never used
compiling wind_read.c...
compiling manual.c...
linking...
GreenHouse_RTOS.axf: Error: L6200E: Symbol a multiply defined (by wind_read.o and main.o).
GreenHouse_RTOS.axf: Error: L6200E: Symbol a multiply defined (by manual.o and main.o).
Target not created
Build target 'RTOSDemo_ARM'
assembling Startup.s...
compiling tasks.c...
compiling list.c...
compiling queue.c...
compiling port.c...
compiling heap_2.c...
assembling portASM.s...
compiling BlockQ.c...
compiling dynamic.c...
compiling PollQ.c...
compiling semtest.c...
compiling main.c...
compiling 4bitlcd.c...
4bitlcd.c(61): warning:  #1-D: last line of file ends without a newline
compiling fuzzy.c...
fuzzy.c(33): warning:  #186-D: pointless comparison of unsigned integer with zero
fuzzy.c(57): warning:  #186-D: pointless comparison of unsigned integer with zero
fuzzy.c(89): warning:  #186-D: pointless comparison of unsigned integer with zero
fuzzy.c(9): warning:  #550-D: variable "yt1" was set but never used
fuzzy.c(9): warning:  #550-D: variable "yt2" was set but never used
fuzzy.c(9): warning:  #550-D: variable "yt3" was set but never used
compiling humid_read.c...
compiling init.c...
compiling open_close.c...
compiling temp_read.c...
temp_read.c(51): warning:  #1-D: last line of file ends without a newline
compiling warn_info.c...
warn_info.c(17): warning:  #550-D: variable "y4" was set but never used
warn_info.c(17): warning:  #550-D: variable "c" was set but never used
compiling wind_read.c...
compiling manual.c...
manual.c(87): error:  #20: identifier "a" is undefined
Target not created
Build target 'RTOSDemo_ARM'
assembling Startup.s...
compiling tasks.c...
compiling list.c...
compiling queue.c...
compiling port.c...
compiling heap_2.c...
assembling portASM.s...
compiling BlockQ.c...
compiling dynamic.c...
compiling PollQ.c...
compiling semtest.c...
compiling main.c...
compiling 4bitlcd.c...
4bitlcd.c(61): warning:  #1-D: last line of file ends without a newline
compiling fuzzy.c...
fuzzy.c(33): warning:  #186-D: pointless comparison of unsigned integer with zero
fuzzy.c(57): warning:  #186-D: pointless comparison of unsigned integer with zero
fuzzy.c(89): warning:  #186-D: pointless comparison of unsigned integer with zero
fuzzy.c(9): warning:  #550-D: variable "yt1" was set but never used
fuzzy.c(9): warning:  #550-D: variable "yt2" was set but never used
fuzzy.c(9): warning:  #550-D: variable "yt3" was set but never used
compiling humid_read.c...
compiling init.c...
compiling open_close.c...
compiling temp_read.c...
temp_read.c(51): warning:  #1-D: last line of file ends without a newline
compiling warn_info.c...
warn_info.c(17): warning:  #550-D: variable "y4" was set but never used
warn_info.c(17): warning:  #550-D: variable "c" was set but never used
compiling wind_read.c...
compiling manual.c...
manual.c(86): error:  #268: declaration may not appear after executable statement in block
manual.c(86): error:  #67: expected a "}"
manual.c(87): error:  #77-D: this declaration has no storage class or type specifier
manual.c(87): error:  #147: declaration is incompatible with "unsigned int a" (declared at line 86)
manual.c(87): error:  #28: expression must have a constant value
manual.c(88): error:  #169: expected a declaration
manual.c(103): warning:  #12-D: parsing restarts here after previous syntax error
manual.c(104): error:  #40: expected an identifier
manual.c(104): error:  #18: expected a ")"
manual.c(105): error:  #40: expected an identifier
manual.c(105): error:  #18: expected a ")"
manual.c(105): error:  #65: expected a ";"
manual.c(107): error:  #169: expected a declaration
manual.c(111): warning: At end of source:  #12-D: parsing restarts here after previous syntax error
Target not created
Build target 'RTOSDemo_ARM'
assembling Startup.s...
compiling tasks.c...
compiling list.c...
compiling queue.c...
compiling port.c...
compiling heap_2.c...
assembling portASM.s...
compiling BlockQ.c...
compiling dynamic.c...
compiling PollQ.c...
compiling semtest.c...
compiling main.c...
compiling 4bitlcd.c...
4bitlcd.c(61): warning:  #1-D: last line of file ends without a newline
compiling fuzzy.c...
fuzzy.c(33): warning:  #186-D: pointless comparison of unsigned integer with zero
fuzzy.c(57): warning:  #186-D: pointless comparison of unsigned integer with zero
fuzzy.c(89): warning:  #186-D: pointless comparison of unsigned integer with zero
fuzzy.c(9): warning:  #550-D: variable "yt1" was set but never used
fuzzy.c(9): warning:  #550-D: variable "yt2" was set but never used
fuzzy.c(9): warning:  #550-D: variable "yt3" was set but never used
compiling humid_read.c...
compiling init.c...
compiling open_close.c...
compiling temp_read.c...
temp_read.c(51): warning:  #1-D: last line of file ends without a newline
compiling warn_info.c...
warn_info.c(17): warning:  #550-D: variable "y4" was set but never used
warn_info.c(17): warning:  #550-D: variable "c" was set but never used
compiling wind_read.c...
compiling manual.c...
linking...
Program Size: Code=12920 RO-data=32 RW-data=164 ZI-data=15196  
FromELF: creating hex file...
"GreenHouse_RTOS.axf" - 0 Error(s), 10 Warning(s).
Build target 'RTOSDemo_ARM'
assembling Startup.s...
compiling tasks.c...
compiling list.c...
compiling queue.c...
compiling port.c...
compiling heap_2.c...
assembling portASM.s...
compiling BlockQ.c...
compiling dynamic.c...
compiling PollQ.c...
compiling semtest.c...
compiling main.c...
compiling 4bitlcd.c...
4bitlcd.c(61): warning:  #1-D: last line of file ends without a newline
compiling fuzzy.c...
fuzzy.c(33): warning:  #186-D: pointless comparison of unsigned integer with zero
fuzzy.c(57): warning:  #186-D: pointless comparison of unsigned integer with zero
fuzzy.c(89): warning:  #186-D: pointless comparison of unsigned integer with zero
fuzzy.c(9): warning:  #550-D: variable "yt1" was set but never used
fuzzy.c(9): warning:  #550-D: variable "yt2" was set but never used
fuzzy.c(9): warning:  #550-D: variable "yt3" was set but never used
compiling humid_read.c...
compiling init.c...
compiling open_close.c...
compiling temp_read.c...
temp_read.c(51): warning:  #1-D: last line of file ends without a newline
compiling warn_info.c...
warn_info.c(17): warning:  #550-D: variable "y4" was set but never used
warn_info.c(17): warning:  #550-D: variable "c" was set but never used
compiling wind_read.c...
compiling manual.c...
linking...
Program Size: Code=12920 RO-data=32 RW-data=164 ZI-data=15196  
FromELF: creating hex file...
"Intelli_Window_RTOS.axf" - 0 Error(s), 10 Warning(s).
Build target 'RTOSDemo_ARM'
assembling Startup.s...
compiling tasks.c...
compiling list.c...
compiling queue.c...
compiling port.c...
compiling heap_2.c...
assembling portASM.s...
compiling BlockQ.c...
compiling dynamic.c...
compiling PollQ.c...
compiling semtest.c...
compiling main.c...
compiling 4bitlcd.c...
4bitlcd.c(61): warning:  #1-D: last line of file ends without a newline
compiling fuzzy.c...
fuzzy.c(31): warning:  #186-D: pointless comparison of unsigned integer with zero
fuzzy.c(55): warning:  #186-D: pointless comparison of unsigned integer with zero
fuzzy.c(87): warning:  #186-D: pointless comparison of unsigned integer with zero
fuzzy.c(7): warning:  #550-D: variable "yt1" was set but never used
fuzzy.c(7): warning:  #550-D: variable "yt2" was set but never used
fuzzy.c(7): warning:  #550-D: variable "yt3" was set but never used
compiling humid_read.c...
compiling init.c...
compiling open_close.c...
compiling temp_read.c...
temp_read.c(51): warning:  #1-D: last line of file ends without a newline
compiling warn_info.c...
warn_info.c(17): warning:  #550-D: variable "y4" was set but never used
warn_info.c(17): warning:  #550-D: variable "c" was set but never used
compiling wind_read.c...
compiling manual.c...
linking...
Program Size: Code=12920 RO-data=32 RW-data=164 ZI-data=15196  
FromELF: creating hex file...
"Intelli_Window_RTOS.axf" - 0 Error(s), 10 Warning(s).
Build target 'RTOSDemo_ARM'
assembling Startup.s...
compiling tasks.c...
compiling list.c...
compiling queue.c...
compiling port.c...
compiling heap_2.c...
assembling portASM.s...
compiling BlockQ.c...
compiling dynamic.c...
compiling PollQ.c...
compiling semtest.c...
compiling main.c...
compiling 4bitlcd.c...
4bitlcd.c(61): warning:  #1-D: last line of file ends without a newline
compiling fuzzy.c...
fuzzy.c(31): warning:  #186-D: pointless comparison of unsigned integer with zero
fuzzy.c(55): warning:  #186-D: pointless comparison of unsigned integer with zero
fuzzy.c(87): warning:  #186-D: pointless comparison of unsigned integer with zero
fuzzy.c(7): warning:  #550-D: variable "yt1" was set but never used
fuzzy.c(7): warning:  #550-D: variable "yt2" was set but never used
fuzzy.c(7): warning:  #550-D: variable "yt3" was set but never used
compiling humid_read.c...
compiling init.c...
compiling open_close.c...
compiling temp_read.c...
temp_read.c(51): warning:  #1-D: last line of file ends without a newline
compiling warn_info.c...
warn_info.c(90): error:  #20: identifier "c" is undefined
warn_info.c(17): warning:  #550-D: variable "y5" was set but never used
compiling wind_read.c...
compiling manual.c...
Target not created
Build target 'RTOSDemo_ARM'
assembling Startup.s...
compiling tasks.c...
compiling list.c...
compiling queue.c...
compiling port.c...
compiling heap_2.c...
assembling portASM.s...
compiling BlockQ.c...
compiling dynamic.c...
compiling PollQ.c...
compiling semtest.c...
compiling main.c...
compiling 4bitlcd.c...
4bitlcd.c(61): warning:  #1-D: last line of file ends without a newline
compiling fuzzy.c...
fuzzy.c(31): warning:  #186-D: pointless comparison of unsigned integer with zero
fuzzy.c(55): warning:  #186-D: pointless comparison of unsigned integer with zero
fuzzy.c(87): warning:  #186-D: pointless comparison of unsigned integer with zero
fuzzy.c(7): warning:  #550-D: variable "yt1" was set but never used
fuzzy.c(7): warning:  #550-D: variable "yt2" was set but never used
fuzzy.c(7): warning:  #550-D: variable "yt3" was set but never used
compiling humid_read.c...
compiling init.c...
compiling open_close.c...
compiling temp_read.c...
temp_read.c(51): warning:  #1-D: last line of file ends without a newline
compiling warn_info.c...
compiling wind_read.c...
compiling manual.c...
linking...
Program Size: Code=13216 RO-data=32 RW-data=188 ZI-data=15220  
FromELF: creating hex file...
"Intelli_Window_RTOS.axf" - 0 Error(s), 8 Warning(s).
Build target 'RTOSDemo_ARM'
assembling Startup.s...
compiling tasks.c...
compiling list.c...
compiling queue.c...
compiling port.c...
compiling heap_2.c...
assembling portASM.s...
compiling BlockQ.c...
compiling dynamic.c...
compiling PollQ.c...
compiling semtest.c...
compiling main.c...
compiling 4bitlcd.c...
4bitlcd.c(61): warning:  #1-D: last line of file ends without a newline
compiling fuzzy.c...
fuzzy.c(31): warning:  #186-D: pointless comparison of unsigned integer with zero
fuzzy.c(55): warning:  #186-D: pointless comparison of unsigned integer with zero
fuzzy.c(87): warning:  #186-D: pointless comparison of unsigned integer with zero
compiling humid_read.c...
compiling init.c...
compiling open_close.c...
compiling temp_read.c...
temp_read.c(51): warning:  #1-D: last line of file ends without a newline
compiling warn_info.c...
compiling wind_read.c...
compiling manual.c...
linking...
Intelli_Window_RTOS.axf: Error: L6200E: Symbol x11 multiply defined (by warn_info.o and fuzzy.o).
Intelli_Window_RTOS.axf: Error: L6200E: Symbol x multiply defined (by manual.o and fuzzy.o).
Target not created
Build target 'RTOSDemo_ARM'
assembling Startup.s...
compiling tasks.c...
compiling list.c...
compiling queue.c...
compiling port.c...
compiling heap_2.c...
assembling portASM.s...
compiling BlockQ.c...
compiling dynamic.c...
compiling PollQ.c...
compiling semtest.c...
compiling main.c...
compiling 4bitlcd.c...
4bitlcd.c(61): warning:  #1-D: last line of file ends without a newline
compiling fuzzy.c...
fuzzy.c(30): warning:  #186-D: pointless comparison of unsigned integer with zero
fuzzy.c(54): warning:  #186-D: pointless comparison of unsigned integer with zero
fuzzy.c(86): warning:  #186-D: pointless comparison of unsigned integer with zero
compiling humid_read.c...
compiling init.c...
compiling open_close.c...
compiling temp_read.c...
temp_read.c(51): warning:  #1-D: last line of file ends without a newline
compiling warn_info.c...
compiling wind_read.c...
compiling manual.c...
linking...
Program Size: Code=13548 RO-data=32 RW-data=216 ZI-data=15224  
FromELF: creating hex file...
"Intelli_Window_RTOS.axf" - 0 Error(s), 5 Warning(s).
Build target 'RTOSDemo_ARM'
assembling Startup.s...
compiling tasks.c...
compiling list.c...
compiling queue.c...
compiling port.c...
compiling heap_2.c...
assembling portASM.s...
compiling BlockQ.c...
compiling dynamic.c...
compiling PollQ.c...
compiling semtest.c...
compiling main.c...
compiling 4bitlcd.c...
4bitlcd.c(61): warning:  #1-D: last line of file ends without a newline
compiling fuzzy.c...
fuzzy.c(30): warning:  #186-D: pointless comparison of unsigned integer with zero
fuzzy.c(54): warning:  #186-D: pointless comparison of unsigned integer with zero
fuzzy.c(86): warning:  #186-D: pointless comparison of unsigned integer with zero
compiling humid_read.c...
compiling init.c...
compiling open_close.c...
compiling temp_read.c...
temp_read.c(51): warning:  #1-D: last line of file ends without a newline
compiling warn_info.c...
compiling wind_read.c...
compiling manual.c...
linking...
Program Size: Code=13548 RO-data=32 RW-data=216 ZI-data=15224  
FromELF: creating hex file...
"Intelli_Window_RTOS.axf" - 0 Error(s), 5 Warning(s).
Build target 'RTOSDemo_ARM'
assembling Startup.s...
compiling tasks.c...
compiling list.c...
compiling queue.c...
compiling port.c...
compiling heap_2.c...
assembling portASM.s...
compiling BlockQ.c...
compiling dynamic.c...
compiling PollQ.c...
compiling semtest.c...
compiling main.c...
compiling 4bitlcd.c...
4bitlcd.c(61): warning:  #1-D: last line of file ends without a newline
compiling fuzzy.c...
fuzzy.c(30): warning:  #186-D: pointless comparison of unsigned integer with zero
fuzzy.c(54): warning:  #186-D: pointless comparison of unsigned integer with zero
fuzzy.c(86): warning:  #186-D: pointless comparison of unsigned integer with zero
compiling humid_read.c...
compiling init.c...
compiling open_close.c...
compiling temp_read.c...
temp_read.c(51): warning:  #1-D: last line of file ends without a newline
compiling warn_info.c...
compiling wind_read.c...
compiling manual.c...
linking...
Program Size: Code=13548 RO-data=32 RW-data=216 ZI-data=15224  
FromELF: creating hex file...
"Intelli_Window_RTOS.axf" - 0 Error(s), 5 Warning(s).
Build target 'RTOSDemo_ARM'
assembling Startup.s...
compiling tasks.c...
compiling list.c...
compiling queue.c...
compiling port.c...
compiling heap_2.c...
assembling portASM.s...
compiling BlockQ.c...
compiling dynamic.c...
compiling PollQ.c...
compiling semtest.c...
compiling main.c...
compiling 4bitlcd.c...
4bitlcd.c(61): warning:  #1-D: last line of file ends without a newline
compiling fuzzy.c...
fuzzy.c(30): warning:  #186-D: pointless comparison of unsigned integer with zero
fuzzy.c(54): warning:  #186-D: pointless comparison of unsigned integer with zero
fuzzy.c(86): warning:  #186-D: pointless comparison of unsigned integer with zero
compiling humid_read.c...
compiling init.c...
compiling open_close.c...
compiling temp_read.c...
temp_read.c(51): warning:  #1-D: last line of file ends without a newline
compiling warn_info.c...
compiling wind_read.c...
compiling manual.c...
linking...
Program Size: Code=13548 RO-data=32 RW-data=216 ZI-data=15224  
FromELF: creating hex file...
"Intelli_Window_RTOS.axf" - 0 Error(s), 5 Warning(s).
Build target 'RTOSDemo_ARM'
assembling Startup.s...
compiling tasks.c...
compiling list.c...
compiling queue.c...
compiling port.c...
compiling heap_2.c...
assembling portASM.s...
compiling BlockQ.c...
compiling dynamic.c...
compiling PollQ.c...
compiling semtest.c...
compiling main.c...
compiling 4bitlcd.c...
4bitlcd.c(61): warning:  #1-D: last line of file ends without a newline
compiling fuzzy.c...
fuzzy.c(55): warning:  #186-D: pointless comparison of unsigned integer with zero
fuzzy.c(87): warning:  #186-D: pointless comparison of unsigned integer with zero
compiling humid_read.c...
compiling init.c...
compiling open_close.c...
compiling temp_read.c...
temp_read.c(51): warning:  #1-D: last line of file ends without a newline
compiling warn_info.c...
compiling wind_read.c...
compiling manual.c...
linking...
Program Size: Code=13544 RO-data=32 RW-data=216 ZI-data=15224  
FromELF: creating hex file...
"Intelli_Window_RTOS.axf" - 0 Error(s), 4 Warning(s).
Build target 'RTOSDemo_ARM'
assembling Startup.s...
compiling tasks.c...
compiling list.c...
compiling queue.c...
compiling port.c...
compiling heap_2.c...
assembling portASM.s...
compiling BlockQ.c...
compiling dynamic.c...
compiling PollQ.c...
compiling semtest.c...
compiling main.c...
compiling 4bitlcd.c...
4bitlcd.c(61): warning:  #1-D: last line of file ends without a newline
compiling fuzzy.c...
compiling humid_read.c...
compiling init.c...
compiling open_close.c...
compiling temp_read.c...
temp_read.c(51): warning:  #1-D: last line of file ends without a newline
compiling warn_info.c...
compiling wind_read.c...
compiling manual.c...
linking...
Program Size: Code=13536 RO-data=32 RW-data=216 ZI-data=15224  
FromELF: creating hex file...
"Intelli_Window_RTOS.axf" - 0 Error(s), 2 Warning(s).
Build target 'RTOSDemo_ARM'
assembling Startup.s...
compiling tasks.c...
compiling list.c...
compiling queue.c...
compiling port.c...
compiling heap_2.c...
assembling portASM.s...
compiling BlockQ.c...
compiling dynamic.c...
compiling PollQ.c...
compiling semtest.c...
compiling main.c...
compiling 4bitlcd.c...
4bitlcd.c(61): warning:  #1-D: last line of file ends without a newline
compiling fuzzy.c...
compiling humid_read.c...
compiling init.c...
compiling open_close.c...
compiling temp_read.c...
temp_read.c(5): error:  #147-D: declaration is incompatible with "unsigned int temp_read(void)" (declared at line 9 of "lcdheader.h")
temp_read.c(51): warning:  #1-D: last line of file ends without a newline
compiling warn_info.c...
compiling wind_read.c...
compiling manual.c...
Target not created
Build target 'RTOSDemo_ARM'
assembling Startup.s...
compiling tasks.c...
compiling list.c...
compiling queue.c...
compiling port.c...
compiling heap_2.c...
assembling portASM.s...
compiling BlockQ.c...
compiling dynamic.c...
compiling PollQ.c...
compiling semtest.c...
compiling main.c...
compiling 4bitlcd.c...
4bitlcd.c(61): warning:  #1-D: last line of file ends without a newline
compiling fuzzy.c...
compiling humid_read.c...
compiling init.c...
compiling open_close.c...
compiling temp_read.c...
temp_read.c(51): warning:  #1-D: last line of file ends without a newline
compiling warn_info.c...
compiling wind_read.c...
compiling manual.c...
linking...
Program Size: Code=13536 RO-data=32 RW-data=216 ZI-data=15224  
FromELF: creating hex file...
"Intelli_Window_RTOS.axf" - 0 Error(s), 2 Warning(s).
Build target 'RTOSDemo_ARM'
assembling Startup.s...
compiling tasks.c...
compiling list.c...
compiling queue.c...
compiling port.c...
compiling heap_2.c...
assembling portASM.s...
compiling BlockQ.c...
compiling dynamic.c...
compiling PollQ.c...
compiling semtest.c...
compiling main.c...
main.c(278): warning:  #177-D: function "prvSetupHardware" was declared but never referenced
compiling 4bitlcd.c...
4bitlcd.c(61): warning:  #1-D: last line of file ends without a newline
compiling fuzzy.c...
compiling humid_read.c...
compiling init.c...
compiling open_close.c...
compiling temp_read.c...
temp_read.c(51): warning:  #1-D: last line of file ends without a newline
compiling warn_info.c...
compiling wind_read.c...
compiling manual.c...
linking...
Program Size: Code=13512 RO-data=32 RW-data=216 ZI-data=15224  
FromELF: creating hex file...
"Intelli_Window_RTOS.axf" - 0 Error(s), 3 Warning(s).
Build target 'RTOSDemo_ARM'
assembling Startup.s...
compiling tasks.c...
compiling list.c...
compiling queue.c...
compiling port.c...
compiling heap_2.c...
assembling portASM.s...
compiling BlockQ.c...
compiling dynamic.c...
compiling PollQ.c...
compiling semtest.c...
compiling main.c...
main.c(160): warning:  #177-D: function "prvSetupHardware" was declared but never referenced
compiling 4bitlcd.c...
4bitlcd.c(61): warning:  #1-D: last line of file ends without a newline
compiling fuzzy.c...
compiling humid_read.c...
compiling init.c...
compiling open_close.c...
compiling temp_read.c...
temp_read.c(51): warning:  #1-D: last line of file ends without a newline
compiling warn_info.c...
compiling wind_read.c...
compiling manual.c...
linking...
Program Size: Code=13508 RO-data=32 RW-data=216 ZI-data=15224  
FromELF: creating hex file...
"Intelli_Window_RTOS.axf" - 0 Error(s), 3 Warning(s).
Build target 'RTOSDemo_ARM'
assembling Startup.s...
compiling tasks.c...
compiling list.c...
compiling queue.c...
compiling port.c...
compiling heap_2.c...
assembling portASM.s...
compiling BlockQ.c...
compiling dynamic.c...
compiling PollQ.c...
compiling semtest.c...
compiling main.c...
compiling 4bitlcd.c...
4bitlcd.c(61): warning:  #1-D: last line of file ends without a newline
compiling fuzzy.c...
compiling humid_read.c...
compiling init.c...
compiling open_close.c...
compiling temp_read.c...
temp_read.c(51): warning:  #1-D: last line of file ends without a newline
compiling warn_info.c...
compiling wind_read.c...
compiling manual.c...
linking...
Program Size: Code=13508 RO-data=32 RW-data=216 ZI-data=15224  
FromELF: creating hex file...
"Intelli_Window_RTOS.axf" - 0 Error(s), 2 Warning(s).
Build target 'RTOSDemo_ARM'
assembling Startup.s...
compiling tasks.c...
compiling list.c...
compiling queue.c...
compiling port.c...
compiling heap_2.c...
assembling portASM.s...
compiling BlockQ.c...
compiling dynamic.c...
compiling PollQ.c...
compiling semtest.c...
compiling main.c...
compiling 4bitlcd.c...
4bitlcd.c(61): warning:  #1-D: last line of file ends without a newline
compiling fuzzy.c...
compiling humid_read.c...
compiling init.c...
compiling open_close.c...
compiling temp_read.c...
temp_read.c(51): warning:  #1-D: last line of file ends without a newline
compiling warn_info.c...
compiling wind_read.c...
compiling manual.c...
linking...
Program Size: Code=13532 RO-data=32 RW-data=216 ZI-data=15224  
FromELF: creating hex file...
"Intelli_Window_RTOS.axf" - 0 Error(s), 2 Warning(s).
