<html>
<body>
<pre>
<h1>µVision Build Log</h1>
<h2>Project:</h2>
C:\Documents and Settings\RND\Desktop\Geo_Fencing\Demo\ARM7_LPC2129_Keil_RVDS\RTOSDemo.uvproj
Project File Date:  06/11/2012

<h2>Output:</h2>
Build target 'RTOSDemo_ARM'
assembling Startup.s...
compiling tasks.c...
compiling list.c...
compiling queue.c...
compiling port.c...
..\..\Source\portable\RVDS\ARM7_LPC21xx\port.c(241): warning:  #550-D: variable "ulCompareMatch" was set but never used
compiling heap_2.c...
assembling portASM.s...
compiling BlockQ.c...
compiling dynamic.c...
compiling PollQ.c...
compiling semtest.c...
compiling main.c...
compiling 4bitlcd.c...
4bitlcd.c(61): warning:  #1-D: last line of file ends without a newline
compiling fuzzy.c...
compiling humid_read.c...
humid_read.c(47): warning:  #1-D: last line of file ends without a newline
compiling init.c...
compiling open_close.c...
compiling temp_read.c...
temp_read.c(51): warning:  #1-D: last line of file ends without a newline
compiling warn_info.c...
warn_info.c(14): warning:  #550-D: variable "y4" was set but never used
compiling wind_read.c...
compiling manual.c...
linking...
Program Size: Code=13864 RO-data=32 RW-data=176 ZI-data=15200  
FromELF: creating hex file...
"Intelli_Window_RTOS.axf" - 0 Error(s), 5 Warning(s).
Build target 'RTOSDemo_ARM'
assembling Startup.s...
compiling tasks.c...
compiling list.c...
compiling queue.c...
compiling port.c...
..\..\Source\portable\RVDS\ARM7_LPC21xx\port.c(241): warning:  #550-D: variable "ulCompareMatch" was set but never used
compiling heap_2.c...
assembling portASM.s...
compiling BlockQ.c...
compiling dynamic.c...
compiling PollQ.c...
compiling semtest.c...
compiling main.c...
header.h(16): warning:  #1-D: last line of file ends without a newline
main.c(149): error:  #147-D: declaration is incompatible with "void alcohol(void)" (declared at line 6 of "header.h")
main.c(301): error:  #20: identifier "latd1" is undefined
main.c(301): error:  #20: identifier "lat2" is undefined
main.c(302): error:  #20: identifier "longd1" is undefined
main.c(302): error:  #20: identifier "long2" is undefined
main.c(303): error:  #20: identifier "dlat" is undefined
main.c(303): error:  #20: identifier "PIE" is undefined
main.c(304): error:  #20: identifier "dlong" is undefined
main.c(307): error:  #20: identifier "p" is undefined
main.c(307): warning:  #223-D: function "sin" declared implicitly
main.c(307): warning:  #223-D: function "cos" declared implicitly
main.c(308): error:  #20: identifier "q" is undefined
main.c(308): warning:  #223-D: function "atan2" declared implicitly
main.c(308): warning:  #223-D: function "sqrt" declared implicitly
main.c(309): error:  #20: identifier "R" is undefined
main.c(312): error:  #20: identifier "i" is undefined
main.c(319): error:  #20: identifier "dist" is undefined
main.c(343): error:  #20: identifier "lat2" is undefined
main.c(343): error:  #20: identifier "lat1" is undefined
main.c(344): error:  #20: identifier "long2" is undefined
main.c(344): error:  #20: identifier "long1" is undefined
main.c(345): error:  #20: identifier "dlat" is undefined
main.c(345): error:  #20: identifier "PIE" is undefined
main.c(346): error:  #20: identifier "dlong" is undefined
main.c(349): error:  #20: identifier "p" is undefined
main.c(349): warning:  #223-D: function "sin" declared implicitly
main.c(349): warning:  #223-D: function "cos" declared implicitly
main.c(350): error:  #20: identifier "q" is undefined
main.c(350): warning:  #223-D: function "atan2" declared implicitly
main.c(350): warning:  #223-D: function "sqrt" declared implicitly
main.c(351): error:  #20: identifier "R" is undefined
main.c(353): error:  #20: identifier "s" is undefined
main.c(354): error:  #20: identifier "SPEED" is undefined
main.c(387): error:  #20: identifier "ss" is undefined
main.c(425): error:  #20: identifier "val" is undefined
main.c(426): error:  #20: identifier "val" is undefined
main.c(464): error:  #20: identifier "timer_isr" is undefined
main.c(476): error:  #20: identifier "timer_isr1" is undefined
Target not created
Build target 'RTOSDemo_ARM'
assembling Startup.s...
Startup.s(257): error: A1516E: Bad symbol 'FIQ_Handler', not defined or external
compiling tasks.c...
compiling list.c...
compiling queue.c...
compiling port.c...
..\..\Source\portable\RVDS\ARM7_LPC21xx\port.c(241): warning:  #550-D: variable "ulCompareMatch" was set but never used
compiling heap_2.c...
assembling portASM.s...
compiling BlockQ.c...
compiling dynamic.c...
compiling PollQ.c...
compiling semtest.c...
compiling main.c...
main.c(152): error:  #130: expected a "{"
main.c(216): warning:  #12-D: parsing restarts here after previous syntax error
main.c(217): error:  #20: identifier "ch" is undefined
main.c(260): warning:  #223-D: function "send1" declared implicitly
main.c(260): error:  #20: identifier "R1" is undefined
main.c(265): error:  #20: identifier "R2" is undefined
main.c(269): error:  #20: identifier "R3" is undefined
main.c(273): error:  #20: identifier "flag" is undefined
main.c(275): error:  #20: identifier "R5" is undefined
main.c(279): error:  #20: identifier "R4" is undefined
main.c(283): error:  #20: identifier "R6" is undefined
main.c(287): error:  #20: identifier "R7" is undefined
main.c(313): error:  #20: identifier "a" is undefined
main.c(326): error:  #20: identifier "latd1" is undefined
main.c(326): error:  #20: identifier "lat2" is undefined
main.c(327): error:  #20: identifier "longd1" is undefined
main.c(327): error:  #20: identifier "long2" is undefined
main.c(328): error:  #20: identifier "dlat" is undefined
main.c(328): error:  #20: identifier "PIE" is undefined
main.c(329): error:  #20: identifier "dlong" is undefined
main.c(332): error:  #20: identifier "p" is undefined
main.c(333): error:  #20: identifier "q" is undefined
main.c(334): error:  #20: identifier "R" is undefined
main.c(337): error:  #20: identifier "i" is undefined
main.c(344): error:  #20: identifier "dist" is undefined
main.c(346): error:  #20: identifier "flag" is undefined
main.c(368): error:  #20: identifier "lat2" is undefined
main.c(368): error:  #20: identifier "lat1" is undefined
main.c(369): error:  #20: identifier "long2" is undefined
main.c(369): error:  #20: identifier "long1" is undefined
main.c(370): error:  #20: identifier "dlat" is undefined
main.c(370): error:  #20: identifier "PIE" is undefined
compiling stof.c...
compiling ftos.c...
ftos.c(11): warning:  #550-D: variable "d" was set but never used
compiling lcdcmd.c...
lcdcmd.c(81): warning:  #1-D: last line of file ends without a newline
Target not created
Build target 'RTOSDemo_ARM'
assembling Startup.s...
compiling tasks.c...
compiling list.c...
compiling queue.c...
compiling port.c...
..\..\Source\portable\RVDS\ARM7_LPC21xx\port.c(241): warning:  #550-D: variable "ulCompareMatch" was set but never used
compiling heap_2.c...
assembling portASM.s...
compiling BlockQ.c...
compiling dynamic.c...
compiling PollQ.c...
compiling semtest.c...
compiling main.c...
main.c(152): error:  #130: expected a "{"
main.c(216): warning:  #12-D: parsing restarts here after previous syntax error
main.c(217): error:  #20: identifier "ch" is undefined
main.c(260): warning:  #223-D: function "send1" declared implicitly
main.c(260): error:  #20: identifier "R1" is undefined
main.c(265): error:  #20: identifier "R2" is undefined
main.c(269): error:  #20: identifier "R3" is undefined
main.c(273): error:  #20: identifier "flag" is undefined
main.c(275): error:  #20: identifier "R5" is undefined
main.c(279): error:  #20: identifier "R4" is undefined
main.c(283): error:  #20: identifier "R6" is undefined
main.c(287): error:  #20: identifier "R7" is undefined
main.c(313): error:  #20: identifier "a" is undefined
main.c(326): error:  #20: identifier "latd1" is undefined
main.c(326): error:  #20: identifier "lat2" is undefined
main.c(327): error:  #20: identifier "longd1" is undefined
main.c(327): error:  #20: identifier "long2" is undefined
main.c(328): error:  #20: identifier "dlat" is undefined
main.c(328): error:  #20: identifier "PIE" is undefined
main.c(329): error:  #20: identifier "dlong" is undefined
main.c(332): error:  #20: identifier "p" is undefined
main.c(333): error:  #20: identifier "q" is undefined
main.c(334): error:  #20: identifier "R" is undefined
main.c(337): error:  #20: identifier "i" is undefined
main.c(344): error:  #20: identifier "dist" is undefined
main.c(346): error:  #20: identifier "flag" is undefined
main.c(368): error:  #20: identifier "lat2" is undefined
main.c(368): error:  #20: identifier "lat1" is undefined
main.c(369): error:  #20: identifier "long2" is undefined
main.c(369): error:  #20: identifier "long1" is undefined
main.c(370): error:  #20: identifier "dlat" is undefined
main.c(370): error:  #20: identifier "PIE" is undefined
compiling stof.c...
compiling ftos.c...
ftos.c(11): warning:  #550-D: variable "d" was set but never used
compiling lcdcmd.c...
lcdcmd.c(81): warning:  #1-D: last line of file ends without a newline
Target not created
Build target 'RTOSDemo_ARM'
assembling Startup.s...
compiling tasks.c...
compiling list.c...
compiling queue.c...
compiling port.c...
..\..\Source\portable\RVDS\ARM7_LPC21xx\port.c(241): warning:  #550-D: variable "ulCompareMatch" was set but never used
compiling heap_2.c...
assembling portASM.s...
compiling BlockQ.c...
compiling dynamic.c...
compiling PollQ.c...
compiling semtest.c...
compiling main.c...
main.c(152): error:  #130: expected a "{"
main.c(219): warning:  #12-D: parsing restarts here after previous syntax error
main.c(220): error:  #20: identifier "ch" is undefined
main.c(263): warning:  #223-D: function "send1" declared implicitly
main.c(263): error:  #20: identifier "R1" is undefined
main.c(268): error:  #20: identifier "R2" is undefined
main.c(272): error:  #20: identifier "R3" is undefined
main.c(276): error:  #20: identifier "flag" is undefined
main.c(278): error:  #20: identifier "R5" is undefined
main.c(282): error:  #20: identifier "R4" is undefined
main.c(286): error:  #20: identifier "R6" is undefined
main.c(290): error:  #20: identifier "R7" is undefined
main.c(316): error:  #20: identifier "a" is undefined
main.c(327): error:  #20: identifier "latd1" is undefined
main.c(327): error:  #20: identifier "lat2" is undefined
main.c(328): error:  #20: identifier "longd1" is undefined
main.c(328): error:  #20: identifier "long2" is undefined
main.c(329): error:  #20: identifier "dlat" is undefined
main.c(329): error:  #20: identifier "PIE" is undefined
main.c(330): error:  #20: identifier "dlong" is undefined
main.c(333): error:  #20: identifier "p" is undefined
main.c(334): error:  #20: identifier "q" is undefined
main.c(335): error:  #20: identifier "R" is undefined
main.c(338): error:  #20: identifier "i" is undefined
main.c(338): error:  #20: identifier "M" is undefined
main.c(345): error:  #20: identifier "dist" is undefined
main.c(347): error:  #20: identifier "flag" is undefined
main.c(355): error:  #20: identifier "w" is undefined
main.c(369): error:  #20: identifier "lat2" is undefined
main.c(369): error:  #20: identifier "lat1" is undefined
main.c(370): error:  #20: identifier "long2" is undefined
main.c(370): error:  #20: identifier "long1" is undefined
compiling stof.c...
compiling ftos.c...
ftos.c(11): warning:  #550-D: variable "d" was set but never used
compiling lcdcmd.c...
lcdcmd.c(81): warning:  #1-D: last line of file ends without a newline
Target not created
Build target 'RTOSDemo_ARM'
assembling Startup.s...
compiling tasks.c...
compiling list.c...
compiling queue.c...
compiling port.c...
..\..\Source\portable\RVDS\ARM7_LPC21xx\port.c(241): warning:  #550-D: variable "ulCompareMatch" was set but never used
compiling heap_2.c...
assembling portASM.s...
compiling BlockQ.c...
compiling dynamic.c...
compiling PollQ.c...
compiling semtest.c...
compiling main.c...
main.c(156): error:  #130: expected a "{"
main.c(242): warning:  #12-D: parsing restarts here after previous syntax error
main.c(293): error:  #20: identifier "R1" is undefined
main.c(298): error:  #20: identifier "R2" is undefined
main.c(302): error:  #20: identifier "R3" is undefined
main.c(306): error:  #20: identifier "flag" is undefined
main.c(308): error:  #20: identifier "R5" is undefined
main.c(312): error:  #20: identifier "R4" is undefined
main.c(316): error:  #20: identifier "R6" is undefined
main.c(320): error:  #20: identifier "R7" is undefined
main.c(346): error:  #20: identifier "a" is undefined
main.c(357): error:  #20: identifier "latd1" is undefined
main.c(357): error:  #20: identifier "lat2" is undefined
main.c(358): error:  #20: identifier "longd1" is undefined
main.c(358): error:  #20: identifier "long2" is undefined
main.c(359): error:  #20: identifier "dlat" is undefined
main.c(360): error:  #20: identifier "dlong" is undefined
main.c(363): error:  #20: identifier "p" is undefined
main.c(364): error:  #20: identifier "q" is undefined
main.c(365): error:  #20: identifier "R" is undefined
main.c(368): error:  #20: identifier "i" is undefined
main.c(368): error:  #20: identifier "M" is undefined
main.c(375): error:  #20: identifier "dist" is undefined
main.c(377): error:  #20: identifier "flag" is undefined
main.c(385): error:  #20: identifier "w" is undefined
main.c(399): error:  #20: identifier "lat2" is undefined
main.c(399): error:  #20: identifier "lat1" is undefined
main.c(400): error:  #20: identifier "long2" is undefined
main.c(400): error:  #20: identifier "long1" is undefined
main.c(401): error:  #20: identifier "dlat" is undefined
main.c(402): error:  #20: identifier "dlong" is undefined
compiling stof.c...
compiling ftos.c...
ftos.c(11): warning:  #550-D: variable "d" was set but never used
compiling lcdcmd.c...
lcdcmd.c(81): warning:  #1-D: last line of file ends without a newline
Target not created
Build target 'RTOSDemo_ARM'
assembling Startup.s...
compiling tasks.c...
compiling list.c...
compiling queue.c...
compiling port.c...
..\..\Source\portable\RVDS\ARM7_LPC21xx\port.c(241): warning:  #550-D: variable "ulCompareMatch" was set but never used
compiling heap_2.c...
assembling portASM.s...
compiling BlockQ.c...
compiling dynamic.c...
compiling PollQ.c...
compiling semtest.c...
compiling main.c...
main.c(163): error:  #147-D: declaration is incompatible with "void alcohol(void)" (declared at line 6 of "header.h")
main.c(193): error:  #148: variable "w" has already been initialized
main.c(197): error:  #148: variable "w" has already been initialized
main.c(218): error:  #147: declaration is incompatible with "unsigned char a[9]" (declared at line 167)
main.c(346): error:  #142: expression must have pointer-to-object type
main.c(348): error:  #142: expression must have pointer-to-object type
compiling stof.c...
compiling ftos.c...
ftos.c(11): warning:  #550-D: variable "d" was set but never used
compiling lcdcmd.c...
lcdcmd.c(81): warning:  #1-D: last line of file ends without a newline
Target not created
Build target 'RTOSDemo_ARM'
assembling Startup.s...
compiling tasks.c...
compiling list.c...
compiling queue.c...
compiling port.c...
..\..\Source\portable\RVDS\ARM7_LPC21xx\port.c(241): warning:  #550-D: variable "ulCompareMatch" was set but never used
compiling heap_2.c...
assembling portASM.s...
compiling BlockQ.c...
compiling dynamic.c...
compiling PollQ.c...
compiling semtest.c...
compiling main.c...
main.c(193): error:  #148: variable "w" has already been initialized
main.c(197): error:  #148: variable "w" has already been initialized
main.c(218): error:  #147: declaration is incompatible with "unsigned char a[9]" (declared at line 167)
main.c(346): error:  #142: expression must have pointer-to-object type
main.c(348): error:  #142: expression must have pointer-to-object type
compiling stof.c...
compiling ftos.c...
ftos.c(11): warning:  #550-D: variable "d" was set but never used
compiling lcdcmd.c...
lcdcmd.c(81): warning:  #1-D: last line of file ends without a newline
Target not created
Build target 'RTOSDemo_ARM'
assembling Startup.s...
compiling tasks.c...
compiling list.c...
compiling queue.c...
compiling port.c...
..\..\Source\portable\RVDS\ARM7_LPC21xx\port.c(241): warning:  #550-D: variable "ulCompareMatch" was set but never used
compiling heap_2.c...
assembling portASM.s...
compiling BlockQ.c...
compiling dynamic.c...
compiling PollQ.c...
compiling semtest.c...
compiling main.c...
main.c(193): error:  #148: variable "w" has already been initialized
compiling stof.c...
compiling ftos.c...
ftos.c(11): warning:  #550-D: variable "d" was set but never used
compiling lcdcmd.c...
lcdcmd.c(81): warning:  #1-D: last line of file ends without a newline
Target not created
Build target 'RTOSDemo_ARM'
assembling Startup.s...
compiling tasks.c...
compiling list.c...
compiling queue.c...
compiling port.c...
..\..\Source\portable\RVDS\ARM7_LPC21xx\port.c(241): warning:  #550-D: variable "ulCompareMatch" was set but never used
compiling heap_2.c...
assembling portASM.s...
compiling BlockQ.c...
compiling dynamic.c...
compiling PollQ.c...
compiling semtest.c...
compiling main.c...
main.c(193): error:  #148: variable "w" has already been initialized
compiling stof.c...
compiling ftos.c...
ftos.c(46): error:  #20: identifier "d" is undefined
compiling lcdcmd.c...
lcdcmd.c(81): warning:  #1-D: last line of file ends without a newline
Target not created
Build target 'RTOSDemo_ARM'
assembling Startup.s...
compiling tasks.c...
compiling list.c...
compiling queue.c...
compiling port.c...
..\..\Source\portable\RVDS\ARM7_LPC21xx\port.c(241): warning:  #550-D: variable "ulCompareMatch" was set but never used
compiling heap_2.c...
assembling portASM.s...
compiling BlockQ.c...
compiling dynamic.c...
compiling PollQ.c...
compiling semtest.c...
compiling main.c...
main.c(193): error:  #148: variable "w" has already been initialized
compiling stof.c...
compiling ftos.c...
ftos.c(11): warning:  #550-D: variable "d" was set but never used
compiling lcdcmd.c...
lcdcmd.c(81): warning:  #1-D: last line of file ends without a newline
Target not created
Build target 'RTOSDemo_ARM'
assembling Startup.s...
compiling tasks.c...
compiling list.c...
compiling queue.c...
compiling port.c...
..\..\Source\portable\RVDS\ARM7_LPC21xx\port.c(241): warning:  #550-D: variable "ulCompareMatch" was set but never used
compiling heap_2.c...
assembling portASM.s...
compiling BlockQ.c...
compiling dynamic.c...
compiling PollQ.c...
compiling semtest.c...
compiling main.c...
main.c(193): error:  #148: variable "w" has already been initialized
compiling stof.c...
compiling ftos.c...
ftos.c(11): warning:  #550-D: variable "d" was set but never used
compiling lcdcmd.c...
lcdcmd.c(81): warning:  #1-D: last line of file ends without a newline
Target not created
Build target 'RTOSDemo_ARM'
assembling Startup.s...
compiling tasks.c...
compiling list.c...
compiling queue.c...
compiling port.c...
..\..\Source\portable\RVDS\ARM7_LPC21xx\port.c(241): warning:  #550-D: variable "ulCompareMatch" was set but never used
compiling heap_2.c...
assembling portASM.s...
compiling BlockQ.c...
compiling dynamic.c...
compiling PollQ.c...
compiling semtest.c...
compiling main.c...
main.c(193): error:  #148: variable "w" has already been initialized
compiling stof.c...
compiling ftos.c...
ftos.c(11): warning:  #550-D: variable "d1" was set but never used
compiling lcdcmd.c...
lcdcmd.c(81): warning:  #1-D: last line of file ends without a newline
Target not created
Build target 'RTOSDemo_ARM'
assembling Startup.s...
compiling tasks.c...
compiling list.c...
compiling queue.c...
compiling port.c...
..\..\Source\portable\RVDS\ARM7_LPC21xx\port.c(241): warning:  #550-D: variable "ulCompareMatch" was set but never used
compiling heap_2.c...
assembling portASM.s...
compiling BlockQ.c...
compiling dynamic.c...
compiling PollQ.c...
compiling semtest.c...
compiling main.c...
main.c(193): error:  #148: variable "w" has already been initialized
compiling stof.c...
compiling ftos.c...
ftos.c(10): warning:  #550-D: variable "d1" was set but never used
compiling lcdcmd.c...
lcdcmd.c(81): warning:  #1-D: last line of file ends without a newline
Target not created
Build target 'RTOSDemo_ARM'
assembling Startup.s...
compiling tasks.c...
compiling list.c...
compiling queue.c...
compiling port.c...
..\..\Source\portable\RVDS\ARM7_LPC21xx\port.c(241): warning:  #550-D: variable "ulCompareMatch" was set but never used
compiling heap_2.c...
assembling portASM.s...
compiling BlockQ.c...
compiling dynamic.c...
compiling PollQ.c...
compiling semtest.c...
compiling main.c...
main.c(193): error:  #148: variable "w" has already been initialized
compiling stof.c...
compiling ftos.c...
ftos.c(9): warning:  #550-D: variable "d1" was set but never used
compiling lcdcmd.c...
lcdcmd.c(81): warning:  #1-D: last line of file ends without a newline
Target not created
Build target 'RTOSDemo_ARM'
assembling Startup.s...
compiling tasks.c...
compiling list.c...
compiling queue.c...
compiling port.c...
..\..\Source\portable\RVDS\ARM7_LPC21xx\port.c(241): warning:  #550-D: variable "ulCompareMatch" was set but never used
compiling heap_2.c...
assembling portASM.s...
compiling BlockQ.c...
compiling dynamic.c...
compiling PollQ.c...
compiling semtest.c...
compiling main.c...
main.c(193): error:  #148: variable "w" has already been initialized
compiling stof.c...
compiling ftos.c...
ftos.c(9): warning:  #550-D: variable "d" was set but never used
compiling lcdcmd.c...
lcdcmd.c(81): warning:  #1-D: last line of file ends without a newline
Target not created
Build target 'RTOSDemo_ARM'
assembling Startup.s...
compiling tasks.c...
compiling list.c...
compiling queue.c...
compiling port.c...
..\..\Source\portable\RVDS\ARM7_LPC21xx\port.c(241): warning:  #550-D: variable "ulCompareMatch" was set but never used
compiling heap_2.c...
assembling portASM.s...
compiling BlockQ.c...
compiling dynamic.c...
compiling PollQ.c...
compiling semtest.c...
compiling main.c...
compiling stof.c...
compiling ftos.c...
ftos.c(9): warning:  #550-D: variable "d" was set but never used
compiling lcdcmd.c...
lcdcmd.c(81): warning:  #1-D: last line of file ends without a newline
linking...
Program Size: Code=28136 RO-data=616 RW-data=456 ZI-data=15248  
FromELF: creating hex file...
"Intelli_Window_RTOS.axf" - 0 Error(s), 3 Warning(s).
Build target 'RTOSDemo_ARM'
assembling Startup.s...
compiling tasks.c...
compiling list.c...
compiling queue.c...
compiling port.c...
..\..\Source\portable\RVDS\ARM7_LPC21xx\port.c(241): warning:  #550-D: variable "ulCompareMatch" was set but never used
compiling heap_2.c...
assembling portASM.s...
compiling BlockQ.c...
compiling dynamic.c...
compiling PollQ.c...
compiling semtest.c...
compiling main.c...
compiling stof.c...
compiling ftos.c...
ftos.c(9): warning:  #550-D: variable "d" was set but never used
compiling lcdcmd.c...
lcdcmd.c(81): warning:  #1-D: last line of file ends without a newline
linking...
Program Size: Code=28136 RO-data=616 RW-data=456 ZI-data=15248  
FromELF: creating hex file...
"Geo_Fencing_RTOS.axf" - 0 Error(s), 3 Warning(s).
