ARM Linker, 4.1 [Build 713] [Evaluation]

==============================================================================

Section Cross References

    startup.o(STACK) refers (Special) to heapauxi.o(.text) for __use_two_region_memory
    startup.o(HEAP) refers (Special) to heapauxi.o(.text) for __use_two_region_memory
    startup.o(RESET) refers (Special) to heapauxi.o(.text) for __use_two_region_memory
    startup.o(RESET) refers to portasm.o(PORT_ASM) for vPortYieldProcessor
    startup.o(RESET) refers to startup.o(STACK) for Stack_Top
    startup.o(RESET) refers to __main.o(!!!main) for __main
    startup.o(.text) refers (Special) to heapauxi.o(.text) for __use_two_region_memory
    startup.o(.text) refers to startup.o(HEAP) for Heap_Mem
    startup.o(.text) refers to startup.o(STACK) for Stack_Mem
    tasks.o(.text) refers to list.o(.text) for vListInitialise
    tasks.o(.text) refers to strncpy.o(.text) for strncpy
    tasks.o(.text) refers to heap_2.o(.text) for pvPortMalloc
    tasks.o(.text) refers to aeabi_memset.o(.text) for __aeabi_memset
    tasks.o(.text) refers to port.o(.text) for pxPortInitialiseStack
    tasks.o(.text) refers to portasm.o(PORT_ASM) for vPortYield
    tasks.o(.text) refers to tasks.o(.bss) for pxReadyTasksLists
    tasks.o(.text) refers to tasks.o(.data) for pxDelayedTaskList
    queue.o(.text) refers to heap_2.o(.text) for pvPortMalloc
    queue.o(.text) refers to list.o(.text) for vListInitialise
    queue.o(.text) refers to port.o(.text) for vPortEnterCritical
    queue.o(.text) refers to tasks.o(.text) for xTaskRemoveFromEventList
    queue.o(.text) refers to rt_memcpy.o(.text) for __aeabi_memcpy
    queue.o(.text) refers to portasm.o(PORT_ASM) for vPortYield
    port.o(.text) refers to portasm.o(PORT_ASM) for vPortStartFirstTask
    port.o(.text) refers to port.o(.data) for ulCriticalNesting
    heap_2.o(.text) refers to tasks.o(.text) for vTaskSuspendAll
    heap_2.o(.text) refers to heap_2.o(.data) for xHeapHasBeenInitialised
    heap_2.o(.text) refers to heap_2.o(.bss) for xHeap
    portasm.o(PORT_ASM) refers to tasks.o(.data) for pxCurrentTCB
    portasm.o(PORT_ASM) refers to port.o(.data) for ulCriticalNesting
    portasm.o(PORT_ASM) refers to tasks.o(.text) for vTaskSwitchContext
    blockq.o(.text) refers to queue.o(.text) for xQueueGenericReceive
    blockq.o(.text) refers to heap_2.o(.text) for pvPortMalloc
    blockq.o(.text) refers to tasks.o(.text) for xTaskGenericCreate
    blockq.o(.text) refers to blockq.o(.data) for sBlockingConsumerCount
    dynamic.o(.text) refers to tasks.o(.text) for vTaskSuspendAll
    dynamic.o(.text) refers to queue.o(.text) for xQueueGenericReceive
    dynamic.o(.text) refers to port.o(.text) for vPortEnterCritical
    dynamic.o(.text) refers to dynamic.o(.data) for ulReceivedValue
    pollq.o(.text) refers to queue.o(.text) for xQueueGenericSend
    pollq.o(.text) refers to port.o(.text) for vPortEnterCritical
    pollq.o(.text) refers to tasks.o(.text) for vTaskDelay
    pollq.o(.text) refers to pollq.o(.data) for xPollingProducerCount
    semtest.o(.text) refers to port.o(.text) for vPortEnterCritical
    semtest.o(.text) refers to queue.o(.text) for xQueueGenericReceive
    semtest.o(.text) refers to tasks.o(.text) for vTaskDelay
    semtest.o(.text) refers to portasm.o(PORT_ASM) for vPortYield
    semtest.o(.text) refers to heap_2.o(.text) for pvPortMalloc
    semtest.o(.text) refers to semtest.o(.data) for sNextCheckVariable
    main.o(.text) refers to lcdcmd.o(.text) for delay
    main.o(.text) refers to daddsub_noclz.o(x$fpl$dsub) for __aeabi_dsub
    main.o(.text) refers to dmul.o(x$fpl$dmul) for __aeabi_dmul
    main.o(.text) refers to d2f.o(x$fpl$d2f) for __aeabi_d2f
    main.o(.text) refers to f2d.o(x$fpl$f2d) for __aeabi_f2d
    main.o(.text) refers to cos.o(i.cos) for cos
    main.o(.text) refers to ddiv.o(x$fpl$ddiv) for __aeabi_ddiv
    main.o(.text) refers to sin.o(i.sin) for sin
    main.o(.text) refers to daddsub_noclz.o(x$fpl$dadd) for __aeabi_dadd
    main.o(.text) refers to sqrt.o(i.sqrt) for sqrt
    main.o(.text) refers to atan2.o(i.atan2) for atan2
    main.o(.text) refers to ftos.o(.text) for ftos
    main.o(.text) refers to frleqf.o(x$fpl$frleqf) for __aeabi_cfrcmple
    main.o(.text) refers to dleqf.o(x$fpl$dleqf) for __aeabi_cdcmple
    main.o(.text) refers to main.o(.data) for R1
    main.o(.text) refers to tasks.o(.text) for vTaskSuspend
    main.o(.text) refers to stof.o(.text) for stof
    main.o(.text) refers to main.o(.bss) for lati_data
    stof.o(.text) refers to dflt_noclz.o(x$fpl$dflt) for __aeabi_i2d
    stof.o(.text) refers to pow.o(i.pow) for pow
    stof.o(.text) refers to dmul.o(x$fpl$dmul) for __aeabi_dmul
    stof.o(.text) refers to d2f.o(x$fpl$d2f) for __aeabi_d2f
    stof.o(.text) refers to faddsub_noclz.o(x$fpl$fadd) for __aeabi_fadd
    ftos.o(.text) refers to ffix.o(x$fpl$ffix) for __aeabi_f2iz
    ftos.o(.text) refers to fflt_noclz.o(x$fpl$fflt) for __aeabi_i2f
[...]
    libinit.o(.ARM.Collect$$libinit$$00000000) refers (Special) to libinit2.o(.ARM.Collect$$libinit$$00000019) for __rt_lib_init_signal_1
    libinit.o(.ARM.Collect$$libinit$$00000000) refers (Special) to libinit2.o(.ARM.Collect$$libinit$$00000021) for __rt_lib_init_stdio_1
    libinit.o(.ARM.Collect$$libinit$$00000000) refers (Special) to libinit2.o(.ARM.Collect$$libinit$$00000008) for __rt_lib_init_user_alloc_1
    libinit.o(.ARM.Collect$$libinit$$00000000) refers to fpinit.o(x$fpl$fpinit) for _fp_init
    retnan.o(x$fpl$retnan) refers (Special) to usenofp.o(x$fpl$usenofp) for __I$use$fp
    retnan.o(x$fpl$retnan) refers to trapv.o(x$fpl$trapveneer) for __fpl_cmpreturn
    rtexit.o(.ARM.Collect$$rtexit$$00000000) refers (Special) to rtexit2.o(.ARM.Collect$$rtexit$$00000004) for __rt_exit_exit
    rtexit.o(.ARM.Collect$$rtexit$$00000000) refers (Special) to rtexit2.o(.ARM.Collect$$rtexit$$00000003) for __rt_exit_ls
    rtexit.o(.ARM.Collect$$rtexit$$00000000) refers (Special) to rtexit2.o(.ARM.Collect$$rtexit$$00000002) for __rt_exit_prels_1
    rtexit.o(.ARM.exidx) refers (Special) to rtexit2.o(.ARM.Collect$$rtexit$$00000004) for __rt_exit_exit
    rtexit.o(.ARM.exidx) refers (Special) to rtexit2.o(.ARM.Collect$$rtexit$$00000003) for __rt_exit_ls
    rtexit.o(.ARM.exidx) refers (Special) to rtexit2.o(.ARM.Collect$$rtexit$$00000002) for __rt_exit_prels_1
    rtexit.o(.ARM.exidx) refers to rtexit.o(.ARM.Collect$$rtexit$$00000000) for .ARM.Collect$$rtexit$$00000000
    rt_raise.o(.text) refers to __raise.o(.text) for __raise
    rt_raise.o(.text) refers to sys_exit.o(.text) for _sys_exit
    defsig_exit.o(.text) refers to sys_exit.o(.text) for _sys_exit
    defsig_fpe_inner.o(.text) refers to defsig_general.o(.text) for __default_signal_display
    libinit2.o(.ARM.Collect$$libinit$$0000000C) refers to libinit2.o(.ARM.Collect$$libinit$$0000000B) for .ARM.Collect$$libinit$$0000000B
    libinit2.o(.ARM.Collect$$libinit$$0000000E) refers to libinit2.o(.ARM.Collect$$libinit$$0000000B) for .ARM.Collect$$libinit$$0000000B
    libinit2.o(.ARM.Collect$$libinit$$00000010) refers to libinit2.o(.ARM.Collect$$libinit$$0000000B) for .ARM.Collect$$libinit$$0000000B
    libinit2.o(.ARM.Collect$$libinit$$00000012) refers to libinit2.o(.ARM.Collect$$libinit$$0000000B) for .ARM.Collect$$libinit$$0000000B
    libinit2.o(.ARM.Collect$$libinit$$00000014) refers to libinit2.o(.ARM.Collect$$libinit$$0000000B) for .ARM.Collect$$libinit$$0000000B
    libinit2.o(.ARM.Collect$$libinit$$00000022) refers to argv_veneer.o(.emb_text) for __ARM_argv_veneer
    libinit2.o(.ARM.Collect$$libinit$$00000023) refers to argv_veneer.o(.emb_text) for __ARM_argv_veneer
    fpinit.o(x$fpl$fpinit) refers to rt_fp_status_addr_intlibspace.o(.text) for __rt_fp_status_addr
    trapv.o(x$fpl$trapveneer) refers (Special) to usenofp.o(x$fpl$usenofp) for __I$use$fp
    sys_exit.o(.text) refers (Special) to use_no_semi.o(.text) for __I$use$semihosting
    sys_exit.o(.text) refers (Special) to indicate_semi.o(.text) for __semihosting_library_function
    rtexit2.o(.ARM.Collect$$rtexit$$00000003) refers to libshutdown.o(.ARM.Collect$$libshutdown$$00000000) for __rt_lib_shutdown
    rtexit2.o(.ARM.Collect$$rtexit$$00000004) refers to sys_exit.o(.text) for _sys_exit
    rtexit2.o(.ARM.exidx) refers to rtexit2.o(.ARM.Collect$$rtexit$$00000001) for .ARM.Collect$$rtexit$$00000001
    rtexit2.o(.ARM.exidx) refers to rtexit2.o(.ARM.Collect$$rtexit$$00000002) for .ARM.Collect$$rtexit$$00000002
    rtexit2.o(.ARM.exidx) refers to rtexit2.o(.ARM.Collect$$rtexit$$00000003) for .ARM.Collect$$rtexit$$00000003
    rtexit2.o(.ARM.exidx) refers to rtexit2.o(.ARM.Collect$$rtexit$$00000004) for .ARM.Collect$$rtexit$$00000004
    rt_fp_status_addr.o(.text) refers to rt_fp_status_addr.o(.bss) for __rt_fp_status_addr_data
    rt_fp_status_addr_intlibspace.o(.text) refers to libspace.o(.bss) for __libspace_start
    __raise.o(.text) refers to __raise.o(i.__ARM_common_call_via_r2) for __ARM_common_call_via_r2
    __raise.o(.text) refers to defsig.o(CL$$defsig) for __default_signal_handler
    defsig_general.o(.text) refers to sys_wrch.o(.text) for _ttywrch
    argv_veneer.o(.emb_text) refers to no_argv.o(.text) for __ARM_get_argv
    sys_wrch.o(.text) refers (Special) to use_no_semi.o(.text) for __I$use$semihosting
    sys_wrch.o(.text) refers (Special) to indicate_semi.o(.text) for __semihosting_library_function
    defsig.o(CL$$defsig) refers to defsig_fpe_inner.o(.text) for __rt_SIGFPE_inner
    defsig.o(CL$$defsig) refers to defsig_rtmem_inner.o(.text) for __rt_SIGRTMEM_inner
    _get_argv_nomalloc.o(.text) refers (Special) to hrguard.o(.text) for __heap_region$guard
    _get_argv_nomalloc.o(.text) refers to defsig_rtmem_outer.o(.text) for __rt_SIGRTMEM
    _get_argv_nomalloc.o(.text) refers to sys_command.o(.text) for _sys_command_string
    libshutdown.o(.ARM.Collect$$libshutdown$$00000000) refers (Special) to libshutdown2.o(.ARM.Collect$$libshutdown$$00000006) for __rt_lib_shutdown_fp_trap_1
    libshutdown.o(.ARM.Collect$$libshutdown$$00000000) refers (Special) to libshutdown2.o(.ARM.Collect$$libshutdown$$0000000E) for __rt_lib_shutdown_heap_1
    libshutdown.o(.ARM.Collect$$libshutdown$$00000000) refers (Special) to libshutdown2.o(.ARM.Collect$$libshutdown$$0000000F) for __rt_lib_shutdown_return
    libshutdown.o(.ARM.Collect$$libshutdown$$00000000) refers (Special) to libshutdown2.o(.ARM.Collect$$libshutdown$$00000009) for __rt_lib_shutdown_signal_1
    libshutdown.o(.ARM.Collect$$libshutdown$$00000000) refers (Special) to libshutdown2.o(.ARM.Collect$$libshutdown$$00000003) for __rt_lib_shutdown_stdio_1
    libshutdown.o(.ARM.Collect$$libshutdown$$00000000) refers (Special) to libshutdown2.o(.ARM.Collect$$libshutdown$$0000000B) for __rt_lib_shutdown_user_alloc_1
    sys_command.o(.text) refers (Special) to use_no_semi.o(.text) for __I$use$semihosting
    sys_command.o(.text) refers (Special) to indicate_semi.o(.text) for __semihosting_library_function
    defsig_abrt_inner.o(.text) refers to defsig_general.o(.text) for __default_signal_display
    defsig_rtred_inner.o(.text) refers to defsig_general.o(.text) for __default_signal_display
    defsig_rtmem_inner.o(.text) refers to defsig_general.o(.text) for __default_signal_display
    defsig_rtmem_outer.o(.text) refers to defsig_rtmem_inner.o(.text) for __rt_SIGRTMEM_inner
    defsig_rtmem_outer.o(.text) refers to defsig_exit.o(.text) for __sig_exit
    defsig_rtmem_formal.o(.text) refers to rt_raise.o(.text) for __rt_raise
    defsig_stak_inner.o(.text) refers to defsig_general.o(.text) for __default_signal_display
    defsig_pvfn_inner.o(.text) refers to defsig_general.o(.text) for __default_signal_display
    defsig_cppl_inner.o(.text) refers to defsig_general.o(.text) for __default_signal_display
    defsig_segv_inner.o(.text) refers to defsig_general.o(.text) for __default_signal_display
    defsig_other.o(.text) refers to defsig_general.o(.text) for __default_signal_display


==============================================================================

Removing Unused input sections from the image.

    Removing queue.o(.text), (2056 bytes).
    Removing blockq.o(.text), (1016 bytes).
    Removing blockq.o(.data), (24 bytes).
    Removing dynamic.o(.text), (1016 bytes).
    Removing dynamic.o(.data), (44 bytes).
    Removing pollq.o(.text), (516 bytes).
    Removing pollq.o(.data), (12 bytes).
    Removing semtest.o(.text), (840 bytes).
    Removing semtest.o(.data), (18 bytes).
    Removing main.o(.constdata), (4 bytes).

10 unused section(s) (total 5546 bytes) removed from the image.

==============================================================================

Adding Veneers to the image

    Adding AT veneer (8 bytes, Inline) for call to '__rt_lib_init' from rtentry2.o(.ARM.Collect$$rtentry$$0000000A).
    Adding AT veneer (8 bytes, Inline) for call to '__rt_lib_shutdown' from rtexit2.o(.ARM.Collect$$rtexit$$00000003).
    Adding TA veneer (4 bytes, Inline) for call to '__rt_exit' from exit.o(.text).
    Adding AT veneer (8 bytes, Inline) for call to '__set_errno' from cos.o(i.cos).
    Adding TA veneer (4 bytes, Inline) for call to '__aeabi_errno_addr' from _rserrno.o(.text).
    Adding AT veneer (8 bytes, Inline) for call to '_sys_exit' from rtexit2.o(.ARM.Collect$$rtexit$$00000004).
    Adding TA veneer (4 bytes, Inline) for call to '_fp_init' from libinit.o(.ARM.Collect$$libinit$$00000000).

7 Veneer(s) (total 44 bytes) added to the image.

==============================================================================

Image Symbol Table

    Local Symbols

    Symbol Name                              Value     Ov Type        Size  Object(Section)

    RESET                                    0x00000000   Section      256  startup.o(RESET)
    ../../angel/boardlib.s                   0x00000000   Number         0  boardinit2.o ABSOLUTE
    ../../angel/boardlib.s                   0x00000000   Number         0  boardinit1.o ABSOLUTE
    ../../angel/boardlib.s                   0x00000000   Number         0  boardshut.o ABSOLUTE
    ../../angel/boardlib.s                   0x00000000   Number         0  boardinit3.o ABSOLUTE
    ../../angel/dczerorl2.s                  0x00000000   Number         0  __dczerorl2.o ABSOLUTE
    ../../angel/handlers.s                   0x00000000   Number         0  __scatter_zi.o ABSOLUTE
    ../../angel/kernel.s                     0x00000000   Number         0  rtexit2.o ABSOLUTE
    ../../angel/kernel.s                     0x00000000   Number         0  rtentry4.o ABSOLUTE
    ../../angel/kernel.s                     0x00000000   Number         0  rtentry.o ABSOLUTE
    ../../angel/kernel.s                     0x00000000   Number         0  rtentry2.o ABSOLUTE
    ../../angel/kernel.s                     0x00000000   Number         0  rtexit.o ABSOLUTE
    ../../angel/rt.s                         0x00000000   Number         0  rt_errno_addr.o ABSOLUTE
    ../../angel/rt.s                         0x00000000   Number         0  rt_div0.o ABSOLUTE
    ../../angel/rt.s                         0x00000000   Number         0  rt_fp_status_addr_intlibspace.o ABSOLUTE
    ../../angel/rt.s                         0x00000000   Number         0  rt_raise.o ABSOLUTE
    ../../angel/rt.s                         0x00000000   Number         0  aeabi_idiv0_sigfpe.o ABSOLUTE
    ../../angel/rt.s                         0x00000000   Number         0  rt_fp_status_addr.o ABSOLUTE
    ../../angel/rt.s                         0x00000000   Number         0  aeabi_idiv0.o ABSOLUTE
    ../../angel/rt.s                         0x00000000   Number         0  rt_errno_addr_intlibspace.o ABSOLUTE
    ../../angel/scatter.s                    0x00000000   Number         0  __scatter.o ABSOLUTE
    ../../angel/startup.s                    0x00000000   Number         0  __main.o ABSOLUTE
    ../../angel/sys.s                        0x00000000   Number         0  libspace.o ABSOLUTE
    ../../angel/sys.s                        0x00000000   Number         0  sys_stackheap_outer.o ABSOLUTE
    ../../angel/sys.s                        0x00000000   Number         0  use_no_semi.o ABSOLUTE
    ../../angel/sys.s                        0x00000000   Number         0  indicate_semi.o ABSOLUTE
    ../../angel/sysapp.c                     0x00000000   Number         0  sys_exit.o ABSOLUTE
    ../../angel/sysapp.c                     0x00000000   Number         0  sys_wrch.o ABSOLUTE
    ../../angel/sysapp.c                     0x00000000   Number         0  sys_command.o ABSOLUTE
    ../../armsys.c                           0x00000000   Number         0  argv_veneer.o ABSOLUTE
    ../../armsys.c                           0x00000000   Number         0  argv_veneer.o ABSOLUTE
    ../../armsys.c                           0x00000000   Number         0  no_argv.o ABSOLUTE
    ../../armsys.c                           0x00000000   Number         0  _get_argv_nomalloc.o ABSOLUTE
    ../../atan.c                             0x00000000   Number         0  atan.o ABSOLUTE
    ../../atan.c                             0x00000000   Number         0  atan_x.o ABSOLUTE
    ../../atan2.c                            0x00000000   Number         0  atan2_x.o ABSOLUTE
    ../../atan2.c                            0x00000000   Number         0  atan2.o ABSOLUTE
    ../../cos.c                              0x00000000   Number         0  cos.o ABSOLUTE
    ../../cos.c                              0x00000000   Number         0  cos_x.o ABSOLUTE
    ../../cos_i.c                            0x00000000   Number         0  cos_i.o ABSOLUTE
    ../../d2f.s                              0x00000000   Number         0  d2f.o ABSOLUTE
    ../../daddsub.s                          0x00000000   Number         0  daddsub_noclz.o ABSOLUTE
    ../../dcheck1.s                          0x00000000   Number         0  dcheck1.o ABSOLUTE
    ../../dcmpi.s                            0x00000000   Number         0  dcmpi.o ABSOLUTE
    ../../ddiv.s                             0x00000000   Number         0  ddiv.o ABSOLUTE
    ../../dfix.s                             0x00000000   Number         0  dfix.o ABSOLUTE
    ../../dflt.s                             0x00000000   Number         0  dflt_noclz.o ABSOLUTE
    ../../division.s                         0x00000000   Number         0  aeabi_sdiv_div0.o ABSOLUTE
    ../../division.s                         0x00000000   Number         0  aeabi_sdiv.o ABSOLUTE
    ../../divrt.s                            0x00000000   Number         0  divrt_7tdmi_div0.o ABSOLUTE
    ../../divrt.s                            0x00000000   Number         0  divrt_7tdmi.o ABSOLUTE
    ../../dleqf.s                            0x00000000   Number         0  dleqf.o ABSOLUTE
    ../../dmul.s                             0x00000000   Number         0  dmul.o ABSOLUTE
    ../../dnaninf.s                          0x00000000   Number         0  dnaninf.o ABSOLUTE
    ../../dretinf.s                          0x00000000   Number         0  dretinf.o ABSOLUTE
    ../../drleqf.s                           0x00000000   Number         0  drleqf.o ABSOLUTE
    ../../dsqrt.s                            0x00000000   Number         0  dsqrt_noumaal.o ABSOLUTE
    ../../dunder.c                           0x00000000   Number         0  dunder.o ABSOLUTE
    ../../f2d.s                              0x00000000   Number         0  f2d.o ABSOLUTE
    ../../faddsub.s                          0x00000000   Number         0  faddsub_noclz.o ABSOLUTE
    ../../fcmpi.s                            0x00000000   Number         0  fcmpi.o ABSOLUTE
    ../../fenv.c                             0x00000000   Number         0  _rserrno.o ABSOLUTE
    ../../feqf.s                             0x00000000   Number         0  feqf.o ABSOLUTE
    ../../ffix.s                             0x00000000   Number         0  ffix.o ABSOLUTE
    ../../fflt.s                             0x00000000   Number         0  fflt_noclz.o ABSOLUTE
    ../../fleqf.s                            0x00000000   Number         0  fleqf.o ABSOLUTE
    ../../fmul.s                             0x00000000   Number         0  fmul.o ABSOLUTE
    ../../fnaninf.s                          0x00000000   Number         0  fnaninf.o ABSOLUTE
    ../../fpclassify.c                       0x00000000   Number         0  fpclassify.o ABSOLUTE
    ../../fpinit.s                           0x00000000   Number         0  fpinit.o ABSOLUTE
    ../../fretinf.s                          0x00000000   Number         0  fretinf.o ABSOLUTE
    ../../frleqf.s                           0x00000000   Number         0  frleqf.o ABSOLUTE
    ../../heapalloc.c                        0x00000000   Number         0  hrguard.o ABSOLUTE
    ../../heapaux.c                          0x00000000   Number         0  heapauxi.o ABSOLUTE
    ../../libinit.s                          0x00000000   Number         0  libinit2.o ABSOLUTE
    ../../libinit.s                          0x00000000   Number         0  libshutdown2.o ABSOLUTE
    ../../libinit.s                          0x00000000   Number         0  libshutdown.o ABSOLUTE
    ../../libinit.s                          0x00000000   Number         0  libinit.o ABSOLUTE
    ../../memcpset.s                         0x00000000   Number         0  rt_memcpy_w.o ABSOLUTE
    ../../memcpset.s                         0x00000000   Number         0  rt_memclr.o ABSOLUTE
    ../../memcpset.s                         0x00000000   Number         0  rt_memclr_w.o ABSOLUTE
    ../../memcpset.s                         0x00000000   Number         0  aeabi_memset.o ABSOLUTE
    ../../memcpset.s                         0x00000000   Number         0  strncpy.o ABSOLUTE
    ../../memcpset.s                         0x00000000   Number         0  rt_memcpy.o ABSOLUTE
    ../../poly.c                             0x00000000   Number         0  poly.o ABSOLUTE
    ../../pow.c                              0x00000000   Number         0  pow.o ABSOLUTE
    ../../pow.c                              0x00000000   Number         0  pow_x.o ABSOLUTE
    ../../qnan.c                             0x00000000   Number         0  qnan.o ABSOLUTE
    ../../retnan.s                           0x00000000   Number         0  retnan.o ABSOLUTE
    ../../rred.c                             0x00000000   Number         0  rred.o ABSOLUTE
    ../../scalbn.s                           0x00000000   Number         0  scalbn.o ABSOLUTE
    ../../signal.c                           0x00000000   Number         0  defsig_general.o ABSOLUTE
    ../../signal.c                           0x00000000   Number         0  __raise.o ABSOLUTE
    ../../signal.c                           0x00000000   Number         0  defsig_rtred_inner.o ABSOLUTE
    ../../signal.c                           0x00000000   Number         0  defsig_rtmem_inner.o ABSOLUTE
    ../../signal.c                           0x00000000   Number         0  defsig_rtmem_outer.o ABSOLUTE
    ../../signal.c                           0x00000000   Number         0  defsig_stak_inner.o ABSOLUTE
    ../../signal.c                           0x00000000   Number         0  defsig_pvfn_inner.o ABSOLUTE
    ../../signal.c                           0x00000000   Number         0  defsig_cppl_inner.o ABSOLUTE
    ../../signal.c                           0x00000000   Number         0  defsig_segv_inner.o ABSOLUTE
    ../../signal.c                           0x00000000   Number         0  defsig_other.o ABSOLUTE
    ../../signal.c                           0x00000000   Number         0  defsig_fpe_inner.o ABSOLUTE
    ../../signal.c                           0x00000000   Number         0  defsig_exit.o ABSOLUTE
    ../../signal.c                           0x00000000   Number         0  defsig_fpe_formal.o ABSOLUTE
    ../../signal.c                           0x00000000   Number         0  defsig_fpe_outer.o ABSOLUTE
    ../../signal.c                           0x00000000   Number         0  defsig_rtmem_formal.o ABSOLUTE
    ../../signal.c                           0x00000000   Number         0  defsig_abrt_inner.o ABSOLUTE
    ../../signal.s                           0x00000000   Number         0  defsig.o ABSOLUTE
    ../../sin.c                              0x00000000   Number         0  sin.o ABSOLUTE
    ../../sin.c                              0x00000000   Number         0  sin_x.o ABSOLUTE
    ../../sin_i.c                            0x00000000   Number         0  sin_i_x.o ABSOLUTE
    ../../sin_i.c                            0x00000000   Number         0  sin_i.o ABSOLUTE
    ../../sqrt.c                             0x00000000   Number         0  sqrt.o ABSOLUTE
    ../../sqrt.c                             0x00000000   Number         0  sqrt_x.o ABSOLUTE
    ../../stdlib.c                           0x00000000   Number         0  exit.o ABSOLUTE
    ../../trapv.s                            0x00000000   Number         0  trapv.o ABSOLUTE
    ../../usenofp.s                          0x00000000   Number         0  usenofp.o ABSOLUTE
    ..\..\Source\list.c                      0x00000000   Number         0  list.o ABSOLUTE
    ..\..\Source\portable\MemMang\heap_2.c   0x00000000   Number         0  heap_2.o ABSOLUTE
    ..\..\Source\portable\RVDS\ARM7_LPC21xx\port.c 0x00000000   Number         0  port.o ABSOLUTE
    ..\..\Source\portable\RVDS\ARM7_LPC21xx\portASM.s 0x00000000   Number         0  portasm.o ABSOLUTE
    ..\..\Source\queue.c                     0x00000000   Number         0  queue.o ABSOLUTE
    ..\..\Source\tasks.c                     0x00000000   Number         0  tasks.o ABSOLUTE
    ..\Common\Minimal\BlockQ.c               0x00000000   Number         0  blockq.o ABSOLUTE
    ..\Common\Minimal\PollQ.c                0x00000000   Number         0  pollq.o ABSOLUTE
    ..\Common\Minimal\dynamic.c              0x00000000   Number         0  dynamic.o ABSOLUTE
    ..\Common\Minimal\semtest.c              0x00000000   Number         0  semtest.o ABSOLUTE
    Startup.s                                0x00000000   Number         0  startup.o ABSOLUTE
    dc.s                                     0x00000000   Number         0  dc.o ABSOLUTE
    ftos.c                                   0x00000000   Number         0  ftos.o ABSOLUTE
    lcdcmd.c                                 0x00000000   Number         0  lcdcmd.o ABSOLUTE
    main.c                                   0x00000000   Number         0  main.o ABSOLUTE
    stof.c                                   0x00000000   Number         0  stof.o ABSOLUTE
    Undef_Handler                            0x0000003c   ARM Code       4  startup.o(RESET)
    PAbt_Handler                             0x00000044   ARM Code       4  startup.o(RESET)
    DAbt_Handler                             0x00000048   ARM Code       4  startup.o(RESET)
    IRQ_Handler                              0x0000004c   ARM Code       4  startup.o(RESET)
    FIQ_Handler                              0x00000050   ARM Code       4  startup.o(RESET)
    !!!main                                  0x00000100   Section        8  __main.o(!!!main)
    !!!scatter                               0x00000108   Section       60  __scatter.o(!!!scatter)
    !!dczerorl2                              0x00000144   Section       92  __dczerorl2.o(!!dczerorl2)
    _decompress_loop                         0x0000014f   Thumb Code     0  __dczerorl2.o(!!dczerorl2)
    _decompress_zerolen                      0x0000015d   Thumb Code     0  __dczerorl2.o(!!dczerorl2)
    _decompress_litn                         0x00000165   Thumb Code     0  __dczerorl2.o(!!dczerorl2)
    _decompress_lit                          0x00000169   Thumb Code     0  __dczerorl2.o(!!dczerorl2)
    _decompress_copyorzero                   0x00000175   Thumb Code     0  __dczerorl2.o(!!dczerorl2)
    _decompress_zero                         0x0000017d   Thumb Code     0  __dczerorl2.o(!!dczerorl2)
    _decompress_copyn                        0x00000187   Thumb Code     0  __dczerorl2.o(!!dczerorl2)
    _decompress_copy                         0x0000018f   Thumb Code     0  __dczerorl2.o(!!dczerorl2)
    _decompress_end                          0x0000019b   Thumb Code     0  __dczerorl2.o(!!dczerorl2)
    !!handler_zi                             0x000001a0   Section       44  __scatter_zi.o(!!handler_zi)
    .ARM.Collect$$libinit$$00000000          0x000001d4   Section        6  libinit.o(.ARM.Collect$$libinit$$00000000)
    .ARM.Collect$$libinit$$00000006          0x000001da   Section        0  libinit2.o(.ARM.Collect$$libinit$$00000006)
    .ARM.Collect$$libinit$$00000008          0x000001da   Section        0  libinit2.o(.ARM.Collect$$libinit$$00000008)
    .ARM.Collect$$libinit$$0000000A          0x000001da   Section        0  libinit2.o(.ARM.Collect$$libinit$$0000000A)
    .ARM.Collect$$libinit$$0000000D          0x000001da   Section        0  libinit2.o(.ARM.Collect$$libinit$$0000000D)
    .ARM.Collect$$libinit$$0000000F          0x000001da   Section        0  libinit2.o(.ARM.Collect$$libinit$$0000000F)
    .ARM.Collect$$libinit$$00000011          0x000001da   Section        0  libinit2.o(.ARM.Collect$$libinit$$00000011)
    .ARM.Collect$$libinit$$00000013          0x000001da   Section        0  libinit2.o(.ARM.Collect$$libinit$$00000013)
    .ARM.Collect$$libinit$$00000015          0x000001da   Section        0  libinit2.o(.ARM.Collect$$libinit$$00000015)
    .ARM.Collect$$libinit$$00000017          0x000001da   Section        0  libinit2.o(.ARM.Collect$$libinit$$00000017)
    .ARM.Collect$$libinit$$00000019          0x000001da   Section        0  libinit2.o(.ARM.Collect$$libinit$$00000019)
    .ARM.Collect$$libinit$$0000001B          0x000001da   Section        0  libinit2.o(.ARM.Collect$$libinit$$0000001B)
    .ARM.Collect$$libinit$$0000001D          0x000001da   Section        0  libinit2.o(.ARM.Collect$$libinit$$0000001D)
    .ARM.Collect$$libinit$$0000001F          0x000001da   Section        0  libinit2.o(.ARM.Collect$$libinit$$0000001F)
    .ARM.Collect$$libinit$$00000021          0x000001da   Section        0  libinit2.o(.ARM.Collect$$libinit$$00000021)
    .ARM.Collect$$libinit$$00000028          0x000001da   Section        0  libinit2.o(.ARM.Collect$$libinit$$00000028)
    .ARM.Collect$$libinit$$0000002A          0x000001da   Section        0  libinit2.o(.ARM.Collect$$libinit$$0000002A)
    .ARM.Collect$$libinit$$0000002C          0x000001da   Section        0  libinit2.o(.ARM.Collect$$libinit$$0000002C)
    .ARM.Collect$$libinit$$0000002E          0x000001da   Section        0  libinit2.o(.ARM.Collect$$libinit$$0000002E)
    .ARM.Collect$$libinit$$0000002F          0x000001da   Section       12  libinit2.o(.ARM.Collect$$libinit$$0000002F)
    .ARM.Collect$$libshutdown$$00000000      0x000001f0   Section        4  libshutdown.o(.ARM.Collect$$libshutdown$$00000000)
    .ARM.Collect$$libshutdown$$00000003      0x000001f4   Section        0  libshutdown2.o(.ARM.Collect$$libshutdown$$00000003)
    .ARM.Collect$$libshutdown$$00000006      0x000001f4   Section        0  libshutdown2.o(.ARM.Collect$$libshutdown$$00000006)
    .ARM.Collect$$libshutdown$$00000009      0x000001f4   Section        0  libshutdown2.o(.ARM.Collect$$libshutdown$$00000009)
    .ARM.Collect$$libshutdown$$0000000B      0x000001f4   Section        0  libshutdown2.o(.ARM.Collect$$libshutdown$$0000000B)
    .ARM.Collect$$libshutdown$$0000000E      0x000001f4   Section        0  libshutdown2.o(.ARM.Collect$$libshutdown$$0000000E)
    .ARM.Collect$$libshutdown$$0000000F      0x000001f4   Section        6  libshutdown2.o(.ARM.Collect$$libshutdown$$0000000F)
    .ARM.Collect$$rtentry$$00000000          0x000001fc   Section        0  rtentry.o(.ARM.Collect$$rtentry$$00000000)
    .ARM.Collect$$rtentry$$00000002          0x000001fc   Section        0  rtentry2.o(.ARM.Collect$$rtentry$$00000002)
    .ARM.Collect$$rtentry$$00000004          0x000001fc   Section        8  rtentry4.o(.ARM.Collect$$rtentry$$00000004)
    .ARM.Collect$$rtentry$$00000009          0x00000204   Section        0  rtentry2.o(.ARM.Collect$$rtentry$$00000009)
    .ARM.Collect$$rtentry$$0000000A          0x00000204   Section        4  rtentry2.o(.ARM.Collect$$rtentry$$0000000A)
    .ARM.Collect$$rtentry$$0000000C          0x00000208   Section        0  rtentry2.o(.ARM.Collect$$rtentry$$0000000C)
    .ARM.Collect$$rtentry$$0000000D          0x00000208   Section       40  rtentry2.o(.ARM.Collect$$rtentry$$0000000D)
    .ARM.Collect$$rtexit$$00000000           0x00000234   Section        4  rtexit.o(.ARM.Collect$$rtexit$$00000000)
    .ARM.Collect$$rtexit$$00000002           0x00000238   Section        0  rtexit2.o(.ARM.Collect$$rtexit$$00000002)
    .ARM.Collect$$rtexit$$00000003           0x00000238   Section        4  rtexit2.o(.ARM.Collect$$rtexit$$00000003)
    .ARM.Collect$$rtexit$$00000004           0x0000023c   Section        8  rtexit2.o(.ARM.Collect$$rtexit$$00000004)
    .text                                    0x00000244   Section       32  startup.o(.text)
    .text                                    0x00000264   Section        0  tasks.o(.text)
    prvInitialiseTaskLists                   0x00000264   ARM Code     112  tasks.o(.text)
    prvInitialiseTCBVariables                0x000002d4   ARM Code     104  tasks.o(.text)
    prvAllocateTCBAndStack                   0x0000033c   ARM Code     116  tasks.o(.text)
    prvAddCurrentTaskToDelayedList           0x00000930   ARM Code     120  tasks.o(.text)
    prvDeleteTCB                             0x00000f3c   ARM Code      32  tasks.o(.text)
    prvCheckTasksWaitingTermination          0x00000f5c   ARM Code     156  tasks.o(.text)
    prvIdleTask                              0x00000ff8   ARM Code      32  tasks.o(.text)
    .text                                    0x00001334   Section        0  list.o(.text)
    .text                                    0x00001448   Section        0  port.o(.text)
    prvSetupTimerInterrupt                   0x00001534   ARM Code       8  port.o(.text)
    .text                                    0x000015dc   Section        0  heap_2.o(.text)
    .text                                    0x000017d0   Section        0  main.o(.text)
    alcohol                                  0x000023b0   ARM Code     268  main.o(.text)
    accelerometer                            0x000024bc   ARM Code      84  main.o(.text)
    gps                                      0x00002510   ARM Code     856  main.o(.text)
    prvCheckOtherTasksAreStillRunning        0x00002868   ARM Code       8  main.o(.text)
    vErrorChecks                             0x00002870   ARM Code      36  main.o(.text)
    .text                                    0x00002e88   Section        0  stof.o(.text)
    .text                                    0x0000304c   Section        0  ftos.o(.text)
    .text                                    0x000031bc   Section        0  lcdcmd.o(.text)
    .text                                    0x0000337c   Section       16  aeabi_memset.o(.text)
    .text                                    0x0000338c   Section      112  strncpy.o(.text)
    .text                                    0x000033fc   Section      384  aeabi_sdiv.o(.text)
    __arm_div8                               0x00003428   ARM Code       0  aeabi_sdiv.o(.text)
    __arm_div5                               0x0000344c   ARM Code       0  aeabi_sdiv.o(.text)
    __arm_div2                               0x00003470   ARM Code       0  aeabi_sdiv.o(.text)
    __arm_div_large                          0x000034ac   ARM Code       0  aeabi_sdiv.o(.text)
    .text                                    0x0000357c   Section        0  heapauxi.o(.text)
    .text                                    0x0000358c   Section        0  _rserrno.o(.text)
    .text                                    0x000035a8   Section       64  rt_memclr.o(.text)
    .text                                    0x000035ec   Section       12  rt_errno_addr_intlibspace.o(.text)
    .text                                    0x000035f8   Section       84  rt_memclr_w.o(.text)
    .text                                    0x0000364c   Section       12  libspace.o(.text)
    .text                                    0x00003658   Section       96  sys_stackheap_outer.o(.text)
    .text                                    0x000036b8   Section        0  exit.o(.text)
    .text                                    0x000036cc   Section        0  sys_exit.o(.text)
    .text                                    0x000036d8   Section       12  rt_fp_status_addr_intlibspace.o(.text)
    .text                                    0x000036e4   Section        4  use_no_semi.o(.text)
    .text                                    0x000036e8   Section        0  indicate_semi.o(.text)
    PORT_ASM                                 0x000036e8   Section      388  portasm.o(PORT_ASM)
    i.__ARM_fpclassify                       0x0000386c   Section        0  fpclassify.o(i.__ARM_fpclassify)
    i.__ieee754_rem_pio2                     0x0000389c   Section        0  rred.o(i.__ieee754_rem_pio2)
    i.__kernel_cos                           0x00003d8c   Section        0  cos_i.o(i.__kernel_cos)
    i.__kernel_poly                          0x00003f28   Section        0  poly.o(i.__kernel_poly)
    i.__kernel_sin                           0x00004028   Section        0  sin_i.o(i.__kernel_sin)
    i.__mathlib_dbl_underflow                0x000041a8   Section        0  dunder.o(i.__mathlib_dbl_underflow)
    i.atan                                   0x000041bc   Section        0  atan.o(i.atan)
    i.atan2                                  0x00004514   Section        0  atan2.o(i.atan2)
    i.cos                                    0x0000476c   Section        0  cos.o(i.cos)
    i.pow                                    0x00004868   Section        0  pow.o(i.pow)
    i.sin                                    0x00005760   Section        0  sin.o(i.sin)
    i.sqrt                                   0x00005864   Section        0  sqrt.o(i.sqrt)
    x$fpl$d2f                                0x000058d4   Section      108  d2f.o(x$fpl$d2f)
    x$fpl$dadd                               0x00005940   Section      340  daddsub_noclz.o(x$fpl$dadd)
    _dadd1                                   0x00005950   ARM Code       0  daddsub_noclz.o(x$fpl$dadd)
    x$fpl$dcheck1                            0x00005a94   Section       16  dcheck1.o(x$fpl$dcheck1)
    x$fpl$dcmpinf                            0x00005aa4   Section       28  dcmpi.o(x$fpl$dcmpinf)
    x$fpl$ddiv                               0x00005ac0   Section      736  ddiv.o(x$fpl$ddiv)
    ddiv_entry                               0x00005ac8   ARM Code       0  ddiv.o(x$fpl$ddiv)
    x$fpl$dfix                               0x00005da0   Section      112  dfix.o(x$fpl$dfix)
    x$fpl$dflt                               0x00005e10   Section       88  dflt_noclz.o(x$fpl$dflt)
    x$fpl$dfltu                              0x00005e68   Section       12  dflt_noclz.o(x$fpl$dfltu)
    x$fpl$dleqf                              0x00005e74   Section      148  dleqf.o(x$fpl$dleqf)
    x$fpl$dmul                               0x00005f08   Section      384  dmul.o(x$fpl$dmul)
    x$fpl$dnaninf                            0x00006088   Section      192  dnaninf.o(x$fpl$dnaninf)
    x$fpl$dretinf                            0x00006148   Section       16  dretinf.o(x$fpl$dretinf)
    x$fpl$drleqf                             0x00006158   Section      140  drleqf.o(x$fpl$drleqf)
    x$fpl$drsb                               0x000061e4   Section       24  daddsub_noclz.o(x$fpl$drsb)
    x$fpl$dsqrt                              0x000061fc   Section      520  dsqrt_noumaal.o(x$fpl$dsqrt)
    x$fpl$dsub                               0x00006404   Section      580  daddsub_noclz.o(x$fpl$dsub)
    _dsub1                                   0x00006414   ARM Code       0  daddsub_noclz.o(x$fpl$dsub)
    x$fpl$f2d                                0x00006648   Section      100  f2d.o(x$fpl$f2d)
    x$fpl$fadd                               0x000066ac   Section      196  faddsub_noclz.o(x$fpl$fadd)
    _fadd1                                   0x000066b8   ARM Code       0  faddsub_noclz.o(x$fpl$fadd)
    x$fpl$fcmpinf                            0x00006770   Section       28  fcmpi.o(x$fpl$fcmpinf)
    x$fpl$feqf                               0x0000678c   Section      132  feqf.o(x$fpl$feqf)
    x$fpl$ffix                               0x00006810   Section       68  ffix.o(x$fpl$ffix)
    x$fpl$fflt                               0x00006854   Section       92  fflt_noclz.o(x$fpl$fflt)
    x$fpl$fleqf                              0x000068b0   Section      132  fleqf.o(x$fpl$fleqf)
    x$fpl$fmul                               0x00006934   Section      256  fmul.o(x$fpl$fmul)
    x$fpl$fnaninf                            0x00006a34   Section      168  fnaninf.o(x$fpl$fnaninf)
    x$fpl$fpinit                             0x00006ae0   Section       24  fpinit.o(x$fpl$fpinit)
    x$fpl$fretinf                            0x00006af8   Section       16  fretinf.o(x$fpl$fretinf)
    x$fpl$frleqf                             0x00006b08   Section      124  frleqf.o(x$fpl$frleqf)
    x$fpl$frsb                               0x00006b84   Section       20  faddsub_noclz.o(x$fpl$frsb)
    x$fpl$fsub                               0x00006b98   Section      304  faddsub_noclz.o(x$fpl$fsub)
    _fsub1                                   0x00006ba4   ARM Code       0  faddsub_noclz.o(x$fpl$fsub)
    x$fpl$retnan                             0x00006cc8   Section      116  retnan.o(x$fpl$retnan)
    x$fpl$scalbn                             0x00006d3c   Section      108  scalbn.o(x$fpl$scalbn)
    x$fpl$trapveneer                         0x00006da8   Section       60  trapv.o(x$fpl$trapveneer)
    x$fpl$usenofp                            0x00006de4   Section        0  usenofp.o(x$fpl$usenofp)
    .constdata                               0x00006de8   Section      136  pow.o(.constdata)
    bp                                       0x00006de8   Data          16  pow.o(.constdata)
    dp_h                                     0x00006df8   Data          16  pow.o(.constdata)
    dp_l                                     0x00006e08   Data          16  pow.o(.constdata)
    L                                        0x00006e18   Data          48  pow.o(.constdata)
    P                                        0x00006e48   Data          40  pow.o(.constdata)
    .constdata                               0x00006e70   Section      152  atan.o(.constdata)
    atanhi                                   0x00006e70   Data          32  atan.o(.constdata)
    atanlo                                   0x00006e90   Data          32  atan.o(.constdata)
    aTodd                                    0x00006eb0   Data          40  atan.o(.constdata)
    aTeven                                   0x00006ed8   Data          48  atan.o(.constdata)
    .constdata                               0x00006f08   Section       48  cos_i.o(.constdata)
    C                                        0x00006f08   Data          48  cos_i.o(.constdata)
    .constdata                               0x00006f38   Section        8  qnan.o(.constdata)
    .constdata                               0x00006f40   Section      200  rred.o(.constdata)
    pio2s                                    0x00006f40   Data          48  rred.o(.constdata)
    twooverpi                                0x00006f70   Data         152  rred.o(.constdata)
    .constdata                               0x00007008   Section       40  sin_i.o(.constdata)
    S                                        0x00007008   Data          40  sin_i.o(.constdata)
    .data                                    0x40000000   Section       60  tasks.o(.data)
    uxTasksDeleted                           0x40000004   Data           4  tasks.o(.data)
    uxCurrentNumberOfTasks                   0x40000008   Data           4  tasks.o(.data)
    xTickCount                               0x4000000c   Data           4  tasks.o(.data)
    uxTopUsedPriority                        0x40000010   Data           4  tasks.o(.data)
    uxTopReadyPriority                       0x40000014   Data           4  tasks.o(.data)
    xSchedulerRunning                        0x40000018   Data           4  tasks.o(.data)
    uxSchedulerSuspended                     0x4000001c   Data           4  tasks.o(.data)
    uxMissedTicks                            0x40000020   Data           4  tasks.o(.data)
    xMissedYield                             0x40000024   Data           4  tasks.o(.data)
    xNumOfOverflows                          0x40000028   Data           4  tasks.o(.data)
    uxTCBNumber                              0x4000002c   Data           4  tasks.o(.data)
    xNextTaskUnblockTime                     0x40000030   Data           4  tasks.o(.data)
    pxDelayedTaskList                        0x40000034   Data           4  tasks.o(.data)
    pxOverflowDelayedTaskList                0x40000038   Data           4  tasks.o(.data)
    .data                                    0x4000003c   Section        4  port.o(.data)
    .data                                    0x40000040   Section       24  heap_2.o(.data)
    xFreeBytesRemaining                      0x40000040   Data           4  heap_2.o(.data)
    xHeapHasBeenInitialised                  0x40000044   Data           4  heap_2.o(.data)
    xStart                                   0x40000048   Data           8  heap_2.o(.data)
    xEnd                                     0x40000050   Data           8  heap_2.o(.data)
    .data                                    0x40000058   Section      368  main.o(.data)
    .bss                                     0x400001c8   Section      220  tasks.o(.bss)
    pxReadyTasksLists                        0x400001c8   Data         120  tasks.o(.bss)
    xDelayedTaskList1                        0x40000240   Data          20  tasks.o(.bss)
    xDelayedTaskList2                        0x40000254   Data          20  tasks.o(.bss)
    xPendingReadyList                        0x40000268   Data          20  tasks.o(.bss)
    xTasksWaitingTermination                 0x4000027c   Data          20  tasks.o(.bss)
    xSuspendedTaskList                       0x40000290   Data          20  tasks.o(.bss)
    .bss                                     0x400002a8   Section    13312  heap_2.o(.bss)
    xHeap                                    0x400002a8   Data       13312  heap_2.o(.bss)
    .bss                                     0x400036a8   Section       45  main.o(.bss)
    .bss                                     0x400036d8   Section       96  libspace.o(.bss)
    HEAP                                     0x40003738   Section        0  startup.o(HEAP)
    STACK                                    0x40003738   Section     1568  startup.o(STACK)
    Heap_Mem                                 0x40003738   Data           0  startup.o(HEAP)
    Stack_Mem                                0x40003738   Data        1568  startup.o(STACK)
    Stack_Top                                0x40003d58   Data           0  startup.o(STACK)

    Global Symbols

    Symbol Name                              Value     Ov Type        Size  Object(Section)

    BuildAttributes$$THM_ISAv1$ARM_ISAv4$S$PE$A:L22$X:L11$S22$IEEE1$IW$USESV6$~STKCKD$USESV7$~SHL$OTIME$ROPI$IEEEX$EBA8$UX$STANDARDLIB$REQ8$PRES8$EABIv2 0x00000000   Number         0  anon$$obj.o ABSOLUTE
    __ARM_use_no_argv                        0x00000000   Number         0  main.o ABSOLUTE
    __ARM_exceptions_init                     - Undefined Weak Reference
    __alloca_initialize                       - Undefined Weak Reference
    __cpp_initialize__aeabi_                  - Undefined Weak Reference
    __cxa_finalize                            - Undefined Weak Reference
    __fpl_infinity                            - Undefined Weak Reference
    __rt_locale                               - Undefined Weak Reference
    __sigvec_lookup                           - Undefined Weak Reference
    _atexit_init                              - Undefined Weak Reference
    _call_atexit_fns                          - Undefined Weak Reference
    _clock_init                               - Undefined Weak Reference
    _fp_trap_init                             - Undefined Weak Reference
    _fp_trap_shutdown                         - Undefined Weak Reference
    _get_lc_collate                           - Undefined Weak Reference
    _get_lc_ctype                             - Undefined Weak Reference
    _get_lc_monetary                          - Undefined Weak Reference
    _get_lc_numeric                           - Undefined Weak Reference
    _get_lc_time                              - Undefined Weak Reference
    _getenv_init                              - Undefined Weak Reference
    _handle_redirection                       - Undefined Weak Reference
    _init_alloc                               - Undefined Weak Reference
    _init_user_alloc                          - Undefined Weak Reference
    _initio                                   - Undefined Weak Reference
    _rand_init                                - Undefined Weak Reference
    _signal_finish                            - Undefined Weak Reference
    _signal_init                              - Undefined Weak Reference
    _terminate_alloc                          - Undefined Weak Reference
    _terminate_user_alloc                     - Undefined Weak Reference
    _terminateio                              - Undefined Weak Reference
    Reset_Handler                            0x00000054   ARM Code       0  startup.o(RESET)
    __main                                   0x00000100   ARM Code       8  __main.o(!!!main)
    __scatterload                            0x00000108   ARM Code       0  __scatter.o(!!!scatter)
    __scatterload_rt2                        0x00000108   ARM Code      52  __scatter.o(!!!scatter)
    __scatterload_null                       0x0000011c   ARM Code       0  __scatter.o(!!!scatter)
    __decompress                             0x00000144   ARM Code      92  __dczerorl2.o(!!dczerorl2)
    __decompress1                            0x00000144   ARM Code       0  __dczerorl2.o(!!dczerorl2)
    __scatterload_zeroinit                   0x000001a0   ARM Code      44  __scatter_zi.o(!!handler_zi)
    Inline ARM to Thumb Veneer to __rt_lib_init 0x000001cc   ARM Code       8  libinit.o(.ARM.Collect$$libinit$$00000000)
    __rt_lib_init                            0x000001d5   Thumb Code     0  libinit.o(.ARM.Collect$$libinit$$00000000)
    __rt_lib_init_alloca_1                   0x000001db   Thumb Code     0  libinit2.o(.ARM.Collect$$libinit$$0000002A)
    __rt_lib_init_argv_1                     0x000001db   Thumb Code     0  libinit2.o(.ARM.Collect$$libinit$$00000028)
    __rt_lib_init_atexit_1                   0x000001db   Thumb Code     0  libinit2.o(.ARM.Collect$$libinit$$00000017)
    __rt_lib_init_clock_1                    0x000001db   Thumb Code     0  libinit2.o(.ARM.Collect$$libinit$$0000001D)
    __rt_lib_init_cpp_1                      0x000001db   Thumb Code     0  libinit2.o(.ARM.Collect$$libinit$$0000002E)
    __rt_lib_init_exceptions_1               0x000001db   Thumb Code     0  libinit2.o(.ARM.Collect$$libinit$$0000002C)
    __rt_lib_init_fp_trap_1                  0x000001db   Thumb Code     0  libinit2.o(.ARM.Collect$$libinit$$0000001B)
    __rt_lib_init_getenv_1                   0x000001db   Thumb Code     0  libinit2.o(.ARM.Collect$$libinit$$0000001F)
    __rt_lib_init_heap_1                     0x000001db   Thumb Code     0  libinit2.o(.ARM.Collect$$libinit$$00000006)
    __rt_lib_init_lc_collate_1               0x000001db   Thumb Code     0  libinit2.o(.ARM.Collect$$libinit$$0000000D)
    __rt_lib_init_lc_ctype_1                 0x000001db   Thumb Code     0  libinit2.o(.ARM.Collect$$libinit$$0000000F)
    __rt_lib_init_lc_monetary_1              0x000001db   Thumb Code     0  libinit2.o(.ARM.Collect$$libinit$$00000011)
    __rt_lib_init_lc_numeric_1               0x000001db   Thumb Code     0  libinit2.o(.ARM.Collect$$libinit$$00000013)
    __rt_lib_init_lc_time_1                  0x000001db   Thumb Code     0  libinit2.o(.ARM.Collect$$libinit$$00000015)
    __rt_lib_init_rand_1                     0x000001db   Thumb Code     0  libinit2.o(.ARM.Collect$$libinit$$0000000A)
    __rt_lib_init_return                     0x000001db   Thumb Code     0  libinit2.o(.ARM.Collect$$libinit$$0000002F)
    __rt_lib_init_signal_1                   0x000001db   Thumb Code     0  libinit2.o(.ARM.Collect$$libinit$$00000019)
    __rt_lib_init_stdio_1                    0x000001db   Thumb Code     0  libinit2.o(.ARM.Collect$$libinit$$00000021)
    __rt_lib_init_user_alloc_1               0x000001db   Thumb Code     0  libinit2.o(.ARM.Collect$$libinit$$00000008)
    Inline ARM to Thumb Veneer to __rt_lib_shutdown 0x000001e8   ARM Code       8  libshutdown.o(.ARM.Collect$$libshutdown$$00000000)
    __rt_lib_shutdown                        0x000001f1   Thumb Code     0  libshutdown.o(.ARM.Collect$$libshutdown$$00000000)
    __rt_lib_shutdown_fp_trap_1              0x000001f5   Thumb Code     0  libshutdown2.o(.ARM.Collect$$libshutdown$$00000006)
    __rt_lib_shutdown_heap_1                 0x000001f5   Thumb Code     0  libshutdown2.o(.ARM.Collect$$libshutdown$$0000000E)
    __rt_lib_shutdown_return                 0x000001f5   Thumb Code     0  libshutdown2.o(.ARM.Collect$$libshutdown$$0000000F)
    __rt_lib_shutdown_signal_1               0x000001f5   Thumb Code     0  libshutdown2.o(.ARM.Collect$$libshutdown$$00000009)
    __rt_lib_shutdown_stdio_1                0x000001f5   Thumb Code     0  libshutdown2.o(.ARM.Collect$$libshutdown$$00000003)
    __rt_lib_shutdown_user_alloc_1           0x000001f5   Thumb Code     0  libshutdown2.o(.ARM.Collect$$libshutdown$$0000000B)
    __rt_entry                               0x000001fc   ARM Code       0  rtentry.o(.ARM.Collect$$rtentry$$00000000)
    __rt_entry_presh_1                       0x000001fc   ARM Code       0  rtentry2.o(.ARM.Collect$$rtentry$$00000002)
    __rt_entry_sh                            0x000001fc   ARM Code       0  rtentry4.o(.ARM.Collect$$rtentry$$00000004)
    __rt_entry_li                            0x00000204   ARM Code       0  rtentry2.o(.ARM.Collect$$rtentry$$0000000A)
    __rt_entry_postsh_1                      0x00000204   ARM Code       0  rtentry2.o(.ARM.Collect$$rtentry$$00000009)
    __rt_entry_main                          0x00000208   ARM Code       0  rtentry2.o(.ARM.Collect$$rtentry$$0000000D)
    __rt_entry_postli_1                      0x00000208   ARM Code       0  rtentry2.o(.ARM.Collect$$rtentry$$0000000C)
    Inline Thumb to ARM Veneer to __rt_exit  0x00000231   Thumb Code     4  rtexit.o(.ARM.Collect$$rtexit$$00000000)
    __rt_exit                                0x00000234   ARM Code       0  rtexit.o(.ARM.Collect$$rtexit$$00000000)
    __rt_exit_ls                             0x00000238   ARM Code       0  rtexit2.o(.ARM.Collect$$rtexit$$00000003)
    __rt_exit_prels_1                        0x00000238   ARM Code       0  rtexit2.o(.ARM.Collect$$rtexit$$00000002)
    __rt_exit_exit                           0x0000023c   ARM Code       0  rtexit2.o(.ARM.Collect$$rtexit$$00000004)
    __user_initial_stackheap                 0x00000244   ARM Code       0  startup.o(.text)
    xTaskGenericCreate                       0x000003b0   ARM Code     428  tasks.o(.text)
    vTaskDelete                              0x0000055c   ARM Code     180  tasks.o(.text)
    vTaskIncrementTick                       0x00000610   ARM Code     452  tasks.o(.text)
    xTaskResumeAll                           0x000007d4   ARM Code     348  tasks.o(.text)
    vTaskSuspendAll                          0x000009a8   ARM Code      24  tasks.o(.text)
    vTaskDelayUntil                          0x000009c0   ARM Code     180  tasks.o(.text)
    vTaskDelay                               0x00000a74   ARM Code      88  tasks.o(.text)
    uxTaskPriorityGet                        0x00000acc   ARM Code      60  tasks.o(.text)
    vTaskPrioritySet                         0x00000b08   ARM Code     252  tasks.o(.text)
    vTaskSwitchContext                       0x00000c04   ARM Code     168  tasks.o(.text)
    vTaskSuspend                             0x00000cac   ARM Code     188  tasks.o(.text)
    xTaskIsTaskSuspended                     0x00000d68   ARM Code     124  tasks.o(.text)
    vTaskResume                              0x00000de4   ARM Code     160  tasks.o(.text)
    xTaskResumeFromISR                       0x00000e84   ARM Code     184  tasks.o(.text)
    vTaskStartScheduler                      0x00001018   ARM Code     200  tasks.o(.text)
    vTaskEndScheduler                        0x000010e0   ARM Code      40  tasks.o(.text)
    xTaskGetTickCount                        0x00001108   ARM Code      32  tasks.o(.text)
    xTaskGetTickCountFromISR                 0x00001128   ARM Code      16  tasks.o(.text)
    uxTaskGetNumberOfTasks                   0x00001138   ARM Code      12  tasks.o(.text)
    vTaskPlaceOnEventList                    0x00001144   ARM Code     108  tasks.o(.text)
    xTaskRemoveFromEventList                 0x000011b0   ARM Code     168  tasks.o(.text)
    vTaskSetTimeOutState                     0x00001258   ARM Code      28  tasks.o(.text)
    xTaskCheckForTimeOut                     0x00001274   ARM Code     176  tasks.o(.text)
    vTaskMissedYield                         0x00001324   ARM Code      16  tasks.o(.text)
    vListInitialise                          0x00001334   ARM Code      44  list.o(.text)
    vListInitialiseItem                      0x00001360   ARM Code      12  list.o(.text)
    vListInsertEnd                           0x0000136c   ARM Code      56  list.o(.text)
    vListInsert                              0x000013a4   ARM Code      96  list.o(.text)
    vListRemove                              0x00001404   ARM Code      68  list.o(.text)
    pxPortInitialiseStack                    0x00001448   ARM Code     236  port.o(.text)
    xPortStartScheduler                      0x0000153c   ARM Code      24  port.o(.text)
    vPortEndScheduler                        0x00001554   ARM Code       4  port.o(.text)
    vPortEnterCritical                       0x00001558   ARM Code      36  port.o(.text)
    vPortExitCritical                        0x0000157c   ARM Code      68  port.o(.text)
    pvPortMalloc                             0x000015dc   ARM Code     352  heap_2.o(.text)
    vPortFree                                0x0000173c   ARM Code     112  heap_2.o(.text)
    xPortGetFreeHeapSize                     0x000017ac   ARM Code      12  heap_2.o(.text)
    vPortInitialiseBlocks                    0x000017b8   ARM Code       4  heap_2.o(.text)
    delay1                                   0x000017d0   ARM Code      52  main.o(.text)
    send1                                    0x00001804   ARM Code      56  main.o(.text)
    call_enter                               0x0000183c   ARM Code      36  main.o(.text)
    call_Z                                   0x00001860   ARM Code      36  main.o(.text)
    new_line                                 0x00001884   ARM Code      36  main.o(.text)
    sms                                      0x000018a8   ARM Code     324  main.o(.text)
    alert                                    0x000019ec   ARM Code      80  main.o(.text)
    dist_calc                                0x00001a3c   ARM Code     964  main.o(.text)
    speed_calc                               0x00001e00   ARM Code    1032  main.o(.text)
    buzzer                                   0x00002208   ARM Code      68  main.o(.text)
    check                                    0x0000224c   ARM Code     232  main.o(.text)
    A2D                                      0x00002334   ARM Code     124  main.o(.text)
    uart_isr                                 0x00002894   ARM Code     532  main.o(.text)
    timer_isr1                               0x00002aa8   ARM Code     160  main.o(.text)
    timer_isr                                0x00002b48   ARM Code     148  main.o(.text)
    main                                     0x00002bdc   ARM Code     604  main.o(.text)
    stof                                     0x00002e88   ARM Code     448  stof.o(.text)
    ftos                                     0x0000304c   ARM Code     364  ftos.o(.text)
    delay                                    0x000031bc   ARM Code      52  lcdcmd.o(.text)
    lcd_cmd                                  0x000031f0   ARM Code     148  lcdcmd.o(.text)
    lcd_data                                 0x00003284   ARM Code     140  lcdcmd.o(.text)
    lcd_init                                 0x00003310   ARM Code      92  lcdcmd.o(.text)
    __aeabi_memset                           0x0000337c   ARM Code      16  aeabi_memset.o(.text)
    strncpy                                  0x0000338c   ARM Code     108  strncpy.o(.text)
    __aeabi_idiv                             0x000033fc   ARM Code       0  aeabi_sdiv.o(.text)
    __aeabi_idivmod                          0x000033fc   ARM Code     384  aeabi_sdiv.o(.text)
    __use_two_region_memory                  0x0000357d   Thumb Code     2  heapauxi.o(.text)
    __rt_heap_escrow$2region                 0x0000357f   Thumb Code     2  heapauxi.o(.text)
    __rt_heap_expand$2region                 0x00003581   Thumb Code     2  heapauxi.o(.text)
    Inline ARM to Thumb Veneer to __set_errno 0x00003584   ARM Code       8  _rserrno.o(.text)
    __read_errno                             0x0000358d   Thumb Code    14  _rserrno.o(.text)
    __set_errno                              0x0000359b   Thumb Code    12  _rserrno.o(.text)
    __aeabi_memclr                           0x000035a8   ARM Code       0  rt_memclr.o(.text)
    __rt_memclr                              0x000035a8   ARM Code      64  rt_memclr.o(.text)
    _memset                                  0x000035ac   ARM Code       0  rt_memclr.o(.text)
    Inline Thumb to ARM Veneer to __aeabi_errno_addr 0x000035e9   Thumb Code     4  rt_errno_addr_intlibspace.o(.text)
    __aeabi_errno_addr                       0x000035ec   ARM Code      12  rt_errno_addr_intlibspace.o(.text)
    __errno$intlibspace                      0x000035ec   ARM Code       0  rt_errno_addr_intlibspace.o(.text)
    __rt_errno_addr$intlibspace              0x000035ec   ARM Code       0  rt_errno_addr_intlibspace.o(.text)
    __aeabi_memclr4                          0x000035f8   ARM Code       0  rt_memclr_w.o(.text)
    __aeabi_memclr8                          0x000035f8   ARM Code       0  rt_memclr_w.o(.text)
    __rt_memclr_w                            0x000035f8   ARM Code      84  rt_memclr_w.o(.text)
    _memset_w                                0x000035fc   ARM Code       0  rt_memclr_w.o(.text)
    __user_libspace                          0x0000364c   ARM Code      12  libspace.o(.text)
    __user_perproc_libspace                  0x0000364c   ARM Code       0  libspace.o(.text)
    __user_perthread_libspace                0x0000364c   ARM Code       0  libspace.o(.text)
    __user_setup_stackheap                   0x00003658   ARM Code      96  sys_stackheap_outer.o(.text)
    exit                                     0x000036b9   Thumb Code    12  exit.o(.text)
    Inline ARM to Thumb Veneer to _sys_exit  0x000036c4   ARM Code       8  sys_exit.o(.text)
    _sys_exit                                0x000036cd   Thumb Code     8  sys_exit.o(.text)
    __rt_fp_status_addr                      0x000036d8   ARM Code      12  rt_fp_status_addr_intlibspace.o(.text)
    __I$use$semihosting                      0x000036e4   ARM Code       0  use_no_semi.o(.text)
    __use_no_semihosting_swi                 0x000036e4   ARM Code       4  use_no_semi.o(.text)
    __semihosting_library_function           0x000036e8   ARM Code       0  indicate_semi.o(.text)
    vPortStartFirstTask                      0x000036e8   ARM Code       0  portasm.o(PORT_ASM)
    vPortYield                               0x00003718   ARM Code       0  portasm.o(PORT_ASM)
    vPortYieldProcessor                      0x00003720   ARM Code       0  portasm.o(PORT_ASM)
    vPreemptiveTick                          0x000037ac   ARM Code       0  portasm.o(PORT_ASM)
    __ARM_fpclassify                         0x0000386c   ARM Code      48  fpclassify.o(i.__ARM_fpclassify)
    __ieee754_rem_pio2                       0x0000389c   ARM Code    1200  rred.o(i.__ieee754_rem_pio2)
    __kernel_cos                             0x00003d8c   ARM Code     404  cos_i.o(i.__kernel_cos)
    __kernel_poly                            0x00003f28   ARM Code     256  poly.o(i.__kernel_poly)
    __kernel_sin                             0x00004028   ARM Code     372  sin_i.o(i.__kernel_sin)
    __mathlib_dbl_underflow                  0x000041a8   ARM Code      20  dunder.o(i.__mathlib_dbl_underflow)
    atan                                     0x000041bc   ARM Code     828  atan.o(i.atan)
    atan2                                    0x00004514   ARM Code     568  atan2.o(i.atan2)
    cos                                      0x0000476c   ARM Code     248  cos.o(i.cos)
    pow                                      0x00004868   ARM Code    3832  pow.o(i.pow)
    sin                                      0x00005760   ARM Code     256  sin.o(i.sin)
    sqrt                                     0x00005864   ARM Code     112  sqrt.o(i.sqrt)
    __aeabi_d2f                              0x000058d4   ARM Code       0  d2f.o(x$fpl$d2f)
    _d2f                                     0x000058d4   ARM Code     108  d2f.o(x$fpl$d2f)
    __aeabi_dadd                             0x00005940   ARM Code       0  daddsub_noclz.o(x$fpl$dadd)
    _dadd                                    0x00005940   ARM Code     336  daddsub_noclz.o(x$fpl$dadd)
    __fpl_dcheck_NaN1                        0x00005a94   ARM Code      12  dcheck1.o(x$fpl$dcheck1)
    __fpl_dcmp_Inf                           0x00005aa4   ARM Code      28  dcmpi.o(x$fpl$dcmpinf)
    __aeabi_ddiv                             0x00005ac0   ARM Code       0  ddiv.o(x$fpl$ddiv)
    _ddiv                                    0x00005ac0   ARM Code     600  ddiv.o(x$fpl$ddiv)
    __aeabi_d2iz                             0x00005da0   ARM Code       0  dfix.o(x$fpl$dfix)
    _dfix                                    0x00005da0   ARM Code     112  dfix.o(x$fpl$dfix)
    __aeabi_i2d                              0x00005e10   ARM Code       0  dflt_noclz.o(x$fpl$dflt)
    _dflt                                    0x00005e10   ARM Code      88  dflt_noclz.o(x$fpl$dflt)
    __dflt_normalise                         0x00005e20   ARM Code       0  dflt_noclz.o(x$fpl$dflt)
    __aeabi_ui2d                             0x00005e68   ARM Code       0  dflt_noclz.o(x$fpl$dfltu)
    _dfltu                                   0x00005e68   ARM Code      12  dflt_noclz.o(x$fpl$dfltu)
    __aeabi_cdcmple                          0x00005e74   ARM Code       0  dleqf.o(x$fpl$dleqf)
    _dcmple                                  0x00005e74   ARM Code     148  dleqf.o(x$fpl$dleqf)
    __fpl_dcmple_InfNaN                      0x00005ef0   ARM Code       0  dleqf.o(x$fpl$dleqf)
    __aeabi_dmul                             0x00005f08   ARM Code       0  dmul.o(x$fpl$dmul)
    _dmul                                    0x00005f08   ARM Code     372  dmul.o(x$fpl$dmul)
    __fpl_dnaninf                            0x00006088   ARM Code     192  dnaninf.o(x$fpl$dnaninf)
    __fpl_dretinf                            0x00006148   ARM Code      16  dretinf.o(x$fpl$dretinf)
    __aeabi_cdrcmple                         0x00006158   ARM Code       0  drleqf.o(x$fpl$drleqf)
    _drcmple                                 0x00006158   ARM Code     140  drleqf.o(x$fpl$drleqf)
    __aeabi_drsub                            0x000061e4   ARM Code       0  daddsub_noclz.o(x$fpl$drsb)
    _drsb                                    0x000061e4   ARM Code      24  daddsub_noclz.o(x$fpl$drsb)
    _dsqrt                                   0x000061fc   ARM Code     516  dsqrt_noumaal.o(x$fpl$dsqrt)
    __aeabi_dsub                             0x00006404   ARM Code       0  daddsub_noclz.o(x$fpl$dsub)
    _dsub                                    0x00006404   ARM Code     576  daddsub_noclz.o(x$fpl$dsub)
    __aeabi_f2d                              0x00006648   ARM Code       0  f2d.o(x$fpl$f2d)
    _f2d                                     0x00006648   ARM Code     100  f2d.o(x$fpl$f2d)
    __aeabi_fadd                             0x000066ac   ARM Code       0  faddsub_noclz.o(x$fpl$fadd)
    _fadd                                    0x000066ac   ARM Code     196  faddsub_noclz.o(x$fpl$fadd)
    __fpl_fcmp_Inf                           0x00006770   ARM Code      28  fcmpi.o(x$fpl$fcmpinf)
    __aeabi_cfcmpeq                          0x0000678c   ARM Code       0  feqf.o(x$fpl$feqf)
    _fcmpeq                                  0x0000678c   ARM Code     132  feqf.o(x$fpl$feqf)
    __aeabi_f2iz                             0x00006810   ARM Code       0  ffix.o(x$fpl$ffix)
    _ffix                                    0x00006810   ARM Code      68  ffix.o(x$fpl$ffix)
    __aeabi_i2f                              0x00006854   ARM Code       0  fflt_noclz.o(x$fpl$fflt)
    _fflt                                    0x00006854   ARM Code      92  fflt_noclz.o(x$fpl$fflt)
    __fflt_normalise                         0x00006860   ARM Code       0  fflt_noclz.o(x$fpl$fflt)
    __aeabi_cfcmple                          0x000068b0   ARM Code       0  fleqf.o(x$fpl$fleqf)
    _fcmple                                  0x000068b0   ARM Code     132  fleqf.o(x$fpl$fleqf)
    __fpl_fcmple_InfNaN                      0x0000691c   ARM Code       0  fleqf.o(x$fpl$fleqf)
    __aeabi_fmul                             0x00006934   ARM Code       0  fmul.o(x$fpl$fmul)
    _fmul                                    0x00006934   ARM Code     256  fmul.o(x$fpl$fmul)
    __fpl_fnaninf                            0x00006a34   ARM Code     168  fnaninf.o(x$fpl$fnaninf)
    Inline Thumb to ARM Veneer to _fp_init   0x00006add   Thumb Code     4  fpinit.o(x$fpl$fpinit)
    _fp_init                                 0x00006ae0   ARM Code      24  fpinit.o(x$fpl$fpinit)
    __fplib_config_pureend_doubles           0x00006af0   ARM Code       0  fpinit.o(x$fpl$fpinit)
    __fpl_fretinf                            0x00006af8   ARM Code      16  fretinf.o(x$fpl$fretinf)
    __aeabi_cfrcmple                         0x00006b08   ARM Code       0  frleqf.o(x$fpl$frleqf)
    _frcmple                                 0x00006b08   ARM Code     124  frleqf.o(x$fpl$frleqf)
    __aeabi_frsub                            0x00006b84   ARM Code       0  faddsub_noclz.o(x$fpl$frsb)
    _frsb                                    0x00006b84   ARM Code      20  faddsub_noclz.o(x$fpl$frsb)
    __aeabi_fsub                             0x00006b98   ARM Code       0  faddsub_noclz.o(x$fpl$fsub)
    _fsub                                    0x00006b98   ARM Code     304  faddsub_noclz.o(x$fpl$fsub)
    __fpl_return_NaN                         0x00006cc8   ARM Code     116  retnan.o(x$fpl$retnan)
    __ARM_scalbn                             0x00006d3c   ARM Code     108  scalbn.o(x$fpl$scalbn)
    __fpl_inf_scalbn                         0x00006da4   ARM Code       0  scalbn.o(x$fpl$scalbn)
    __fpl_cmpreturn                          0x00006da8   ARM Code      60  trapv.o(x$fpl$trapveneer)
    __I$use$fp                               0x00006de4   ARM Code       0  usenofp.o(x$fpl$usenofp)
    __mathlib_zero                           0x00006f38   Data           8  qnan.o(.constdata)
    Region$$Table$$Base                      0x00007030   Number         0  anon$$obj.o(Region$$Table)
    Region$$Table$$Limit                     0x00007050   Number         0  anon$$obj.o(Region$$Table)
    pxCurrentTCB                             0x40000000   Data           4  tasks.o(.data)
    ulCriticalNesting                        0x4000003c   Data           4  port.o(.data)
    wal                                      0x40000058   Data          11  main.o(.data)
    as                                       0x40000063   Data           9  main.o(.data)
    R1                                       0x4000006c   Data           5  main.o(.data)
    R2                                       0x40000071   Data          12  main.o(.data)
    R3                                       0x4000007d   Data          23  main.o(.data)
    R4                                       0x40000094   Data          11  main.o(.data)
    R5                                       0x4000009f   Data          16  main.o(.data)
    R6                                       0x400000af   Data          17  main.o(.data)
    R7                                       0x400000c0   Data          19  main.o(.data)
    s1                                       0x400000d3   Data           5  main.o(.data)
    s2                                       0x400000d8   Data          12  main.o(.data)
    s3                                       0x400000e4   Data          12  main.o(.data)
    s4                                       0x400000f0   Data          12  main.o(.data)
    b                                        0x400000fc   Data           9  main.o(.data)
    w                                        0x40000105   Data          10  main.o(.data)
    M                                        0x4000010f   Data          12  main.o(.data)
    wd                                       0x4000011b   Data          12  main.o(.data)
    val                                      0x40000128   Data           4  main.o(.data)
    ss                                       0x4000012c   Data           4  main.o(.data)
    dist                                     0x40000130   Data           4  main.o(.data)
    data                                     0x40000134   Data           1  main.o(.data)
    latd1                                    0x40000138   Data           8  main.o(.data)
    longd1                                   0x40000140   Data           8  main.o(.data)
    flag                                     0x40000148   Data           4  main.o(.data)
    i                                        0x4000014c   Data           1  main.o(.data)
    t                                        0x4000014d   Data           1  main.o(.data)
    lat1                                     0x40000150   Data           8  main.o(.data)
    long1                                    0x40000158   Data           8  main.o(.data)
    lat2                                     0x40000160   Data           8  main.o(.data)
    long2                                    0x40000168   Data           8  main.o(.data)
    dlat                                     0x40000170   Data           8  main.o(.data)
    dlong                                    0x40000178   Data           8  main.o(.data)
    p                                        0x40000180   Data           8  main.o(.data)
    q                                        0x40000188   Data           8  main.o(.data)
    d                                        0x40000190   Data           8  main.o(.data)
    s                                        0x40000198   Data           8  main.o(.data)
    ptr                                      0x400001a0   Data           4  main.o(.data)
    str                                      0x400001a4   Data           4  main.o(.data)
    z                                        0x400001a8   Data           4  main.o(.data)
    a                                        0x400001ac   Data           4  main.o(.data)
    m                                        0x400001b0   Data           4  main.o(.data)
    n                                        0x400001b4   Data           4  main.o(.data)
    cnt                                      0x400001b8   Data           4  main.o(.data)
    xHandle                                  0x400001bc   Data           4  main.o(.data)
    xHandle1                                 0x400001c0   Data           4  main.o(.data)
    xHandle2                                 0x400001c4   Data           4  main.o(.data)
    longi_data                               0x400036a8   Data          13  main.o(.bss)
    lati_data                                0x400036b5   Data          12  main.o(.bss)
    x                                        0x400036c1   Data          10  main.o(.bss)
    y                                        0x400036cb   Data          10  main.o(.bss)
    __libspace_start                         0x400036d8   Data          96  libspace.o(.bss)
    __temporary_stack_top$libspace           0x40003738   Data           0  libspace.o(.bss)



==============================================================================

Memory Map of the image

  Image Entry point : 0x00000100

  Load Region LR_IROM1 (Base: 0x00000000, Size: 0x00007218, Max: 0x00040000, ABSOLUTE, COMPRESSED[0x00007100])

    Execution Region ER_IROM1 (Base: 0x00000000, Size: 0x00007050, Max: 0x00040000, ABSOLUTE)

    Base Addr    Size         Type   Attr      Idx    E Section Name        Object

    0x00000000   0x00000100   Code   RO            3    RESET               startup.o
    0x00000100   0x00000008   Code   RO          313  * !!!main             c_t.l(__main.o)
    0x00000108   0x0000003c   Code   RO          649    !!!scatter          c_t.l(__scatter.o)
    0x00000144   0x0000005c   Code   RO          647    !!dczerorl2         c_t.l(__dczerorl2.o)
    0x000001a0   0x0000002c   Code   RO          651    !!handler_zi        c_t.l(__scatter_zi.o)
    0x000001cc   0x00000008   Ven    RO          513    .ARM.Collect$$libinit$$00000000  c_t.l(libinit.o)
    0x000001d4   0x00000006   Code   RO          513    .ARM.Collect$$libinit$$00000000  c_t.l(libinit.o)
    0x000001da   0x00000000   Code   RO          526    .ARM.Collect$$libinit$$00000006  c_t.l(libinit2.o)
    0x000001da   0x00000000   Code   RO          528    .ARM.Collect$$libinit$$00000008  c_t.l(libinit2.o)
    0x000001da   0x00000000   Code   RO          530    .ARM.Collect$$libinit$$0000000A  c_t.l(libinit2.o)
    0x000001da   0x00000000   Code   RO          533    .ARM.Collect$$libinit$$0000000D  c_t.l(libinit2.o)
    0x000001da   0x00000000   Code   RO          535    .ARM.Collect$$libinit$$0000000F  c_t.l(libinit2.o)
    0x000001da   0x00000000   Code   RO          537    .ARM.Collect$$libinit$$00000011  c_t.l(libinit2.o)
    0x000001da   0x00000000   Code   RO          539    .ARM.Collect$$libinit$$00000013  c_t.l(libinit2.o)
    0x000001da   0x00000000   Code   RO          541    .ARM.Collect$$libinit$$00000015  c_t.l(libinit2.o)
    0x000001da   0x00000000   Code   RO          543    .ARM.Collect$$libinit$$00000017  c_t.l(libinit2.o)
    0x000001da   0x00000000   Code   RO          545    .ARM.Collect$$libinit$$00000019  c_t.l(libinit2.o)
    0x000001da   0x00000000   Code   RO          547    .ARM.Collect$$libinit$$0000001B  c_t.l(libinit2.o)
    0x000001da   0x00000000   Code   RO          549    .ARM.Collect$$libinit$$0000001D  c_t.l(libinit2.o)
    0x000001da   0x00000000   Code   RO          551    .ARM.Collect$$libinit$$0000001F  c_t.l(libinit2.o)
    0x000001da   0x00000000   Code   RO          553    .ARM.Collect$$libinit$$00000021  c_t.l(libinit2.o)
    0x000001da   0x00000000   Code   RO          557    .ARM.Collect$$libinit$$00000028  c_t.l(libinit2.o)
    0x000001da   0x00000000   Code   RO          559    .ARM.Collect$$libinit$$0000002A  c_t.l(libinit2.o)
    0x000001da   0x00000000   Code   RO          561    .ARM.Collect$$libinit$$0000002C  c_t.l(libinit2.o)
    0x000001da   0x00000000   Code   RO          563    .ARM.Collect$$libinit$$0000002E  c_t.l(libinit2.o)
    0x000001da   0x0000000c   Code   RO          564    .ARM.Collect$$libinit$$0000002F  c_t.l(libinit2.o)
    0x000001e6   0x00000002   PAD
    0x000001e8   0x00000008   Ven    RO          605    .ARM.Collect$$libshutdown$$00000000  c_t.l(libshutdown.o)
    0x000001f0   0x00000004   Code   RO          605    .ARM.Collect$$libshutdown$$00000000  c_t.l(libshutdown.o)
    0x000001f4   0x00000000   Code   RO          632    .ARM.Collect$$libshutdown$$00000003  c_t.l(libshutdown2.o)
    0x000001f4   0x00000000   Code   RO          635    .ARM.Collect$$libshutdown$$00000006  c_t.l(libshutdown2.o)
    0x000001f4   0x00000000   Code   RO          638    .ARM.Collect$$libshutdown$$00000009  c_t.l(libshutdown2.o)
    0x000001f4   0x00000000   Code   RO          640    .ARM.Collect$$libshutdown$$0000000B  c_t.l(libshutdown2.o)
    0x000001f4   0x00000000   Code   RO          643    .ARM.Collect$$libshutdown$$0000000E  c_t.l(libshutdown2.o)
    0x000001f4   0x00000006   Code   RO          644    .ARM.Collect$$libshutdown$$0000000F  c_t.l(libshutdown2.o)
    0x000001fa   0x00000002   PAD
    0x000001fc   0x00000000   Code   RO          399    .ARM.Collect$$rtentry$$00000000  c_t.l(rtentry.o)
    0x000001fc   0x00000000   Code   RO          464    .ARM.Collect$$rtentry$$00000002  c_t.l(rtentry2.o)
    0x000001fc   0x00000008   Code   RO          479    .ARM.Collect$$rtentry$$00000004  c_t.l(rtentry4.o)
    0x00000204   0x00000000   Code   RO          466    .ARM.Collect$$rtentry$$00000009  c_t.l(rtentry2.o)
    0x00000204   0x00000004   Code   RO          467    .ARM.Collect$$rtentry$$0000000A  c_t.l(rtentry2.o)
    0x00000208   0x00000000   Code   RO          469    .ARM.Collect$$rtentry$$0000000C  c_t.l(rtentry2.o)
    0x00000208   0x00000028   Code   RO          470    .ARM.Collect$$rtentry$$0000000D  c_t.l(rtentry2.o)
    0x00000230   0x00000004   Ven    RO          516    .ARM.Collect$$rtexit$$00000000  c_t.l(rtexit.o)
    0x00000234   0x00000004   Code   RO          516    .ARM.Collect$$rtexit$$00000000  c_t.l(rtexit.o)
    0x00000238   0x00000000   Code   RO          572    .ARM.Collect$$rtexit$$00000002  c_t.l(rtexit2.o)
    0x00000238   0x00000004   Code   RO          573    .ARM.Collect$$rtexit$$00000003  c_t.l(rtexit2.o)
    0x0000023c   0x00000008   Code   RO          574    .ARM.Collect$$rtexit$$00000004  c_t.l(rtexit2.o)
    0x00000244   0x00000020   Code   RO            4    .text               startup.o
    0x00000264   0x000010d0   Code   RO           11    .text               tasks.o
    0x00001334   0x00000114   Code   RO           74    .text               list.o
    0x00001448   0x00000194   Code   RO          107    .text               port.o
    0x000015dc   0x000001f4   Code   RO          122    .text               heap_2.o
    0x000017d0   0x000016b8   Code   RO          215    .text               main.o
    0x00002e88   0x000001c4   Code   RO          251    .text               stof.o
    0x0000304c   0x00000170   Code   RO          263    .text               ftos.o
    0x000031bc   0x000001c0   Code   RO          275    .text               lcdcmd.o
    0x0000337c   0x00000010   Code   RO          291    .text               c_t.l(aeabi_memset.o)
    0x0000338c   0x00000070   Code   RO          293    .text               c_t.l(strncpy.o)
    0x000033fc   0x00000180   Code   RO          295    .text               c_t.l(aeabi_sdiv.o)
    0x0000357c   0x00000006   Code   RO          311    .text               c_t.l(heapauxi.o)
    0x00003582   0x00000002   PAD
    0x00003584   0x00000008   Ven    RO          405    .text               c_t.l(_rserrno.o)
    0x0000358c   0x0000001a   Code   RO          405    .text               c_t.l(_rserrno.o)
    0x000035a6   0x00000002   PAD
    0x000035a8   0x00000040   Code   RO          409    .text               c_t.l(rt_memclr.o)
    0x000035e8   0x00000004   Ven    RO          486    .text               c_t.l(rt_errno_addr_intlibspace.o)
    0x000035ec   0x0000000c   Code   RO          486    .text               c_t.l(rt_errno_addr_intlibspace.o)
    0x000035f8   0x00000054   Code   RO          488    .text               c_t.l(rt_memclr_w.o)
    0x0000364c   0x0000000c   Code   RO          496    .text               c_t.l(libspace.o)
    0x00003658   0x00000060   Code   RO          499    .text               c_t.l(sys_stackheap_outer.o)
    0x000036b8   0x0000000c   Code   RO          501    .text               c_t.l(exit.o)
    0x000036c4   0x00000008   Ven    RO          569    .text               c_t.l(sys_exit.o)
    0x000036cc   0x0000000c   Code   RO          569    .text               c_t.l(sys_exit.o)
    0x000036d8   0x0000000c   Code   RO          582    .text               c_t.l(rt_fp_status_addr_intlibspace.o)
    0x000036e4   0x00000004   Code   RO          594    .text               c_t.l(use_no_semi.o)
    0x000036e8   0x00000000   Code   RO          596    .text               c_t.l(indicate_semi.o)
    0x000036e8   0x00000184   Code   RO          137    PORT_ASM            portasm.o
    0x0000386c   0x00000030   Code   RO          447    i.__ARM_fpclassify  m_ts.l(fpclassify.o)
    0x0000389c   0x000004f0   Code   RO          452    i.__ieee754_rem_pio2  m_ts.l(rred.o)
    0x00003d8c   0x0000019c   Code   RO          442    i.__kernel_cos      m_ts.l(cos_i.o)
    0x00003f28   0x00000100   Code   RO          449    i.__kernel_poly     m_ts.l(poly.o)
    0x00004028   0x00000180   Code   RO          457    i.__kernel_sin      m_ts.l(sin_i.o)
    0x000041a8   0x00000014   Code   RO          445    i.__mathlib_dbl_underflow  m_ts.l(dunder.o)
    0x000041bc   0x00000358   Code   RO          433    i.atan              m_ts.l(atan.o)
    0x00004514   0x00000258   Code   RO          358    i.atan2             m_ts.l(atan2.o)
    0x0000476c   0x000000fc   Code   RO          366    i.cos               m_ts.l(cos.o)
    0x00004868   0x00000ef8   Code   RO          374    i.pow               m_ts.l(pow.o)
    0x00005760   0x00000104   Code   RO          384    i.sin               m_ts.l(sin.o)
    0x00005864   0x00000070   Code   RO          392    i.sqrt              m_ts.l(sqrt.o)
    0x000058d4   0x0000006c   Code   RO          315    x$fpl$d2f           fz_ts.l(d2f.o)
    0x00005940   0x00000154   Code   RO          317    x$fpl$dadd          fz_ts.l(daddsub_noclz.o)
    0x00005a94   0x00000010   Code   RO          490    x$fpl$dcheck1       fz_ts.l(dcheck1.o)
    0x00005aa4   0x0000001c   Code   RO          411    x$fpl$dcmpinf       fz_ts.l(dcmpi.o)
    0x00005ac0   0x000002e0   Code   RO          324    x$fpl$ddiv          fz_ts.l(ddiv.o)
    0x00005da0   0x00000070   Code   RO          492    x$fpl$dfix          fz_ts.l(dfix.o)
    0x00005e10   0x00000058   Code   RO          328    x$fpl$dflt          fz_ts.l(dflt_noclz.o)
    0x00005e68   0x0000000c   Code   RO          327    x$fpl$dfltu         fz_ts.l(dflt_noclz.o)
    0x00005e74   0x00000094   Code   RO          331    x$fpl$dleqf         fz_ts.l(dleqf.o)
    0x00005f08   0x00000180   Code   RO          333    x$fpl$dmul          fz_ts.l(dmul.o)
    0x00006088   0x000000c0   Code   RO          413    x$fpl$dnaninf       fz_ts.l(dnaninf.o)
    0x00006148   0x00000010   Code   RO          415    x$fpl$dretinf       fz_ts.l(dretinf.o)
    0x00006158   0x0000008c   Code   RO          417    x$fpl$drleqf        fz_ts.l(drleqf.o)
    0x000061e4   0x00000018   Code   RO          318    x$fpl$drsb          fz_ts.l(daddsub_noclz.o)
    0x000061fc   0x00000208   Code   RO          419    x$fpl$dsqrt         fz_ts.l(dsqrt_noumaal.o)
    0x00006404   0x00000244   Code   RO          319    x$fpl$dsub          fz_ts.l(daddsub_noclz.o)
    0x00006648   0x00000064   Code   RO          335    x$fpl$f2d           fz_ts.l(f2d.o)
    0x000066ac   0x000000c4   Code   RO          337    x$fpl$fadd          fz_ts.l(faddsub_noclz.o)
    0x00006770   0x0000001c   Code   RO          421    x$fpl$fcmpinf       fz_ts.l(fcmpi.o)
    0x0000678c   0x00000084   Code   RO          343    x$fpl$feqf          fz_ts.l(feqf.o)
    0x00006810   0x00000044   Code   RO          345    x$fpl$ffix          fz_ts.l(ffix.o)
    0x00006854   0x0000005c   Code   RO          350    x$fpl$fflt          fz_ts.l(fflt_noclz.o)
    0x000068b0   0x00000084   Code   RO          423    x$fpl$fleqf         fz_ts.l(fleqf.o)
    0x00006934   0x00000100   Code   RO          353    x$fpl$fmul          fz_ts.l(fmul.o)
    0x00006a34   0x000000a8   Code   RO          425    x$fpl$fnaninf       fz_ts.l(fnaninf.o)
    0x00006adc   0x00000004   Ven    RO          565    x$fpl$fpinit        fz_ts.l(fpinit.o)
    0x00006ae0   0x00000018   Code   RO          565    x$fpl$fpinit        fz_ts.l(fpinit.o)
    0x00006af8   0x00000010   Code   RO          427    x$fpl$fretinf       fz_ts.l(fretinf.o)
    0x00006b08   0x0000007c   Code   RO          355    x$fpl$frleqf        fz_ts.l(frleqf.o)
    0x00006b84   0x00000014   Code   RO          338    x$fpl$frsb          fz_ts.l(faddsub_noclz.o)
    0x00006b98   0x00000130   Code   RO          339    x$fpl$fsub          fz_ts.l(faddsub_noclz.o)
    0x00006cc8   0x00000074   Code   RO          514    x$fpl$retnan        fz_ts.l(retnan.o)
    0x00006d3c   0x0000006c   Code   RO          429    x$fpl$scalbn        fz_ts.l(scalbn.o)
    0x00006da8   0x0000003c   Code   RO          567    x$fpl$trapveneer    fz_ts.l(trapv.o)
    0x00006de4   0x00000000   Code   RO          431    x$fpl$usenofp       fz_ts.l(usenofp.o)
    0x00006de4   0x00000004   PAD
    0x00006de8   0x00000088   Data   RO          375    .constdata          m_ts.l(pow.o)
    0x00006e70   0x00000098   Data   RO          434    .constdata          m_ts.l(atan.o)
    0x00006f08   0x00000030   Data   RO          443    .constdata          m_ts.l(cos_i.o)
    0x00006f38   0x00000008   Data   RO          451    .constdata          m_ts.l(qnan.o)
    0x00006f40   0x000000c8   Data   RO          454    .constdata          m_ts.l(rred.o)
    0x00007008   0x00000028   Data   RO          458    .constdata          m_ts.l(sin_i.o)
    0x00007030   0x00000020   Data   RO          645    Region$$Table       anon$$obj.o


    Execution Region RW_IRAM1 (Base: 0x40000000, Size: 0x00003d58, Max: 0x00004000, ABSOLUTE, COMPRESSED[0x000000b0])

    Base Addr    Size         Type   Attr      Idx    E Section Name        Object

    0x40000000   0x0000003c   Data   RW           13    .data               tasks.o
    0x4000003c   0x00000004   Data   RW          108    .data               port.o
    0x40000040   0x00000018   Data   RW          124    .data               heap_2.o
    0x40000058   0x00000170   Data   RW          218    .data               main.o
    0x400001c8   0x000000dc   Zero   RW           12    .bss                tasks.o
    0x400002a4   0x00000004   PAD
    0x400002a8   0x00003400   Zero   RW          123    .bss                heap_2.o
    0x400036a8   0x0000002d   Zero   RW          216    .bss                main.o
    0x400036d5   0x00000003   PAD
    0x400036d8   0x00000060   Zero   RW          497    .bss                c_t.l(libspace.o)
    0x40003738   0x00000000   Zero   RW            2    HEAP                startup.o
    0x40003738   0x00000620   Zero   RW            1    STACK               startup.o


==============================================================================

Image component sizes


      Code (inc. data)   RO Data    RW Data    ZI Data      Debug   Object Name

       368          4          0          0          0        767   ftos.o
       500         20          0         24      13312       3440   heap_2.o
       448         16          0          0          0       1142   lcdcmd.o
       276          0          0          0          0       2965   list.o
      5816        332          0        368         45       8569   main.o
       404         28          0          4          0       1755   port.o
       388         24          0          0          0        320   portasm.o
       288         60          0          0       1568        524   startup.o
       452          4          0          0          0        791   stof.o
      4304         96          0         60        220      18746   tasks.o

    ----------------------------------------------------------------------
     13244        584         32        456      15152      39019   Object Totals
         0          0         32          0          0          0   (incl. Generated)
         0          0          0          0          7          0   (incl. Padding)

    ----------------------------------------------------------------------

      Code (inc. data)   RO Data    RW Data    ZI Data      Debug   Library Member Name

        92          0          0          0          0          0   __dczerorl2.o
         8          0          0          0          0         68   __main.o
        60          8          0          0          0          0   __scatter.o
        44          0          0          0          0          0   __scatter_zi.o
        34          0          0          0          0        104   _rserrno.o
        16          0          0          0          0         68   aeabi_memset.o
       384          0          0          0          0         80   aeabi_sdiv.o
        12          0          0          0          0         64   exit.o
         6          0          0          0          0        136   heapauxi.o
         0          0          0          0          0          0   indicate_semi.o
        14          0          0          0          0          0   libinit.o
        12          0          0          0          0          0   libinit2.o
        12          0          0          0          0          0   libshutdown.o
         6          0          0          0          0          0   libshutdown2.o
        12          4          0          0         96         68   libspace.o
        16          4          0          0          0         68   rt_errno_addr_intlibspace.o
        12          4          0          0          0         68   rt_fp_status_addr_intlibspace.o
        64          0          0          0          0         68   rt_memclr.o
        84          0          0          0          0         80   rt_memclr_w.o
         0          0          0          0          0          0   rtentry.o
        44          4          0          0          0          0   rtentry2.o
         8          0          0          0          0          0   rtentry4.o
         8          0          0          0          0          0   rtexit.o
        12          0          0          0          0          0   rtexit2.o
       112          4          0          0          0         84   strncpy.o
        20          4          0          0          0         60   sys_exit.o
        96          0          0          0          0         80   sys_stackheap_outer.o
         4          0          0          0          0         68   use_no_semi.o
       108          4          0          0          0         92   d2f.o
       944         16          0          0          0        372   daddsub_noclz.o
        16          4          0          0          0         68   dcheck1.o
        28          0          0          0          0         68   dcmpi.o
       736        140          0          0          0        232   ddiv.o
       112          4          0          0          0         92   dfix.o
       100          0          0          0          0        136   dflt_noclz.o
       148          4          0          0          0         92   dleqf.o
       384         16          0          0          0        124   dmul.o
       192          0          0          0          0        108   dnaninf.o
        16          0          0          0          0         68   dretinf.o
       140          0          0          0          0         80   drleqf.o
       520         56          0          0          0        144   dsqrt_noumaal.o
       100          4          0          0          0         84   f2d.o
       520          8          0          0          0        236   faddsub_noclz.o
        28          0          0          0          0         68   fcmpi.o
       132          4          0          0          0         84   feqf.o
        68          4          0          0          0         84   ffix.o
        92          0          0          0          0         68   fflt_noclz.o
       132          4          0          0          0         84   fleqf.o
       256          4          0          0          0         84   fmul.o
       168          0          0          0          0        100   fnaninf.o
        28          0          0          0          0         80   fpinit.o
        16          0          0          0          0         68   fretinf.o
       124          0          0          0          0         68   frleqf.o
       116          0          0          0          0         68   retnan.o
       108          0          0          0          0         68   scalbn.o
        60          0          0          0          0         68   trapv.o
         0          0          0          0          0          0   usenofp.o
       856         28        152          0          0        204   atan.o
       600         32          0          0          0        308   atan2.o
       252          4          0          0          0        132   cos.o
       412          8         48          0          0        156   cos_i.o
        20          0          0          0          0         68   dunder.o
        48          0          0          0          0         68   fpclassify.o
       256          0          0          0          0        116   poly.o
      3832        100        136          0          0        296   pow.o
         0          0          8          0          0          0   qnan.o
      1264         64        200          0          0        124   rred.o
       260          4          0          0          0        136   sin.o
       384         12         40          0          0        160   sin_i.o
       112          0          0          0          0        100   sqrt.o

    ----------------------------------------------------------------------
     14892        556        584          0         96       6020   Library Totals
        12          0          0          0          0          0   (incl. Padding)

    ----------------------------------------------------------------------

      Code (inc. data)   RO Data    RW Data    ZI Data      Debug   Library Name

      1192         32          0          0         96       1164   c_t.l
      5392        272          0          0          0       2988   fz_ts.l
      8296        252        584          0          0       1868   m_ts.l

    ----------------------------------------------------------------------
     14892        556        584          0         96       6020   Library Totals

    ----------------------------------------------------------------------

==============================================================================


      Code (inc. data)   RO Data    RW Data    ZI Data      Debug   

     28136       1140        616        456      15248      41267   Grand Totals
     28136       1140        616        176      15248      41267   ELF Image Totals (compressed)
     28136       1140        616        176          0          0   ROM Totals

==============================================================================

    Total RO  Size (Code + RO Data)                28752 (  28.08kB)
    Total RW  Size (RW Data + ZI Data)             15704 (  15.34kB)
    Total ROM Size (Code + RO Data + RW Data)      28928 (  28.25kB)

==============================================================================

