<html>
<body>
<pre>
<h1>µVision Build Log</h1>
<h2>Project:</h2>
C:\Documents and Settings\RND\Desktop\FreeRTOSV7.1.0\Demo\ARM7_LPC2129_Keil_RVDS\RTOSDemo.uvproj
Project File Date:  05/28/2012

<h2>Output:</h2>
Build target 'RTOSDemo_ARM'
compiling ParTest.c...
compiling main.c...
main.c(542): warning:  #177-D: function "vErrorChecks" was declared but never referenced
compiling serial.c...
assembling serialISR.s...
assembling Startup.s...
compiling tasks.c...
compiling list.c...
compiling queue.c...
compiling port.c...
compiling heap_2.c...
assembling portASM.s...
compiling flash.c...
compiling comtest.c...
compiling BlockQ.c...
compiling dynamic.c...
compiling PollQ.c...
compiling semtest.c...
linking...
RTOSDemo.axf: Error: L6218E: Undefined symbol actuator (referred from main.o).
RTOSDemo.axf: Error: L6218E: Undefined symbol adc_main (referred from main.o).
RTOSDemo.axf: Error: L6218E: Undefined symbol keypad_fun (referred from main.o).
RTOSDemo.axf: Error: L6218E: Undefined symbol lcd_init (referred from main.o).
RTOSDemo.axf: Error: L6218E: Undefined symbol output (referred from main.o).
RTOSDemo.axf: Error: L6218E: Undefined symbol result_display (referred from main.o).
RTOSDemo.axf: Error: L6218E: Undefined symbol settings (referred from main.o).
Target not created
Build target 'RTOSDemo_ARM'
compiling ParTest.c...
compiling serial.c...
assembling serialISR.s...
assembling Startup.s...
compiling tasks.c...
compiling list.c...
compiling queue.c...
compiling port.c...
compiling heap_2.c...
assembling portASM.s...
compiling flash.c...
compiling comtest.c...
compiling BlockQ.c...
compiling dynamic.c...
compiling PollQ.c...
compiling semtest.c...
compiling key_final.c...
compiling settings.c...
compiling drivers.c...
compiling 4lcd.c...
compiling 4bitlcd.c...
4bitlcd.c(62): warning:  #1-D: last line of file ends without a newline
compiling main.c...
main.c(542): warning:  #177-D: function "vErrorChecks" was declared but never referenced
linking...
Program Size: Code=24428 RO-data=32 RW-data=856 ZI-data=15376  
FromELF: creating hex file...
"RTOSDemo.axf" - 0 Error(s), 2 Warning(s).
Build target 'RTOSDemo_ARM'
compiling ParTest.c...
compiling serial.c...
assembling serialISR.s...
assembling Startup.s...
compiling tasks.c...
compiling list.c...
compiling queue.c...
compiling port.c...
compiling heap_2.c...
assembling portASM.s...
compiling flash.c...
compiling comtest.c...
compiling BlockQ.c...
compiling dynamic.c...
compiling PollQ.c...
compiling semtest.c...
compiling key_final.c...
compiling settings.c...
compiling drivers.c...
compiling 4lcd.c...
compiling 4bitlcd.c...
4bitlcd.c(62): warning:  #1-D: last line of file ends without a newline
compiling main.c...
main.c(542): warning:  #177-D: function "vErrorChecks" was declared but never referenced
linking...
Program Size: Code=24428 RO-data=32 RW-data=856 ZI-data=15376  
FromELF: creating hex file...
"GreenHouse_RTOS.axf" - 0 Error(s), 2 Warning(s).
Build target 'RTOSDemo_ARM'
compiling ParTest.c...
compiling serial.c...
assembling serialISR.s...
assembling Startup.s...
compiling tasks.c...
compiling list.c...
compiling queue.c...
compiling port.c...
compiling heap_2.c...
assembling portASM.s...
compiling flash.c...
compiling comtest.c...
compiling BlockQ.c...
compiling dynamic.c...
compiling PollQ.c...
compiling semtest.c...
compiling key_final.c...
compiling settings.c...
compiling drivers.c...
compiling 4lcd.c...
compiling 4bitlcd.c...
4bitlcd.c(62): warning:  #1-D: last line of file ends without a newline
compiling main.c...
main.c(542): warning:  #177-D: function "vErrorChecks" was declared but never referenced
linking...
Program Size: Code=24428 RO-data=32 RW-data=856 ZI-data=15376  
FromELF: creating hex file...
"GreenHouse_RTOS.axf" - 0 Error(s), 2 Warning(s).
Build target 'RTOSDemo_ARM'
compiling ParTest.c...
compiling serial.c...
assembling serialISR.s...
assembling Startup.s...
compiling tasks.c...
compiling list.c...
compiling queue.c...
compiling port.c...
compiling heap_2.c...
assembling portASM.s...
compiling flash.c...
compiling comtest.c...
compiling BlockQ.c...
compiling dynamic.c...
compiling PollQ.c...
compiling semtest.c...
compiling key_final.c...
compiling settings.c...
compiling drivers.c...
compiling 4lcd.c...
compiling 4bitlcd.c...
4bitlcd.c(62): warning:  #1-D: last line of file ends without a newline
compiling main.c...
main.c(542): warning:  #177-D: function "vErrorChecks" was declared but never referenced
linking...
Program Size: Code=24428 RO-data=32 RW-data=856 ZI-data=15376  
FromELF: creating hex file...
"GreenHouse_RTOS.axf" - 0 Error(s), 2 Warning(s).
Build target 'RTOSDemo_ARM'
compiling ParTest.c...
compiling serial.c...
assembling serialISR.s...
assembling Startup.s...
compiling tasks.c...
compiling list.c...
compiling queue.c...
compiling port.c...
compiling heap_2.c...
assembling portASM.s...
compiling flash.c...
compiling comtest.c...
compiling BlockQ.c...
compiling dynamic.c...
compiling PollQ.c...
compiling semtest.c...
compiling key_final.c...
compiling settings.c...
compiling drivers.c...
compiling 4lcd.c...
compiling 4bitlcd.c...
4bitlcd.c(62): warning:  #1-D: last line of file ends without a newline
compiling main.c...
main.c(542): warning:  #177-D: function "vErrorChecks" was declared but never referenced
linking...
Program Size: Code=24420 RO-data=32 RW-data=856 ZI-data=15376  
FromELF: creating hex file...
"GreenHouse_RTOS.axf" - 0 Error(s), 2 Warning(s).
Build target 'RTOSDemo_ARM'
compiling ParTest.c...
compiling serial.c...
assembling serialISR.s...
assembling Startup.s...
compiling tasks.c...
compiling list.c...
compiling queue.c...
compiling port.c...
compiling heap_2.c...
assembling portASM.s...
compiling flash.c...
compiling comtest.c...
compiling BlockQ.c...
compiling dynamic.c...
compiling PollQ.c...
compiling semtest.c...
compiling key_final.c...
compiling settings.c...
compiling drivers.c...
compiling 4lcd.c...
compiling 4bitlcd.c...
4bitlcd.c(62): warning:  #1-D: last line of file ends without a newline
compiling main.c...
main.c(542): warning:  #177-D: function "vErrorChecks" was declared but never referenced
linking...
Program Size: Code=24416 RO-data=32 RW-data=856 ZI-data=15376  
FromELF: creating hex file...
"GreenHouse_RTOS.axf" - 0 Error(s), 2 Warning(s).
Build target 'RTOSDemo_ARM'
compiling ParTest.c...
compiling serial.c...
assembling serialISR.s...
assembling Startup.s...
compiling tasks.c...
compiling list.c...
compiling queue.c...
compiling port.c...
compiling heap_2.c...
assembling portASM.s...
compiling flash.c...
compiling comtest.c...
compiling BlockQ.c...
compiling dynamic.c...
compiling PollQ.c...
compiling semtest.c...
compiling key_final.c...
compiling settings.c...
compiling drivers.c...
compiling 4lcd.c...
compiling 4bitlcd.c...
4bitlcd.c(62): warning:  #1-D: last line of file ends without a newline
compiling main.c...
main.c(542): warning:  #177-D: function "vErrorChecks" was declared but never referenced
linking...
Program Size: Code=24428 RO-data=32 RW-data=856 ZI-data=15376  
FromELF: creating hex file...
"GreenHouse_RTOS.axf" - 0 Error(s), 2 Warning(s).
Build target 'RTOSDemo_ARM'
compiling ParTest.c...
compiling serial.c...
assembling serialISR.s...
assembling Startup.s...
compiling tasks.c...
compiling list.c...
compiling queue.c...
compiling port.c...
compiling heap_2.c...
assembling portASM.s...
compiling flash.c...
compiling comtest.c...
compiling BlockQ.c...
compiling dynamic.c...
compiling PollQ.c...
compiling semtest.c...
compiling key_final.c...
compiling settings.c...
compiling drivers.c...
compiling 4lcd.c...
compiling 4bitlcd.c...
4bitlcd.c(62): warning:  #1-D: last line of file ends without a newline
compiling main.c...
main.c(542): warning:  #177-D: function "vErrorChecks" was declared but never referenced
linking...
Program Size: Code=24428 RO-data=32 RW-data=856 ZI-data=15376  
FromELF: creating hex file...
"GreenHouse_RTOS.axf" - 0 Error(s), 2 Warning(s).
Build target 'RTOSDemo_ARM'
compiling ParTest.c...
compiling serial.c...
assembling serialISR.s...
assembling Startup.s...
compiling tasks.c...
compiling list.c...
compiling queue.c...
compiling port.c...
compiling heap_2.c...
assembling portASM.s...
compiling flash.c...
compiling comtest.c...
compiling BlockQ.c...
compiling dynamic.c...
compiling PollQ.c...
compiling semtest.c...
compiling key_final.c...
compiling settings.c...
compiling drivers.c...
compiling 4lcd.c...
compiling 4bitlcd.c...
4bitlcd.c(62): warning:  #1-D: last line of file ends without a newline
compiling main.c...
main.c(542): warning:  #177-D: function "vErrorChecks" was declared but never referenced
linking...
Program Size: Code=24428 RO-data=32 RW-data=856 ZI-data=15376  
FromELF: creating hex file...
"GreenHouse_RTOS.axf" - 0 Error(s), 2 Warning(s).
